[02:12:01] phase 0: smoke test (WM load + tiny eval)
[02:12:10] phase 1: data + caches
[02:20:23] collected 1000 episodes
[02:20:28] h5 built
[02:23:20] fs1 cache built
[02:23:25] fs5 cache built
[02:23:25] phase 2: latent+CEM baselines + random floor
[02:23:36] eval latent_h25_s42: FAILED (no success_rate; see /workspace/logs/eval_latent_h25_s42.log)
[02:23:36] FATAL: canary eval failed: /workspace/logs/eval_latent_h25_s42.log
[02:44:41] phase 0: smoke test (WM load + tiny eval)
[02:44:41] phase 1: data + caches
[02:44:41] phase 2: latent+CEM baselines + random floor
[02:45:45] eval latent_h25_s42: 88.0
[02:45:45] eval latent_h25_s42: cached (88.0)
[02:47:26] eval latent_h50_s42: 68.0
[02:51:12] eval latent_h25_s43: 86.0
[02:51:53] eval latent_h50_s43: 54.0
[02:55:21] eval latent_h25_s44: 88.0
[02:55:57] eval latent_h50_s44: 62.0
[02:57:49] eval random_h25_s42: 22.0
[02:58:04] eval random_h50_s42: 14.000000000000002
[02:59:30] eval random_h25_s43: 32.0
[02:59:53] eval random_h50_s43: 4.0
[03:01:59] eval random_h25_s44: 30.0
[03:02:18] eval random_h50_s44: 14.000000000000002
[03:02:18] phase 3: offline TD sweep (train on fs1 cache, CEM-eval on h25 s42)
[03:17:54] phase 0: smoke test (WM load + tiny eval)
[03:17:54] phase 1: data + caches
[03:17:54] phase 2: latent+CEM baselines + random floor (both surfaces)
[03:17:54] eval latent_std_h25_s42: cached (88.0)
[03:18:56] eval latent_hard_h25_s42: 78.0
[03:18:56] eval latent_hard_h25_s42: cached (78.0)
[03:19:58] eval latent_hard_h25_s43: 78.0
[03:22:19] eval latent_hard_h25_s44: 86.0
[03:22:56] eval latent_hard_h50_s42: 56.00000000000001
[03:27:51] eval latent_hard_h50_s43: 57.99999999999999
[03:27:54] eval latent_hard_h50_s44: 70.0
[03:27:54] eval latent_std_h25_s42: cached (88.0)
[03:27:54] eval latent_std_h25_s43: cached (86.0)
[03:27:54] eval latent_std_h50_s42: cached (68.0)
[03:27:55] eval latent_std_h25_s44: cached (88.0)
[03:27:55] eval latent_std_h50_s43: cached (54.0)
[03:27:55] eval latent_std_h50_s44: cached (62.0)
[03:29:49] eval random_hard_h25_s43: 18.0
[03:29:51] eval random_hard_h25_s42: 8.0
[03:31:52] eval random_hard_h25_s44: 14.000000000000002
[03:32:09] eval random_hard_h50_s42: 4.0
[03:36:20] eval random_hard_h50_s43: 0.0
[03:36:23] eval random_hard_h50_s44: 2.0
[03:36:23] eval random_std_h25_s43: cached (32.0)
[03:36:23] eval random_std_h25_s42: cached (22.0)
[03:36:23] eval random_std_h50_s42: cached (14.000000000000002)
[03:36:24] eval random_std_h25_s44: cached (30.0)
[03:36:24] eval random_std_h50_s44: cached (14.000000000000002)
[03:36:25] eval random_std_h50_s43: cached (4.0)
[03:36:25] phase 3: offline TD sweep (train on fs1 cache, CEM-eval on HARD h25 s42)
[04:01:17] TD sweep trained
[04:03:09] eval tdcem_e0.03_n25_hard_h25_s42: 100.0
[04:03:11] eval tdcem_e0.03_n5_hard_h25_s42: 100.0
[04:05:23] eval tdcem_e0.03_n50_hard_h25_s42: 100.0
[04:05:23] eval tdcem_e0.1_n5_hard_h25_s42: 100.0
[04:07:02] eval tdcem_e0.1_n50_hard_h25_s42: 100.0
[04:07:08] eval tdcem_e0.1_n25_hard_h25_s42: 100.0
[04:08:45] eval tdcem_e0.3_n5_hard_h25_s42: 100.0
[04:08:47] eval tdcem_e0.3_n25_hard_h25_s42: 100.0
[04:09:44] eval tdcem_e0.3_n50_hard_h25_s42: 100.0
[04:09:44] TD winner: tdcem_e0.3_n5_hard_h25_s42,100.0 -> /workspace/metrics/td_e0.3_n5.pt
[04:09:44] phase 3b: confirm TD winner on all cells
[04:11:47] eval tdwin_td_e0.3_n5_hard_h25_s42: 100.0
[04:11:50] eval tdwin_td_e0.3_n5_hard_h25_s43: 100.0
[04:13:49] eval tdwin_td_e0.3_n5_hard_h25_s44: 100.0
[04:13:58] eval tdwin_td_e0.3_n5_hard_h50_s42: 100.0
[04:44:36] phase 0: smoke test (WM load + tiny eval)
[04:44:36] phase 1: data + caches
[04:44:36] phase 2: latent+CEM baselines + random floor (both surfaces)
[04:44:36] eval latent_std_h25_s42: cached (88.0)
[04:44:36] eval latent_hard_h25_s42: cached (78.0)
[04:44:36] eval latent_hard_h25_s43: cached (78.0)
[04:44:36] eval latent_hard_h25_s42: cached (78.0)
[04:44:36] eval latent_hard_h50_s42: cached (56.00000000000001)
[04:44:37] eval latent_hard_h25_s44: cached (86.0)
[04:44:37] eval latent_hard_h50_s44: cached (70.0)
[04:44:37] eval latent_hard_h50_s43: cached (57.99999999999999)
[04:44:37] eval latent_std_h25_s43: cached (86.0)
[04:44:37] eval latent_std_h25_s42: cached (88.0)
[04:44:37] eval latent_std_h50_s42: cached (68.0)
[04:44:38] eval latent_std_h25_s44: cached (88.0)
[04:44:38] eval latent_std_h50_s44: cached (62.0)
[04:44:38] eval latent_std_h50_s43: cached (54.0)
[04:44:38] eval random_hard_h25_s43: cached (18.0)
[04:44:38] eval random_hard_h25_s42: cached (8.0)
[04:44:38] eval random_hard_h50_s42: cached (4.0)
[04:44:39] eval random_hard_h25_s44: cached (14.000000000000002)
[04:44:39] eval random_hard_h50_s43: cached (0.0)
[04:44:40] eval random_hard_h50_s44: cached (2.0)
[04:44:40] eval random_std_h25_s42: cached (22.0)
[04:44:40] eval random_std_h25_s43: cached (32.0)
[04:44:40] eval random_std_h50_s42: cached (14.000000000000002)
[04:44:41] eval random_std_h25_s44: cached (30.0)
[04:44:41] eval random_std_h50_s44: cached (14.000000000000002)
[04:44:41] eval random_std_h50_s43: cached (4.0)
[04:44:41] phase 3: offline TD sweep (train on fs1 cache, CEM-eval on HARD h25 s42)
[04:44:41] TD sweep trained
[04:44:41] eval tdcem_e0.03_n5_hard_h25_s42: cached (100.0)
[04:44:42] eval tdcem_e0.03_n25_hard_h25_s42: cached (100.0)
[04:44:42] eval tdcem_e0.1_n5_hard_h25_s42: cached (100.0)
[04:44:42] eval tdcem_e0.03_n50_hard_h25_s42: cached (100.0)
[04:44:43] eval tdcem_e0.1_n25_hard_h25_s42: cached (100.0)
[04:44:43] eval tdcem_e0.1_n50_hard_h25_s42: cached (100.0)
[04:44:43] eval tdcem_e0.3_n5_hard_h25_s42: cached (100.0)
[04:44:43] eval tdcem_e0.3_n25_hard_h25_s42: cached (100.0)
[04:44:43] eval tdcem_e0.3_n50_hard_h25_s42: cached (100.0)
[04:47:21] eval tdcem_e0.03_n25_hard_h50_s42: 100.0
[04:47:29] eval tdcem_e0.03_n5_hard_h50_s42: 98.0
[04:51:50] eval tdcem_e0.03_n50_hard_h50_s42: 100.0
[04:51:55] eval tdcem_e0.1_n5_hard_h50_s42: 98.0
[04:55:37] eval tdcem_e0.1_n25_hard_h50_s42: 100.0
[04:55:47] eval tdcem_e0.1_n50_hard_h50_s42: 100.0
[04:58:55] eval tdcem_e0.3_n25_hard_h50_s42: 100.0
[04:58:59] eval tdcem_e0.3_n5_hard_h50_s42: 100.0
[05:00:12] eval tdcem_e0.3_n50_hard_h50_s42: 100.0
[05:00:12] TD winner: td_e0.03_n50 (h25+h50 hard s42 = 200)
[05:00:12] phase 3b: confirm TD winner on all cells
[05:02:32] eval tdwin_td_e0.03_n50_hard_h25_s42: 100.0
[05:02:33] eval tdwin_td_e0.03_n50_hard_h25_s43: 98.0
[05:05:01] eval tdwin_td_e0.03_n50_hard_h25_s44: 100.0
[05:05:22] eval tdwin_td_e0.03_n50_hard_h50_s42: 100.0
[05:08:52] eval tdwin_td_e0.03_n50_hard_h50_s44: 100.0
[05:08:54] eval tdwin_td_e0.03_n50_hard_h50_s43: 100.0
[05:10:41] eval tdwin_td_e0.03_n50_std_h25_s43: 100.0
[05:10:44] eval tdwin_td_e0.03_n50_std_h25_s42: 100.0
[05:12:36] eval tdwin_td_e0.03_n50_std_h25_s44: 100.0
[05:12:45] eval tdwin_td_e0.03_n50_std_h50_s42: 100.0
[05:15:36] eval tdwin_td_e0.03_n50_std_h50_s43: 100.0
[05:15:42] eval tdwin_td_e0.03_n50_std_h50_s44: 100.0
[05:15:42] phase 4: LIP sweep against frozen TD winner
[07:12:14] LIP sweep trained
[07:14:57] eval lip_k4_lr3e-4_st4000_hard_h25_s42: 100.0
[07:15:04] eval lip_k4_lr1e-3_st4000_hard_h25_s42: 88.0
[07:17:51] eval lip_k8_lr3e-4_st8000_hard_h25_s42: 100.0
[07:17:57] eval lip_k8_lr1e-3_st4000_hard_h25_s42: 8.0
[07:22:58] eval lip_k4_lr1e-3_st4000_hard_h50_s42: 84.0
[07:23:01] eval lip_k4_lr3e-4_st4000_hard_h50_s42: 96.0
[07:27:19] eval lip_k8_lr3e-4_st8000_hard_h50_s42: 100.0
[07:27:35] eval lip_k8_lr1e-3_st4000_hard_h50_s42: 8.0
[07:27:35] LIP winner: lip_k8_lr3e-4_st8000 (h25+h50 hard s42 = 200)
[07:27:35] phase 4b: confirm LIP winner on all cells
[07:30:04] eval lipwin_k8_lr3e-4_st8000_hard_h25_s42: 100.0
[07:30:06] eval lipwin_k8_lr3e-4_st8000_hard_h25_s43: 100.0
[07:33:08] eval lipwin_k8_lr3e-4_st8000_hard_h25_s44: 100.0
[07:33:16] eval lipwin_k8_lr3e-4_st8000_hard_h50_s42: 100.0
[07:37:40] eval lipwin_k8_lr3e-4_st8000_hard_h50_s44: 98.0
[07:37:42] eval lipwin_k8_lr3e-4_st8000_hard_h50_s43: 94.0
[07:39:46] eval lipwin_k8_lr3e-4_st8000_std_h25_s43: 100.0
[07:39:49] eval lipwin_k8_lr3e-4_st8000_std_h25_s42: 100.0
[07:41:53] eval lipwin_k8_lr3e-4_st8000_std_h25_s44: 100.0
[07:42:10] eval lipwin_k8_lr3e-4_st8000_std_h50_s42: 98.0
[07:45:44] eval lipwin_k8_lr3e-4_st8000_std_h50_s43: 100.0
[07:45:50] eval lipwin_k8_lr3e-4_st8000_std_h50_s44: 98.0
[07:45:50] ALL DONE
==== FINAL SUMMARY ====
latent_hard_h25_s42,78.0
latent_hard_h25_s43,78.0
latent_hard_h25_s44,86.0
latent_hard_h50_s42,56.00000000000001
latent_hard_h50_s43,57.99999999999999
latent_hard_h50_s44,70.0
latent_std_h25_s42,88.0
latent_std_h25_s43,86.0
latent_std_h25_s44,88.0
latent_std_h50_s42,68.0
latent_std_h50_s43,54.0
latent_std_h50_s44,62.0
lip_k4_lr1e-3_st4000_hard_h25_s42,88.0
lip_k4_lr1e-3_st4000_hard_h50_s42,84.0
lip_k4_lr3e-4_st4000_hard_h25_s42,100.0
lip_k4_lr3e-4_st4000_hard_h50_s42,96.0
lip_k8_lr1e-3_st4000_hard_h25_s42,8.0
lip_k8_lr1e-3_st4000_hard_h50_s42,8.0
lip_k8_lr3e-4_st8000_hard_h25_s42,100.0
lip_k8_lr3e-4_st8000_hard_h50_s42,100.0
lipwin_k8_lr3e-4_st8000_hard_h25_s42,100.0
lipwin_k8_lr3e-4_st8000_hard_h25_s43,100.0
lipwin_k8_lr3e-4_st8000_hard_h25_s44,100.0
lipwin_k8_lr3e-4_st8000_hard_h50_s42,100.0
lipwin_k8_lr3e-4_st8000_hard_h50_s43,94.0
lipwin_k8_lr3e-4_st8000_hard_h50_s44,98.0
lipwin_k8_lr3e-4_st8000_std_h25_s42,100.0
lipwin_k8_lr3e-4_st8000_std_h25_s43,100.0
lipwin_k8_lr3e-4_st8000_std_h25_s44,100.0
lipwin_k8_lr3e-4_st8000_std_h50_s42,98.0
lipwin_k8_lr3e-4_st8000_std_h50_s43,100.0
lipwin_k8_lr3e-4_st8000_std_h50_s44,98.0
random_hard_h25_s42,8.0
random_hard_h25_s43,18.0
random_hard_h25_s44,14.000000000000002
random_hard_h50_s42,4.0
random_hard_h50_s43,0.0
random_hard_h50_s44,2.0
random_std_h25_s42,22.0
random_std_h25_s43,32.0
random_std_h25_s44,30.0
random_std_h50_s42,14.000000000000002
random_std_h50_s43,4.0
random_std_h50_s44,14.000000000000002
smoke,ok
tdcem_e0.03_n25_hard_h25_s42,100.0
tdcem_e0.03_n25_hard_h50_s42,100.0
tdcem_e0.03_n50_hard_h25_s42,100.0
tdcem_e0.03_n50_hard_h50_s42,100.0
tdcem_e0.03_n5_hard_h25_s42,100.0
tdcem_e0.03_n5_hard_h50_s42,98.0
tdcem_e0.1_n25_hard_h25_s42,100.0
tdcem_e0.1_n25_hard_h50_s42,100.0
tdcem_e0.1_n50_hard_h25_s42,100.0
tdcem_e0.1_n50_hard_h50_s42,100.0
tdcem_e0.1_n5_hard_h25_s42,100.0
tdcem_e0.1_n5_hard_h50_s42,98.0
tdcem_e0.3_n25_hard_h25_s42,100.0
tdcem_e0.3_n25_hard_h50_s42,100.0
tdcem_e0.3_n50_hard_h25_s42,100.0
tdcem_e0.3_n50_hard_h50_s42,100.0
tdcem_e0.3_n5_hard_h25_s42,100.0
tdcem_e0.3_n5_hard_h50_s42,100.0
tdwin_td_e0.03_n50_hard_h25_s42,100.0
tdwin_td_e0.03_n50_hard_h25_s43,98.0
tdwin_td_e0.03_n50_hard_h25_s44,100.0
tdwin_td_e0.03_n50_hard_h50_s42,100.0
tdwin_td_e0.03_n50_hard_h50_s43,100.0
tdwin_td_e0.03_n50_hard_h50_s44,100.0
tdwin_td_e0.03_n50_std_h25_s42,100.0
tdwin_td_e0.03_n50_std_h25_s43,100.0
tdwin_td_e0.03_n50_std_h25_s44,100.0
tdwin_td_e0.03_n50_std_h50_s42,100.0
tdwin_td_e0.03_n50_std_h50_s43,100.0
tdwin_td_e0.03_n50_std_h50_s44,100.0
tdwin_td_e0.3_n5_hard_h25_s42,100.0
tdwin_td_e0.3_n5_hard_h25_s43,100.0
tdwin_td_e0.3_n5_hard_h25_s44,100.0
tdwin_td_e0.3_n5_hard_h50_s42,100.0
