/workspace/code/stable-worldmodel/stable_worldmodel/envs/__init__.py:215: UserWarning: ale-py not found; ALE/* envs are unavailable. Install with: pip install 'stable-worldmodel[env]' or pip install ale-py.
  from stable_worldmodel.envs import ale  # noqa: F401
2026-07-11 05:38:40.789 | INFO     | stable_worldmodel.wm.utils:_resolve_folder:138 - Loading checkpoint from folder /workspace/swm_home/checkpoints/lewm_tworoom...
/workspace/code/stable-worldmodel/stable_worldmodel/wm/utils.py:81: FutureWarning: You are using `torch.load` with `weights_only=False` (the current default value), which uses the default pickle module implicitly. It is possible to construct malicious pickle data which will execute arbitrary code during unpickling (See https://github.com/pytorch/pytorch/blob/main/SECURITY.md#untrusted-models for more details). In a future release, the default value for `weights_only` will be flipped to `True`. This limits the functions that could be executed during unpickling. Arbitrary objects will no longer be allowed to be loaded via this mode unless they are explicitly allowlisted by the user via `torch.serialization.add_safe_globals`. We recommend you start setting `weights_only=True` for any use case where you don't have full control of the loaded file. Please open an issue on GitHub for any issues related to this experimental feature.
  state_dict = torch.load(checkpoint_path, map_location='cpu')
05:38:44 | INFO  | atomic_chec~| [atomic_save] installed crash-safe checkpoint plugin (write to sibling .tmp + fsync + atomic rename)
05:38:44 | INFO  | utils.py    | Created ViT-tiny from scratch with config: {'hidden_size': 192, 'num_hidden_layers': 12, 'num_attention_heads': 3, 'intermediate_size': 768, 'image_size': 224, 'patch_size': 14}
step 0: E_final 11.145 E_first 11.696
step 500: E_final 1.344 E_first 6.724
step 1000: E_final 1.654 E_first 6.980
step 1500: E_final 0.695 E_first 5.374
step 2000: E_final 0.711 E_first 5.272
step 2500: E_final 0.801 E_first 5.353
step 3000: E_final 1.063 E_first 5.534
step 3500: E_final 0.770 E_first 5.424
step 4000: E_final 0.737 E_first 5.176
step 4500: E_final 0.904 E_first 6.152
step 5000: E_final 0.624 E_first 5.159
step 5500: E_final 0.533 E_first 4.778
step 6000: E_final 0.522 E_first 4.059
step 6500: E_final 0.579 E_first 4.539
step 7000: E_final 0.606 E_first 5.246
step 7500: E_final 0.933 E_first 4.848
saved learned planner -> /workspace/actors/lip_k8_lr3e-4_st8000.pt
