[0724-04:28:28] === r1 winner ladder start (pid 911774, WM=/workspace/models/dyna_r1_5050b) ===
[0724-04:28:28] caching fs1 (expert lance, WM1 encoder, gpu0)
[0724-04:50:30] caches ready
[0724-04:52:14] TD ready
[0724-04:52:14] lip4_r1w_s0: train (gpu0)
[0724-04:52:14] lip4_r1w_s1: train (gpu1)
[0724-04:52:14] lip4_r1w_s2: train (gpu2)
[0724-05:37:14] lip4_r1w_s0: done
[0724-05:37:43] lip4_r1w_s2: done
[0724-05:39:15] lip4_r1w_s1: done
[0724-05:39:15] 3 actors trained
[0724-05:41:25] eval cem_r1w_e42: 84.0
[0724-05:43:32] eval cem_r1w_e43: 86.0
[0724-05:45:55] eval cem_r1w_e44: 64.0
[0724-05:48:07] eval cemtd_r1w_e42: 80.0
[0724-05:50:17] eval cemtd_r1w_e43: 88.0
[0724-05:52:27] eval cemtd_r1w_e44: 78.0
[0724-05:54:19] eval lip_r1w_a0_e42: 90.0
[0724-05:56:09] eval lip_r1w_a0_e43: 96.0
[0724-05:57:59] eval lip_r1w_a0_e44: 96.0
[0724-05:59:51] eval lip_r1w_a1_e42: 94.0
[0724-06:01:41] eval lip_r1w_a1_e43: 94.0
[0724-06:03:33] eval lip_r1w_a1_e44: 92.0
[0724-06:05:24] eval lip_r1w_a2_e42: 98.0
[0724-06:07:09] eval lip_r1w_a2_e43: 100.0
[0724-06:09:00] eval lip_r1w_a2_e44: 98.0
[0724-06:09:04] new-actor divergence: DIVERGENCE     : mean 40.10  median 33.54  p90 60.49
[0724-06:09:04] === R1 WINNER CARD (WM1 = 50/50 arm; WM0 refs CEM 76.0 / TD+CEM 78.0 / LIP-best 88.7 / div 36.1) ===
[0724-06:09:04] latent+CEM : 84.0/86.0/64.0 -> 78.0
[0724-06:09:04] TD+CEM     : 80.0/88.0/78.0 -> 82.0
[0724-06:09:04] LIP a0     : 90.0/96.0/96.0 -> 94.0
[0724-06:09:04] LIP a1     : 94.0/94.0/92.0 -> 93.3
[0724-06:09:04] LIP a2     : 98.0/100.0/98.0 -> 98.7
[0724-06:09:04] R1_LADDER_DONE
