IT10 lejepa latent_cem h25 sd42: 88.0
IT10 pldm latent_cem h25 sd42: 94.0
IT10 lejepa latent_cem h50 sd42: 40.0
IT10 pldm latent_cem h50 sd42: 72.0
IT10 pldm latent_cem h25 sd43: 100.0
IT10 lejepa latent_cem h25 sd43: 86.0
IT10_DONE dinowm td gpu3
IT10 pldm latent_cem h50 sd43: 80.0
IT10 lejepa latent_cem h50 sd43: 62.0
IT10 pldm td_cem_t0 h25 sd42: FAIL
IT10 pldm latent_cem h25 sd44: 98.0
IT10 lejepa td_cem_t0 h25 sd42: FAIL
IT10 dinowm td_cem_t1 h25 sd42: FAIL
IT10 lejepa latent_cem h25 sd44: 86.0
IT10 pldm td_cem_t1 h25 sd42: FAIL
IT10 lejepa td_cem_t1 h25 sd42: FAIL
IT10 dinowm td_cem_t2 h25 sd42: FAIL
IT10 pldm td_cem_t2 h25 sd42: FAIL
IT10 lejepa td_cem_t2 h25 sd42: FAIL
IT10 dinowm td_cem_t1 h50 sd42: FAIL
IT10 pldm td_cem_t0 h50 sd42: FAIL
IT10 lejepa td_cem_t0 h50 sd42: FAIL
IT10 dinowm td_cem_t2 h50 sd42: FAIL
IT10 pldm td_cem_t1 h50 sd42: FAIL
IT10 lejepa td_cem_t1 h50 sd42: FAIL
IT10 pldm latent_cem h50 sd44: 78.0
IT10_DONE pldm latent gpu1
IT10 dinowm td_cem_t1 h25 sd43: FAIL
IT10 lejepa latent_cem h50 sd44: 60.0
IT10_DONE lejepa latent gpu0
IT10 pldm td_cem_t2 h50 sd42: FAIL
IT10 lejepa td_cem_t2 h50 sd42: FAIL
IT10 pldm td_cem_t0 h25 sd42: FAIL
IT10 dinowm td_cem_t2 h25 sd43: FAIL
IT10 lejepa td_cem_t0 h25 sd42: FAIL
IT10 pldm td_cem_t0 h25 sd43: FAIL
IT10 lejepa td_cem_t0 h25 sd43: FAIL
IT10 pldm td_cem_t1 h25 sd42: FAIL
IT10 dinowm td_cem_t1 h50 sd43: FAIL
IT10 lejepa td_cem_t1 h25 sd42: FAIL
IT10 pldm td_cem_t1 h25 sd43: FAIL
IT10 lejepa td_cem_t1 h25 sd43: FAIL
IT10 pldm td_cem_t2 h25 sd42: FAIL
IT10 dinowm td_cem_t2 h50 sd43: FAIL
IT10 lejepa td_cem_t2 h25 sd42: FAIL
IT10 pldm td_cem_t2 h25 sd43: FAIL
IT10 lejepa td_cem_t2 h25 sd43: FAIL
IT10 pldm td_cem_t0 h50 sd42: FAIL
IT10 dinowm td_cem_t1 h25 sd44: FAIL
IT10 lejepa td_cem_t0 h50 sd42: FAIL
IT10 lejepa td_cem_t0 h50 sd43: FAIL
IT10 pldm td_cem_t1 h50 sd42: FAIL
IT10 pldm td_cem_t0 h50 sd43: FAIL
IT10 dinowm td_cem_t2 h25 sd44: FAIL
IT10 lejepa td_cem_t1 h50 sd42: FAIL
IT10 lejepa td_cem_t1 h50 sd43: FAIL
IT10 pldm td_cem_t2 h50 sd42: FAIL
IT10 pldm td_cem_t1 h50 sd43: FAIL
IT10 dinowm td_cem_t1 h50 sd44: FAIL
IT10 lejepa td_cem_t2 h50 sd42: FAIL
IT10 lejepa td_cem_t2 h50 sd43: FAIL
IT10 pldm td_cem_t0 h25 sd43: FAIL
IT10 pldm td_cem_t2 h50 sd43: FAIL
IT10 lejepa td_cem_t0 h25 sd43: FAIL
IT10 dinowm td_cem_t2 h50 sd44: FAIL
IT10_DONE dinowm td gpu3
IT10 lejepa td_cem_t0 h25 sd44: FAIL
IT10 pldm td_cem_t1 h25 sd43: FAIL
IT10 pldm td_cem_t0 h25 sd44: FAIL
IT10 lejepa td_cem_t1 h25 sd43: FAIL
IT10 lejepa td_cem_t1 h25 sd44: FAIL
IT10 pldm td_cem_t1 h25 sd44: FAIL
IT10 pldm td_cem_t2 h25 sd43: FAIL
IT10 lejepa td_cem_t2 h25 sd43: FAIL
IT10 lejepa td_cem_t2 h25 sd44: FAIL
IT10 pldm td_cem_t2 h25 sd44: FAIL
IT10 pldm td_cem_t0 h50 sd43: FAIL
IT10 lejepa td_cem_t0 h50 sd43: FAIL
IT10 lejepa td_cem_t0 h50 sd44: FAIL
IT10 pldm td_cem_t1 h50 sd43: FAIL
IT10 lejepa td_cem_t1 h50 sd43: FAIL
IT10 pldm td_cem_t0 h50 sd44: FAIL
IT10 lejepa td_cem_t1 h50 sd44: 100.0
IT10 lejepa td_cem_t2 h50 sd43: 100.0
IT10 pldm td_cem_t1 h50 sd44: 98.0
IT10 pldm td_cem_t2 h50 sd43: 98.0
IT10 lejepa td_cem_t0 h25 sd44: 100.0
IT10 lejepa td_cem_t2 h50 sd44: 100.0
IT10_DONE lejepa td gpu0
IT10 pldm td_cem_t0 h25 sd44: 100.0
IT10 pldm td_cem_t2 h50 sd44: 98.0
IT10_DONE pldm td gpu1
IT10 lejepa td_cem_t1 h25 sd44: 100.0
IT10 pldm td_cem_t1 h25 sd44: 98.0
IT10 lejepa td_cem_t2 h25 sd44: 100.0
IT10 pldm td_cem_t2 h25 sd44: 98.0
IT10 lejepa td_cem_t0 h50 sd44: 100.0
IT10_DONE lejepa td gpu0
IT10 pldm td_cem_t0 h50 sd44: 98.0
IT10_DONE pldm td gpu1
IT10 dinowm latent_cem h25 sd42: 100.0
IT10 lejepa td_cem_t0 h25 sd42: 100.0
IT10 pldm td_cem_t0 h25 sd42: 98.0
IT10 lejepa td_cem_t1 h25 sd42: 100.0
IT10 pldm td_cem_t1 h25 sd42: 96.0
IT10 lejepa td_cem_t2 h25 sd42: 100.0
IT10 pldm td_cem_t2 h25 sd42: 96.0
IT10 lejepa td_cem_t0 h50 sd42: 100.0
IT10 pldm td_cem_t0 h50 sd42: 100.0
IT10 lejepa td_cem_t1 h50 sd42: 100.0
IT10 pldm td_cem_t1 h50 sd42: 100.0
IT10 lejepa td_cem_t2 h50 sd42: 100.0
IT10 pldm td_cem_t2 h50 sd42: 100.0
IT10 lejepa td_cem_t0 h25 sd43: 100.0
IT10 pldm td_cem_t0 h25 sd43: 98.0
IT10 lejepa td_cem_t1 h25 sd43: 100.0
IT10 pldm td_cem_t1 h25 sd43: 100.0
IT10 lejepa td_cem_t2 h25 sd43: 100.0
IT10 pldm td_cem_t2 h25 sd43: 100.0
IT10 lejepa td_cem_t0 h50 sd43: 100.0
IT10 pldm td_cem_t0 h50 sd43: 100.0
IT10 lejepa td_cem_t1 h50 sd43: 100.0
IT10_DONE lejepa td gpu0
IT10 pldm td_cem_t1 h50 sd43: 100.0
IT10_DONE pldm td gpu1
IT10 dinowm latent_cem h50 sd42: 100.0
IT10 dinowm td_cem_t1 h25 sd42: 100.0
IT10 dinowm latent_cem h25 sd43: 100.0
IT10 dinowm td_cem_t2 h25 sd42: 100.0
IT10 dinowm latent_cem h50 sd43: 98.0
IT10 dinowm td_cem_t1 h50 sd42: 100.0
IT10 dinowm latent_cem h25 sd44: 100.0
IT10 dinowm td_cem_t2 h50 sd42: 100.0
IT10 dinowm td_cem_t1 h25 sd43: 100.0
IT10 dinowm latent_cem h50 sd44: 100.0
IT10_DONE dinowm latent gpu2
IT10 dinowm td_cem_t2 h25 sd43: 100.0
IT10 dinowm td_cem_t0 h25 sd42: 100.0
IT10 dinowm td_cem_t1 h50 sd43: 100.0
IT10 dinowm td_cem_t0 h50 sd42: 100.0
IT10 dinowm td_cem_t0 h25 sd43: 100.0
IT10 dinowm td_cem_t2 h50 sd43: 100.0
IT10 dinowm td_cem_t1 h25 sd44: 100.0
IT10 dinowm td_cem_t0 h50 sd43: 100.0
IT10 dinowm td_cem_t2 h25 sd44: 100.0
IT10 dinowm td_cem_t0 h25 sd44: 100.0
IT10 dinowm td_cem_t1 h50 sd44: 100.0
IT10 dinowm td_cem_t0 h50 sd44: 100.0
IT10_DONE dinowm td gpu2
IT10 dinowm td_cem_t2 h50 sd44: 100.0
IT10_DONE dinowm td gpu3
