[21:59:37] phase 0: smoke test (WM load + encode)
/workspace/code/stable-worldmodel/stable_worldmodel/envs/__init__.py:215: UserWarning: ale-py not found; ALE/* envs are unavailable. Install with: pip install 'stable-worldmodel[env]' or pip install ale-py.
  from stable_worldmodel.envs import ale  # noqa: F401
2026-07-11 21:59:40.678 | INFO     | stable_worldmodel.wm.utils:_resolve_folder:138 - Loading checkpoint from folder /workspace/swm_home/checkpoints/lewm_pusht_official...
/workspace/code/stable-worldmodel/stable_worldmodel/wm/utils.py:81: FutureWarning: You are using `torch.load` with `weights_only=False` (the current default value), which uses the default pickle module implicitly. It is possible to construct malicious pickle data which will execute arbitrary code during unpickling (See https://github.com/pytorch/pytorch/blob/main/SECURITY.md#untrusted-models for more details). In a future release, the default value for `weights_only` will be flipped to `True`. This limits the functions that could be executed during unpickling. Arbitrary objects will no longer be allowed to be loaded via this mode unless they are explicitly allowlisted by the user via `torch.serialization.add_safe_globals`. We recommend you start setting `weights_only=True` for any use case where you don't have full control of the loaded file. Please open an issue on GitHub for any issues related to this experimental feature.
  state_dict = torch.load(checkpoint_path, map_location='cpu')
21:59:44 | INFO  | atomic_chec~| [atomic_save] installed crash-safe checkpoint plugin (write to sibling .tmp + fsync + atomic rename)
21:59:44 | INFO  | utils.py    | Created ViT-tiny from scratch with config: {'hidden_size': 192, 'num_hidden_layers': 12, 'num_attention_heads': 3, 'intermediate_size': 768, 'image_size': 224, 'patch_size': 14}
smoke: WM encode OK
[21:59:47] phase 1: caches (official dataset, prefix subset for training)
[22:10:38] fs1 cache built
[22:10:43] fs5 cache built
[22:10:43] phase 2: latent+CEM baselines + random floor
[22:10:43] eval latent_h25_s42: cached (90.0)
[22:10:44] eval latent_h25_s42: cached (90.0)
[22:15:07] eval latent_h25_s43: 90.0
[22:15:09] eval latent_h25_s44: 80.0
[22:15:31] eval latent_h50_s42: 56.00000000000001
[22:17:25] eval latent_h50_s43: 38.0
[22:17:26] eval latent_h50_s44: 42.0
[22:18:10] eval random_h25_s44: 0.0
[22:18:10] eval random_h25_s43: 4.0
[22:18:10] eval random_h25_s42: 0.0
[22:18:19] eval random_h50_s42: 2.0
[22:19:10] eval random_h50_s44: 2.0
[22:19:11] eval random_h50_s43: 0.0
[22:19:11] phase 3: offline TD sweep (train on fs1 cache, CEM-eval on h25+h50 s42)
[22:44:22] TD sweep trained
[23:02:26] eval tdcem_e0.03_n5_h25_s42: 76.0
[23:02:27] eval tdcem_e0.1_n5_h25_s42: 80.0
[23:02:28] eval tdcem_e0.03_n50_h25_s42: 70.0
[23:02:28] eval tdcem_e0.03_n25_h25_s42: 76.0
[23:13:02] eval tdcem_e0.1_n50_h25_s42: 62.0
[23:13:24] eval tdcem_e0.1_n25_h25_s42: 66.0
[23:13:26] eval tdcem_e0.3_n5_h25_s42: 76.0
[23:13:26] eval tdcem_e0.3_n25_h25_s42: 56.00000000000001
[23:14:43] eval tdcem_e0.3_n50_h25_s42: 62.0
[23:41:05] eval tdcem_e0.1_n5_h50_s42: 48.0
[23:41:20] eval tdcem_e0.03_n5_h50_s42: 60.0
[23:41:20] eval tdcem_e0.03_n25_h50_s42: 26.0
[23:41:22] eval tdcem_e0.03_n50_h50_s42: 30.0
[00:11:42] eval tdcem_e0.1_n50_h50_s42: 42.0
[00:11:53] eval tdcem_e0.3_n5_h50_s42: 52.0
[00:11:58] eval tdcem_e0.1_n25_h50_s42: 40.0
[00:11:59] eval tdcem_e0.3_n25_h50_s42: 34.0
[00:13:44] eval tdcem_e0.3_n50_h50_s42: 30.0
[00:13:44] TD winner: td_e0.03_n5 (h25+h50 s42 = 136)
[00:13:44] phase 3b: confirm TD winner on all cells
[00:31:43] eval tdwin_td_e0.03_n5_h25_s44: 74.0
[00:31:45] eval tdwin_td_e0.03_n5_h25_s42: 76.0
[00:31:48] eval tdwin_td_e0.03_n5_h25_s43: 80.0
[00:31:57] eval tdwin_td_e0.03_n5_h50_s42: 54.0
[00:36:43] eval tdwin_td_e0.03_n5_h50_s43: 42.0
[00:36:48] eval tdwin_td_e0.03_n5_h50_s44: 42.0
[00:36:48] phase 4: LIP sweep against frozen TD winner
[01:40:38] [deep] stage A+B: training 37 deep-sweep configs
[02:37:30] LIP sweep trained
[03:13:06] eval lip_k4_lr1e-3_st4000_h25_s42: 52.0
[03:13:21] eval lip_k8_lr3e-4_st8000_h25_s42: 66.0
[03:13:25] eval lip_k8_lr1e-3_st4000_h25_s42: 60.0
[03:13:25] eval lip_k4_lr3e-4_st4000_h25_s42: 48.0
[04:05:24] eval lip_k4_lr3e-4_st4000_h50_s42: 22.0
[04:09:33] eval lip_k8_lr3e-4_st8000_h50_s42: 36.0
[04:09:33] eval lip_k4_lr1e-3_st4000_h50_s42: 28.000000000000004
[04:09:34] eval lip_k8_lr1e-3_st4000_h50_s42: 26.0
[04:09:34] LIP winner: lip_k8_lr3e-4_st8000 (h25+h50 s42 = 102)
[04:09:34] phase 4b: confirm LIP winner on all cells
[04:22:02] [lipR8] waiting for main driver
[04:34:48] eval lipwin_k8_lr3e-4_st8000_h25_s43: 68.0
[04:36:09] eval lipwin_k8_lr3e-4_st8000_h25_s42: 66.0
[04:36:24] eval lipwin_k8_lr3e-4_st8000_h25_s44: 66.0
[04:40:46] eval lipwin_k8_lr3e-4_st8000_h50_s42: 40.0
[05:02:21] eval lipwin_k8_lr3e-4_st8000_h50_s43: 26.0
[05:02:23] eval lipwin_k8_lr3e-4_st8000_h50_s44: 40.0
[05:02:23] ALL DONE
[05:14:43] [lipR8] eval lipR8_h25_s42: 68.0
[05:15:21] [lipR8] eval lipR8_h50_s42: 56.00000000000001
[05:15:21] [lipR8] lipR8 s42 combined = 124 (plain LIP = 102)
[05:15:21] [lipR8] confirming lipR8 on remaining cells
[05:46:48] [lipR8] eval lipR8_h25_s43: 70.0
[05:46:53] [lipR8] eval lipR8_h25_s44: 72.0
[05:51:16] [lipR8] eval lipR8_h50_s44: 54.0
[05:51:16] [lipR8] eval lipR8_h50_s43: 44.0
[05:51:16] [lipR8] lipR8 DONE
[05:51:48] [hist] training 4 history-TD configs
[06:08:19] [hist] hist configs trained; waiting for deep + lipR8 drivers
[06:24:48] [deep] deep sweep trained (37 checkpoints)
[06:24:48] [deep] waiting for main driver (run_all_pusht.sh) to finish before evals
[06:24:48] [deep] main driver done; starting deep-sweep evals
[06:56:25] [better] training round-2 configs
[06:59:54] [deep] eval td2cem_e0.01_n2_h50_s42: 60.0
[07:02:40] [deep] eval td2cem_e0.01_n1_h50_s42: 62.0
[07:05:58] [deep] eval td2cem_e0.01_n3_h50_s42: 56.00000000000001
[07:06:00] [deep] eval td2cem_e0.01_n10_h50_s42: 42.0
[07:44:48] [better] seed/noise/gamma configs trained; building full cache
[08:05:11] [deep] eval td2cem_e0.03_n2_h50_s42: 56.00000000000001
[08:05:22] [deep] eval td2cem_e0.03_n3_h50_s42: 68.0
[08:05:29] [deep] eval td2cem_e0.03_n1_h50_s42: 52.0
[08:05:32] [deep] eval td2cem_e0.01_n15_h50_s42: 40.0
[08:55:59] [deep] eval td2cem_e0.03_n10_h50_s42: 52.0
[08:56:01] [deep] eval td2cem_e0.05_n2_h50_s42: 48.0
[08:56:01] [deep] eval td2cem_e0.05_n1_h50_s42: 64.0
[08:56:03] [deep] eval td2cem_e0.03_n15_h50_s42: 44.0
[09:41:15] [deep] eval td2cem_e0.05_n3_h50_s42: 52.0
[09:46:13] [deep] eval td2cem_e0.05_n15_h50_s42: 38.0
[09:46:16] [deep] eval td2cem_e0.1_n1_h50_s42: 62.0
[09:46:21] [deep] eval td2cem_e0.05_n10_h50_s42: 52.0
[10:31:11] [deep] eval td2cem_e0.1_n15_h50_s42: 44.0
[10:36:28] [deep] eval td2cem_e0.1_n3_h50_s42: 62.0
[10:36:29] [deep] eval td2cem_e0.1_n10_h50_s42: 50.0
[10:36:36] [deep] eval td2cem_e0.1_n2_h50_s42: 48.0
[11:15:28] [deep] eval td2cem_e0.3_n2_h50_s42: 56.00000000000001
[11:25:04] [deep] eval td2cem_e0.3_n3_h50_s42: 64.0
[11:25:19] [deep] eval td2cem_e0.3_n1_h50_s42: 50.0
[11:25:22] [deep] eval td2cem_e0.3_n10_h50_s42: 57.99999999999999
[12:11:41] [deep] eval td2cem_e0.03_n2_big_h50_s42: 52.0
[12:13:49] [deep] eval td2cem_e0.03_n5_st20k_h50_s42: 48.0
[12:15:13] [deep] eval td2cem_e0.3_n15_h50_s42: 44.0
[12:15:14] [deep] eval td2cem_e0.03_n2_st20k_h50_s42: 48.0
[13:00:07] [deep] eval td2cem_e0.03_n10_st20k_h50_s42: 52.0
[13:06:52] [deep] eval td2cem_e0.1_n2_st20k_h50_s42: 50.0
[13:06:58] [deep] eval td2cem_e0.03_n5_big_h50_s42: 48.0
[13:07:03] [deep] eval td2cem_e0.03_n10_big_h50_s42: 36.0
[13:49:39] [deep] eval td2cem_e0.1_n5_st20k_h50_s42: 40.0
[13:51:16] [deep] eval td2cem_e0.1_n2_big_h50_s42: 62.0
[13:53:25] [deep] eval td2cem_e0.1_n5_big_h50_s42: 50.0
[13:53:28] [deep] eval td2cem_e0.1_n10_st20k_h50_s42: 50.0
[13:56:12] [deep] eval td2cem_e0.1_n10_big_h50_s42: 56.00000000000001
[13:56:12] [deep] top-8 by h50 s42: e0.03_n3 e0.3_n3 e0.05_n1 e0.1_n3 e0.1_n2_big e0.1_n1 e0.01_n1 e0.01_n2 
[14:20:59] [deep] eval td2cem_e0.1_n3_h25_s42: 84.0
[14:21:04] [deep] eval td2cem_e0.05_n1_h25_s42: 84.0
[14:21:15] [deep] eval td2cem_e0.03_n3_h25_s42: 84.0
[14:21:19] [deep] eval td2cem_e0.3_n3_h25_s42: 88.0
[14:46:12] [deep] eval td2cem_e0.01_n2_h25_s42: 82.0
[14:46:27] [deep] eval td2cem_e0.1_n2_big_h25_s42: 88.0
[14:46:31] [deep] eval td2cem_e0.1_n1_h25_s42: 88.0
[14:46:31] [deep] eval td2cem_e0.01_n1_h25_s42: 92.0
[14:46:31] [deep] deep TD winner: td2_e0.01_n1 (h25+h50 s42 = 154; stage-1 winner = 136)
[14:46:31] [deep] confirm deep TD winner on all cells (replacement + blend cost modes)
[15:13:06] [deep] eval td2win_e0.01_n1_h25_s44: 82.0
[15:13:12] [deep] eval td2win_e0.01_n1_h25_s42: 92.0
[15:13:14] [deep] eval td2win_e0.01_n1_h25_s43: 90.0
[15:13:32] [deep] eval td2win_e0.01_n1_h50_s42: 62.0
[15:31:53] [deep] eval td2win_e0.01_n1_h50_s43: 56.00000000000001
[15:32:17] [deep] eval td2win_e0.01_n1_h50_s44: 40.0
[15:56:51] [deep] eval td2blend_e0.01_n1_h25_s43: 90.0
[15:56:57] [deep] eval td2blend_e0.01_n1_h25_s44: 84.0
[15:57:12] [deep] eval td2blend_e0.01_n1_h25_s42: 94.0
[15:58:26] [deep] eval td2blend_e0.01_n1_h50_s42: 60.0
[16:10:23] [deep] eval td2blend_e0.01_n1_h50_s44: 46.0
[16:10:34] [deep] eval td2blend_e0.01_n1_h50_s43: 48.0
[16:10:34] [deep] deep winner beats stage-1 teacher; retraining LIP against td2_e0.01_n1
[16:40:54] [better] round-2 training done; waiting for other drivers
[17:32:18] [head] training head-ablation configs (mlp / mlp-sym / qrl)
[17:35:44] [head] head-ablation configs trained; asymmetry re-check on qrl
asymmetry gap (rev-fwd): mean 22.65, |gap|/fwd median 94.24%
frac pairs with rev > fwd: 75.38%
Spearman(gap, block-pose change) = 0.604
Spearman(gap, agent-only motion) = 0.084
low-block-motion pairs: gap mean 0.36 (vs all 22.65)
high-block-motion pairs: gap mean 48.61
[17:35:51] [head] waiting for other drivers before evals
[17:46:24] [deep] LIP2 trained
[17:47:29] [deep] eval lip2_k4_lr3e-4_st4000_h25_s42: 64.0
[17:47:46] [deep] eval lip2_k4_lr3e-4_st4000_h50_s42: 32.0
[17:48:50] [deep] eval lip2_k8_lr3e-4_st8000_h25_s42: 80.0
[17:49:04] [deep] eval lip2_k8_lr3e-4_st8000_h50_s42: 48.0
[17:49:04] [deep] LIP2 winner: lip2_k8_lr3e-4_st8000 (128); confirming on all cells
[17:49:41] [lip2R8] waiting for all other drivers
[18:07:19] [deep] eval lip2win_k8_lr3e-4_st8000_h25_s44: 80.0
[18:07:24] [deep] eval lip2win_k8_lr3e-4_st8000_h25_s42: 80.0
[18:07:25] [deep] eval lip2win_k8_lr3e-4_st8000_h25_s43: 82.0
[18:07:40] [deep] eval lip2win_k8_lr3e-4_st8000_h50_s42: 48.0
[18:09:07] [deep] eval lip2win_k8_lr3e-4_st8000_h50_s43: 40.0
[18:09:08] [deep] eval lip2win_k8_lr3e-4_st8000_h50_s44: 42.0
[18:09:08] [deep] DEEP ALL DONE
[18:10:30] [hist] GPUs free; hist selection evals
[18:20:30] [hist] eval histcem_e0.03_n5_h25_s42: 60.0
[18:22:23] [hist] eval histcem_e0.03_n10_h25_s42: 62.0
[18:22:26] [hist] eval histcem_e0.1_n5_h25_s42: 62.0
[18:22:26] [hist] eval histcem_e0.03_n2_h25_s42: 62.0
[18:41:07] [hist] eval histcem_e0.03_n5_h50_s42: 44.0
[18:41:16] [hist] eval histcem_e0.03_n10_h50_s42: 42.0
[18:41:23] [hist] eval histcem_e0.03_n2_h50_s42: 56.00000000000001
[18:41:26] [hist] eval histcem_e0.1_n5_h50_s42: 44.0
[18:41:27] [hist] hist winner: hist_e0.03_n2 (h25+h50 s42 = 118; single-frame TD = 136)
[18:51:16] [hist] eval histwin_e0.03_n2_h25_s43: 78.0
[18:51:18] [hist] eval histwin_e0.03_n2_h25_s44: 57.99999999999999
[18:51:22] [hist] eval histwin_e0.03_n2_h25_s42: 62.0
[18:51:51] [hist] eval histwin_e0.03_n2_h50_s42: 56.00000000000001
[18:53:38] [hist] eval histwin_e0.03_n2_h50_s44: 46.0
[18:53:47] [hist] eval histwin_e0.03_n2_h50_s43: 40.0
[19:06:21] [hist] eval histblend_e0.03_n2_h25_s43: 90.0
[19:07:19] [hist] eval histblend_e0.03_n2_h25_s44: 72.0
[19:07:22] [hist] eval histblend_e0.03_n2_h25_s42: 78.0
[19:07:44] [hist] eval histblend_e0.03_n2_h50_s42: 64.0
[19:09:35] [hist] eval histblend_e0.03_n2_h50_s43: 44.0
[19:09:37] [hist] eval histblend_e0.03_n2_h50_s44: 44.0
[19:09:37] [hist] HIST ALL DONE
[19:10:55] [better] GPUs free; round-2 selection evals
[19:21:22] [better] eval better_ens_td_h25_s42: 78.0
[19:23:41] [better] eval better_hist_g0.99_h25_s42: 64.0
[19:23:43] [better] eval better_ens_hist_h25_s42: 62.0
[19:23:44] [better] eval better_hist_noise0.1_h25_s42: 54.0
[19:24:57] [better] eval better_hist_full20k_h25_s42: 52.0
[19:50:04] [better] eval better_hist_noise0.1_h50_s42: 50.0
[19:50:14] [better] eval better_ens_td_h50_s42: 56.00000000000001
[19:50:20] [better] eval better_hist_g0.99_h50_s42: 48.0
[19:50:32] [better] eval better_ens_hist_h50_s42: 52.0
[19:52:13] [better] eval better_hist_full20k_h50_s42: 48.0
[19:52:13] [better] round-2 winner: ens_td (h25+h50 s42 = 134)
[20:06:40] [better] eval betterwin_ens_td_h25_s44: 80.0
[20:06:43] [better] eval betterwin_ens_td_h25_s42: 78.0
[20:06:43] [better] eval betterwin_ens_td_h25_s43: 78.0
[20:07:07] [better] eval betterwin_ens_td_h50_s42: 56.00000000000001
[20:08:53] [better] eval betterwin_ens_td_h50_s43: 50.0
[20:08:58] [better] eval betterwin_ens_td_h50_s44: 46.0
[20:25:59] [better] eval betterblend_ens_td_h25_s42: 86.0
[20:26:08] [better] eval betterblend_ens_td_h25_s44: 82.0
[20:26:09] [better] eval betterblend_ens_td_h25_s43: 86.0
[20:26:32] [better] eval betterblend_ens_td_h50_s42: 62.0
[20:28:31] [better] eval betterblend_ens_td_h50_s43: 50.0
[20:28:36] [better] eval betterblend_ens_td_h50_s44: 52.0
[20:28:36] [better] BETTER ALL DONE
[20:29:54] [head] GPUs free; head-ablation evals
[20:33:24] [head] eval head_qrl_h25_s42: 72.0
[20:33:29] [head] eval head_mlp_h25_s42: 36.0
[20:33:30] [head] eval head_mlpsym_h25_s42: 24.0
[20:40:28] [head] eval head_qrl_h50_s42: 46.0
[20:40:37] [head] eval head_mlp_h50_s42: 12.0
[20:40:40] [head] eval head_mlpsym_h50_s42: 20.0
[20:40:40] [head] head mlp: h25 36.0 h50 12.0 combined 48 (quasimetric incumbent = 154)
[20:40:40] [head] head mlpsym: h25 24.0 h50 20.0 combined 44 (quasimetric incumbent = 154)
[20:40:40] [head] head qrl: h25 72.0 h50 46.0 combined 118 (quasimetric incumbent = 154)
[20:40:40] [head] HEAD ALL DONE
[20:44:14] [histfair] waiting for all other drivers
[21:02:07] [lip2R8] eval lip2R8_h25_s42: 88.0
[21:03:02] [lip2R8] eval lip2R8_h25_s44: 80.0
[21:03:05] [lip2R8] eval lip2R8_h25_s43: 86.0
[21:03:22] [lip2R8] eval lip2R8_h50_s42: 54.0
[21:04:53] [lip2R8] eval lip2R8_h50_s44: 52.0
[21:04:57] [lip2R8] eval lip2R8_h50_s43: 44.0
[21:04:57] [lip2R8] LIP2R8 ALL DONE
[21:07:34] [histfair] eval histfair_e0.01_n1_h25_s42: 64.0
[21:08:00] [histfair] eval histfair_e0.01_n1_h50_s42: 54.0
[21:08:01] [histfair] HISTFAIR ALL DONE
