[20:37:38] phase 0: smoke test (WM load + encode)
/workspace/code/stable-worldmodel/stable_worldmodel/envs/__init__.py:215: UserWarning: ale-py not found; ALE/* envs are unavailable. Install with: pip install 'stable-worldmodel[env]' or pip install ale-py.
  from stable_worldmodel.envs import ale  # noqa: F401
2026-07-11 20:37:41.369 | INFO     | stable_worldmodel.wm.utils:_resolve_folder:138 - Loading checkpoint from folder /workspace/swm_home/checkpoints/lewm_pusht...
/workspace/code/stable-worldmodel/stable_worldmodel/wm/utils.py:81: FutureWarning: You are using `torch.load` with `weights_only=False` (the current default value), which uses the default pickle module implicitly. It is possible to construct malicious pickle data which will execute arbitrary code during unpickling (See https://github.com/pytorch/pytorch/blob/main/SECURITY.md#untrusted-models for more details). In a future release, the default value for `weights_only` will be flipped to `True`. This limits the functions that could be executed during unpickling. Arbitrary objects will no longer be allowed to be loaded via this mode unless they are explicitly allowlisted by the user via `torch.serialization.add_safe_globals`. We recommend you start setting `weights_only=True` for any use case where you don't have full control of the loaded file. Please open an issue on GitHub for any issues related to this experimental feature.
  state_dict = torch.load(checkpoint_path, map_location='cpu')
20:37:45 | INFO  | atomic_chec~| [atomic_save] installed crash-safe checkpoint plugin (write to sibling .tmp + fsync + atomic rename)
20:37:45 | INFO  | utils.py    | Created ViT-tiny from scratch with config: {'hidden_size': 192, 'num_hidden_layers': 12, 'num_attention_heads': 3, 'intermediate_size': 768, 'image_size': 224, 'patch_size': 14}
smoke: WM encode OK
[20:37:47] phase 1: data + caches
[20:45:11] collected 1000 episodes
[20:45:16] h5 built
[20:51:18] fs1 cache built
[20:51:22] fs5 cache built
[20:51:22] phase 2: latent+CEM baselines + random floor
[20:52:22] eval latent_h25_s42: 12.0
[20:52:23] eval latent_h25_s42: cached (12.0)
[20:58:51] eval latent_h25_s43: 14.000000000000002
[20:58:52] eval latent_h25_s44: 10.0
[20:59:29] eval latent_h50_s42: 4.0
[21:01:29] eval latent_h50_s43: 2.0
[21:01:31] eval latent_h50_s44: 2.0
[21:03:34] eval random_h25_s43: 6.0
[21:03:40] eval random_h25_s42: 12.0
[21:03:40] eval random_h25_s44: 4.0
[21:03:51] eval random_h50_s42: 0.0
[21:04:36] eval random_h50_s44: 6.0
[21:04:36] eval random_h50_s43: 0.0
[21:04:36] phase 3: offline TD sweep (train on fs1 cache, CEM-eval on h25+h50 s42)
[21:29:57] TD sweep trained
[21:41:19] eval tdcem_e0.03_n5_h25_s42: 14.000000000000002
[21:41:23] eval tdcem_e0.03_n50_h25_s42: 10.0
[21:41:31] eval tdcem_e0.1_n5_h25_s42: 10.0
[21:41:33] eval tdcem_e0.03_n25_h25_s42: 8.0
