/workspace/code/stable-worldmodel/stable_worldmodel/envs/__init__.py:215: UserWarning: ale-py not found; ALE/* envs are unavailable. Install with: pip install 'stable-worldmodel[env]' or pip install ale-py.
  from stable_worldmodel.envs import ale  # noqa: F401
2026-07-12 17:25:57.767 | INFO     | stable_worldmodel.wm.utils:_resolve_folder:138 - Loading checkpoint from folder /workspace/ckpts/ogbench_cube_single_v2WM...
/workspace/code/stable-worldmodel/stable_worldmodel/wm/utils.py:81: FutureWarning: You are using `torch.load` with `weights_only=False` (the current default value), which uses the default pickle module implicitly. It is possible to construct malicious pickle data which will execute arbitrary code during unpickling (See https://github.com/pytorch/pytorch/blob/main/SECURITY.md#untrusted-models for more details). In a future release, the default value for `weights_only` will be flipped to `True`. This limits the functions that could be executed during unpickling. Arbitrary objects will no longer be allowed to be loaded via this mode unless they are explicitly allowlisted by the user via `torch.serialization.add_safe_globals`. We recommend you start setting `weights_only=True` for any use case where you don't have full control of the loaded file. Please open an issue on GitHub for any issues related to this experimental feature.
  state_dict = torch.load(checkpoint_path, map_location='cpu')
17:26:02 | INFO  | atomic_chec~| [atomic_save] installed crash-safe checkpoint plugin (write to sibling .tmp + fsync + atomic rename)
17:26:02 | INFO  | utils.py    | Created ViT-tiny from scratch with config: {'hidden_size': 192, 'num_hidden_layers': 12, 'num_attention_heads': 3, 'intermediate_size': 768, 'image_size': 224, 'patch_size': 14}
step 0: E_final 19.351 E_first 18.619 td_loss 0.8664 tau 0.030 clr 1.00e-03 alr 3.00e-04
step 500: E_final 5.077 E_first 13.987 td_loss 0.8339 tau 0.030 clr 1.00e-03 alr 3.00e-04
step 1000: E_final 4.525 E_first 14.741 td_loss 0.8565 tau 0.030 clr 1.00e-03 alr 3.00e-04
step 1500: E_final 2.652 E_first 15.819 td_loss 0.8360 tau 0.030 clr 1.00e-03 alr 3.00e-04
step 2000: E_final 2.649 E_first 13.121 td_loss 0.8570 tau 0.030 clr 1.00e-03 alr 3.00e-04
step 2500: E_final 2.250 E_first 12.577 td_loss 0.8312 tau 0.030 clr 1.00e-03 alr 3.00e-04
step 3000: E_final 2.280 E_first 12.620 td_loss 0.8421 tau 0.030 clr 1.00e-03 alr 3.00e-04
step 3500: E_final 1.996 E_first 13.329 td_loss 0.8075 tau 0.030 clr 1.00e-03 alr 3.00e-04
step 4000: E_final 1.804 E_first 12.871 td_loss 0.8563 tau 0.030 clr 1.00e-03 alr 3.00e-04
step 4500: E_final 2.619 E_first 14.809 td_loss 0.8330 tau 0.030 clr 1.00e-03 alr 3.00e-04
step 5000: E_final 2.630 E_first 12.932 td_loss 0.8079 tau 0.030 clr 1.00e-03 alr 3.00e-04
step 5500: E_final 1.728 E_first 12.226 td_loss 0.7959 tau 0.030 clr 1.00e-03 alr 3.00e-04
step 6000: E_final 1.520 E_first 12.008 td_loss 0.8608 tau 0.030 clr 1.00e-03 alr 3.00e-04
step 6400: critic+teacher frozen for the remaining 1600 actor steps
step 6500: E_final 1.566 E_first 11.220 td_loss nan tau 0.030 clr 1.00e-03 alr 3.00e-04
step 7000: E_final 1.502 E_first 10.830 td_loss nan tau 0.030 clr 1.00e-03 alr 3.00e-04
step 7500: E_final 1.725 E_first 13.158 td_loss nan tau 0.030 clr 1.00e-03 alr 3.00e-04
saved teacher value -> /workspace/metrics/lip_ac90_md5_value.pt
saved learned planner -> /workspace/actors/lip_ac90_md5.pt
