/workspace/code/stable-worldmodel/stable_worldmodel/envs/__init__.py:215: UserWarning: ale-py not found; ALE/* envs are unavailable. Install with: pip install 'stable-worldmodel[env]' or pip install ale-py.
  from stable_worldmodel.envs import ale  # noqa: F401
2026-07-12 10:00:23.692 | INFO     | stable_worldmodel.wm.utils:_resolve_folder:138 - Loading checkpoint from folder /workspace/ckpts/ogbench_cube_single_v2WM...
/workspace/code/stable-worldmodel/stable_worldmodel/wm/utils.py:81: FutureWarning: You are using `torch.load` with `weights_only=False` (the current default value), which uses the default pickle module implicitly. It is possible to construct malicious pickle data which will execute arbitrary code during unpickling (See https://github.com/pytorch/pytorch/blob/main/SECURITY.md#untrusted-models for more details). In a future release, the default value for `weights_only` will be flipped to `True`. This limits the functions that could be executed during unpickling. Arbitrary objects will no longer be allowed to be loaded via this mode unless they are explicitly allowlisted by the user via `torch.serialization.add_safe_globals`. We recommend you start setting `weights_only=True` for any use case where you don't have full control of the loaded file. Please open an issue on GitHub for any issues related to this experimental feature.
  state_dict = torch.load(checkpoint_path, map_location='cpu')
10:00:27 | INFO  | atomic_chec~| [atomic_save] installed crash-safe checkpoint plugin (write to sibling .tmp + fsync + atomic rename)
10:00:28 | INFO  | utils.py    | Created ViT-tiny from scratch with config: {'hidden_size': 192, 'num_hidden_layers': 12, 'num_attention_heads': 3, 'intermediate_size': 768, 'image_size': 224, 'patch_size': 14}
pretrain 0: td_loss 1.0580
pretrain 500: td_loss 0.8763
pretrain 1000: td_loss 0.8846
pretrain 1500: td_loss 0.8712
step 0: E_final 17.106 E_first 16.577 td_loss 0.8662
step 500: E_final 4.863 E_first 14.738 td_loss 0.8581
step 1000: E_final 2.335 E_first 16.484 td_loss 0.8563
step 1500: E_final 2.278 E_first 17.098 td_loss 0.8288
step 2000: E_final 3.698 E_first 14.202 td_loss 0.8568
step 2500: E_final 1.966 E_first 14.219 td_loss 0.8566
step 3000: E_final 2.186 E_first 15.097 td_loss 0.8292
step 3500: E_final 1.790 E_first 16.057 td_loss 0.8112
step 4000: E_final 1.824 E_first 13.696 td_loss 0.8743
step 4500: E_final 2.056 E_first 17.829 td_loss 0.8387
step 5000: E_final 2.686 E_first 15.060 td_loss 0.8695
step 5500: E_final 1.302 E_first 14.945 td_loss 0.8279
step 6000: E_final 1.561 E_first 14.392 td_loss 0.8098
step 6400: critic+teacher frozen for the remaining 1600 actor steps
step 6500: E_final 2.097 E_first 14.557 td_loss nan
step 7000: E_final 1.742 E_first 13.814 td_loss nan
step 7500: E_final 1.839 E_first 14.027 td_loss nan
saved teacher value -> /workspace/metrics/lip_ac_fresh_value.pt
saved learned planner -> /workspace/actors/lip_ac_fresh.pt
