/workspace/code/stable-worldmodel/stable_worldmodel/envs/__init__.py:215: UserWarning: ale-py not found; ALE/* envs are unavailable. Install with: pip install 'stable-worldmodel[env]' or pip install ale-py.
  from stable_worldmodel.envs import ale  # noqa: F401
2026-07-12 10:00:23.250 | INFO     | stable_worldmodel.wm.utils:_resolve_folder:138 - Loading checkpoint from folder /workspace/ckpts/ogbench_cube_single_v2WM...
/workspace/code/stable-worldmodel/stable_worldmodel/wm/utils.py:81: FutureWarning: You are using `torch.load` with `weights_only=False` (the current default value), which uses the default pickle module implicitly. It is possible to construct malicious pickle data which will execute arbitrary code during unpickling (See https://github.com/pytorch/pytorch/blob/main/SECURITY.md#untrusted-models for more details). In a future release, the default value for `weights_only` will be flipped to `True`. This limits the functions that could be executed during unpickling. Arbitrary objects will no longer be allowed to be loaded via this mode unless they are explicitly allowlisted by the user via `torch.serialization.add_safe_globals`. We recommend you start setting `weights_only=True` for any use case where you don't have full control of the loaded file. Please open an issue on GitHub for any issues related to this experimental feature.
  state_dict = torch.load(checkpoint_path, map_location='cpu')
10:00:27 | INFO  | atomic_chec~| [atomic_save] installed crash-safe checkpoint plugin (write to sibling .tmp + fsync + atomic rename)
10:00:27 | INFO  | utils.py    | Created ViT-tiny from scratch with config: {'hidden_size': 192, 'num_hidden_layers': 12, 'num_attention_heads': 3, 'intermediate_size': 768, 'image_size': 224, 'patch_size': 14}
step 0: E_final 20.708 E_first 19.729 td_loss 0.8664
step 500: E_final 3.824 E_first 13.011 td_loss 1.0032
step 1000: E_final 2.880 E_first 12.957 td_loss 1.0199
step 1500: E_final 2.785 E_first 13.156 td_loss 0.9820
step 2000: E_final 2.066 E_first 11.412 td_loss 0.9924
step 2500: E_final 1.937 E_first 11.046 td_loss 0.9902
step 3000: E_final 1.969 E_first 11.095 td_loss 0.9974
step 3500: E_final 2.185 E_first 11.868 td_loss 0.9610
step 4000: E_final 1.289 E_first 10.177 td_loss 1.0004
step 4500: E_final 1.794 E_first 12.108 td_loss 1.0222
step 5000: E_final 1.529 E_first 10.564 td_loss 0.9638
step 5500: E_final 1.833 E_first 10.958 td_loss 0.9462
step 6000: E_final 1.439 E_first 10.554 td_loss 1.0241
step 6400: critic+teacher frozen for the remaining 1600 actor steps
step 6500: E_final 1.786 E_first 9.715 td_loss nan
step 7000: E_final 1.197 E_first 9.522 td_loss nan
step 7500: E_final 1.441 E_first 10.146 td_loss nan
saved teacher value -> /workspace/metrics/lip_ac_expand03_value.pt
saved learned planner -> /workspace/actors/lip_ac_expand03.pt
