/workspace/code/stable-worldmodel/stable_worldmodel/envs/__init__.py:215: UserWarning: ale-py not found; ALE/* envs are unavailable. Install with: pip install 'stable-worldmodel[env]' or pip install ale-py.
  from stable_worldmodel.envs import ale  # noqa: F401
2026-07-12 20:46:45.486 | INFO     | stable_worldmodel.wm.utils:_resolve_folder:138 - Loading checkpoint from folder /workspace/ckpts/ogbench_cube_single_v2WM...
/workspace/code/stable-worldmodel/stable_worldmodel/wm/utils.py:81: FutureWarning: You are using `torch.load` with `weights_only=False` (the current default value), which uses the default pickle module implicitly. It is possible to construct malicious pickle data which will execute arbitrary code during unpickling (See https://github.com/pytorch/pytorch/blob/main/SECURITY.md#untrusted-models for more details). In a future release, the default value for `weights_only` will be flipped to `True`. This limits the functions that could be executed during unpickling. Arbitrary objects will no longer be allowed to be loaded via this mode unless they are explicitly allowlisted by the user via `torch.serialization.add_safe_globals`. We recommend you start setting `weights_only=True` for any use case where you don't have full control of the loaded file. Please open an issue on GitHub for any issues related to this experimental feature.
  state_dict = torch.load(checkpoint_path, map_location='cpu')
20:46:49 | INFO  | atomic_chec~| [atomic_save] installed crash-safe checkpoint plugin (write to sibling .tmp + fsync + atomic rename)
20:46:49 | INFO  | utils.py    | Created ViT-tiny from scratch with config: {'hidden_size': 192, 'num_hidden_layers': 12, 'num_attention_heads': 3, 'intermediate_size': 768, 'image_size': 224, 'patch_size': 14}
step 0: E_final 20.712 E_first 19.732 td_loss 5.5212 tau 0.200 clr 1.00e-03 alr 3.00e-04
step 500: E_final 6.993 E_first 24.751 td_loss 4.8967 tau 0.187 clr 9.87e-04 alr 2.97e-04
step 1000: E_final 6.080 E_first 27.855 td_loss 4.9769 tau 0.173 clr 9.47e-04 alr 2.90e-04
step 1500: E_final 4.614 E_first 29.520 td_loss 4.7147 tau 0.160 clr 8.83e-04 alr 2.77e-04
step 2000: E_final 3.751 E_first 25.725 td_loss 4.1595 tau 0.147 clr 8.00e-04 alr 2.60e-04
step 2500: E_final 3.637 E_first 25.771 td_loss 3.9006 tau 0.134 clr 7.02e-04 alr 2.40e-04
step 3000: E_final 3.744 E_first 23.507 td_loss 3.4200 tau 0.120 clr 5.94e-04 alr 2.17e-04
step 3500: E_final 2.695 E_first 25.109 td_loss 3.0666 tau 0.107 clr 4.84e-04 alr 1.91e-04
step 4000: E_final 2.289 E_first 19.604 td_loss 2.7571 tau 0.094 clr 3.78e-04 alr 1.65e-04
step 4500: E_final 3.828 E_first 25.418 td_loss 2.3268 tau 0.080 clr 2.82e-04 alr 1.39e-04
step 5000: E_final 1.819 E_first 19.394 td_loss 1.8927 tau 0.067 clr 2.02e-04 alr 1.13e-04
step 5500: E_final 2.140 E_first 18.790 td_loss 1.5053 tau 0.054 clr 1.43e-04 alr 9.00e-05
step 6000: E_final 1.857 E_first 18.334 td_loss 1.2177 tau 0.041 clr 1.09e-04 alr 6.95e-05
step 6400: critic+teacher frozen for the remaining 1600 actor steps
step 6500: E_final 2.257 E_first 16.432 td_loss nan tau 0.030 clr 1.00e-04 alr 5.28e-05
step 7000: E_final 1.324 E_first 16.140 td_loss nan tau 0.030 clr 1.00e-04 alr 4.03e-05
step 7500: E_final 1.647 E_first 17.642 td_loss nan tau 0.030 clr 1.00e-04 alr 3.26e-05
saved teacher value -> /workspace/metrics/lip_ac90b_t02_value.pt
saved learned planner -> /workspace/actors/lip_ac90b_t02.pt
