/workspace/code/stable-worldmodel/stable_worldmodel/envs/__init__.py:215: UserWarning: ale-py not found; ALE/* envs are unavailable. Install with: pip install 'stable-worldmodel[env]' or pip install ale-py.
  from stable_worldmodel.envs import ale  # noqa: F401
2026-07-12 20:46:45.785 | INFO     | stable_worldmodel.wm.utils:_resolve_folder:138 - Loading checkpoint from folder /workspace/ckpts/ogbench_cube_single_v2WM...
/workspace/code/stable-worldmodel/stable_worldmodel/wm/utils.py:81: FutureWarning: You are using `torch.load` with `weights_only=False` (the current default value), which uses the default pickle module implicitly. It is possible to construct malicious pickle data which will execute arbitrary code during unpickling (See https://github.com/pytorch/pytorch/blob/main/SECURITY.md#untrusted-models for more details). In a future release, the default value for `weights_only` will be flipped to `True`. This limits the functions that could be executed during unpickling. Arbitrary objects will no longer be allowed to be loaded via this mode unless they are explicitly allowlisted by the user via `torch.serialization.add_safe_globals`. We recommend you start setting `weights_only=True` for any use case where you don't have full control of the loaded file. Please open an issue on GitHub for any issues related to this experimental feature.
  state_dict = torch.load(checkpoint_path, map_location='cpu')
20:46:50 | INFO  | atomic_chec~| [atomic_save] installed crash-safe checkpoint plugin (write to sibling .tmp + fsync + atomic rename)
20:46:50 | INFO  | utils.py    | Created ViT-tiny from scratch with config: {'hidden_size': 192, 'num_hidden_layers': 12, 'num_attention_heads': 3, 'intermediate_size': 768, 'image_size': 224, 'patch_size': 14}
step 0: E_final 20.711 E_first 19.732 td_loss 2.7831 tau 0.100 clr 1.00e-03 alr 3.00e-04
step 500: E_final 4.524 E_first 19.402 td_loss 2.5691 tau 0.096 clr 9.94e-04 alr 2.99e-04
step 1000: E_final 5.000 E_first 22.065 td_loss 2.5932 tau 0.093 clr 9.76e-04 alr 2.95e-04
step 1500: E_final 4.927 E_first 23.073 td_loss 2.5136 tau 0.089 clr 9.47e-04 alr 2.90e-04
step 2000: E_final 4.303 E_first 19.640 td_loss 2.3551 tau 0.085 clr 9.07e-04 alr 2.82e-04
step 2500: E_final 2.530 E_first 18.592 td_loss 2.2157 tau 0.082 clr 8.58e-04 alr 2.72e-04
step 3000: E_final 4.170 E_first 18.679 td_loss 2.1478 tau 0.078 clr 8.00e-04 alr 2.60e-04
step 3500: E_final 2.785 E_first 20.445 td_loss 2.0412 tau 0.074 clr 7.36e-04 alr 2.47e-04
step 4000: E_final 2.522 E_first 16.974 td_loss 2.0169 tau 0.071 clr 6.66e-04 alr 2.32e-04
step 4500: E_final 3.570 E_first 22.390 td_loss 1.8634 tau 0.067 clr 5.94e-04 alr 2.17e-04
step 5000: E_final 3.226 E_first 18.235 td_loss 1.7013 tau 0.064 clr 5.21e-04 alr 2.00e-04
step 5500: E_final 2.921 E_first 18.096 td_loss 1.5895 tau 0.060 clr 4.48e-04 alr 1.83e-04
step 6000: E_final 2.425 E_first 17.619 td_loss 1.6279 tau 0.056 clr 3.78e-04 alr 1.65e-04
step 6500: E_final 1.706 E_first 17.815 td_loss 1.4788 tau 0.053 clr 3.12e-04 alr 1.47e-04
step 7000: E_final 2.761 E_first 15.268 td_loss 1.4005 tau 0.049 clr 2.53e-04 alr 1.30e-04
step 7500: E_final 2.901 E_first 17.876 td_loss 1.2564 tau 0.045 clr 2.02e-04 alr 1.13e-04
step 8000: E_final 2.221 E_first 16.855 td_loss 1.1240 tau 0.042 clr 1.60e-04 alr 9.75e-05
step 8500: E_final 1.721 E_first 16.509 td_loss 1.0574 tau 0.038 clr 1.29e-04 alr 8.28e-05
step 9000: E_final 2.091 E_first 19.677 td_loss 0.9952 tau 0.034 clr 1.09e-04 alr 6.95e-05
step 9500: E_final 1.710 E_first 15.327 td_loss 0.8478 tau 0.031 clr 1.00e-04 alr 5.79e-05
step 9600: critic+teacher frozen for the remaining 2400 actor steps
step 10000: E_final 1.202 E_first 14.826 td_loss nan tau 0.030 clr 1.00e-04 alr 4.81e-05
step 10500: E_final 1.225 E_first 14.652 td_loss nan tau 0.030 clr 1.00e-04 alr 4.03e-05
step 11000: E_final 1.780 E_first 15.262 td_loss nan tau 0.030 clr 1.00e-04 alr 3.46e-05
step 11500: E_final 1.447 E_first 15.135 td_loss nan tau 0.030 clr 1.00e-04 alr 3.12e-05
saved teacher value -> /workspace/metrics/lip_ac90b_slow12k_value.pt
saved learned planner -> /workspace/actors/lip_ac90b_slow12k.pt
