/workspace/code/stable-worldmodel/stable_worldmodel/envs/__init__.py:215: UserWarning: ale-py not found; ALE/* envs are unavailable. Install with: pip install 'stable-worldmodel[env]' or pip install ale-py.
  from stable_worldmodel.envs import ale  # noqa: F401
2026-07-12 10:00:22.778 | INFO     | stable_worldmodel.wm.utils:_resolve_folder:138 - Loading checkpoint from folder /workspace/ckpts/ogbench_cube_single_v2WM...
/workspace/code/stable-worldmodel/stable_worldmodel/wm/utils.py:81: FutureWarning: You are using `torch.load` with `weights_only=False` (the current default value), which uses the default pickle module implicitly. It is possible to construct malicious pickle data which will execute arbitrary code during unpickling (See https://github.com/pytorch/pytorch/blob/main/SECURITY.md#untrusted-models for more details). In a future release, the default value for `weights_only` will be flipped to `True`. This limits the functions that could be executed during unpickling. Arbitrary objects will no longer be allowed to be loaded via this mode unless they are explicitly allowlisted by the user via `torch.serialization.add_safe_globals`. We recommend you start setting `weights_only=True` for any use case where you don't have full control of the loaded file. Please open an issue on GitHub for any issues related to this experimental feature.
  state_dict = torch.load(checkpoint_path, map_location='cpu')
10:00:26 | INFO  | atomic_chec~| [atomic_save] installed crash-safe checkpoint plugin (write to sibling .tmp + fsync + atomic rename)
10:00:26 | INFO  | utils.py    | Created ViT-tiny from scratch with config: {'hidden_size': 192, 'num_hidden_layers': 12, 'num_attention_heads': 3, 'intermediate_size': 768, 'image_size': 224, 'patch_size': 14}
step 0: E_final 20.708 E_first 19.729 td_loss 0.8664
step 500: E_final 3.830 E_first 15.325 td_loss 0.8339
step 1000: E_final 3.077 E_first 15.896 td_loss 0.8565
step 1500: E_final 3.017 E_first 16.517 td_loss 0.8360
step 2000: E_final 2.825 E_first 14.634 td_loss 0.8570
step 2500: E_final 1.815 E_first 14.489 td_loss 0.8312
step 3000: E_final 1.978 E_first 15.100 td_loss 0.8421
step 3500: E_final 2.313 E_first 16.051 td_loss 0.8075
step 4000: E_final 2.709 E_first 14.030 td_loss 0.8563
step 4500: E_final 2.242 E_first 17.395 td_loss 0.8330
step 5000: E_final 2.047 E_first 14.487 td_loss 0.8079
step 5500: E_final 1.666 E_first 15.279 td_loss 0.7959
step 6000: E_final 2.031 E_first 14.298 td_loss 0.8608
step 6400: critic+teacher frozen for the remaining 1600 actor steps
step 6500: E_final 1.861 E_first 14.216 td_loss nan
step 7000: E_final 2.461 E_first 12.989 td_loss nan
step 7500: E_final 1.650 E_first 14.643 td_loss nan
saved teacher value -> /workspace/metrics/lip_ac_warm_value.pt
saved learned planner -> /workspace/actors/lip_ac_warm.pt
