/workspace/code/stable-worldmodel/stable_worldmodel/envs/__init__.py:215: UserWarning: ale-py not found; ALE/* envs are unavailable. Install with: pip install 'stable-worldmodel[env]' or pip install ale-py.
  from stable_worldmodel.envs import ale  # noqa: F401
2026-07-12 20:46:44.634 | INFO     | stable_worldmodel.wm.utils:_resolve_folder:138 - Loading checkpoint from folder /workspace/ckpts/ogbench_cube_single_v2WM...
/workspace/code/stable-worldmodel/stable_worldmodel/wm/utils.py:81: FutureWarning: You are using `torch.load` with `weights_only=False` (the current default value), which uses the default pickle module implicitly. It is possible to construct malicious pickle data which will execute arbitrary code during unpickling (See https://github.com/pytorch/pytorch/blob/main/SECURITY.md#untrusted-models for more details). In a future release, the default value for `weights_only` will be flipped to `True`. This limits the functions that could be executed during unpickling. Arbitrary objects will no longer be allowed to be loaded via this mode unless they are explicitly allowlisted by the user via `torch.serialization.add_safe_globals`. We recommend you start setting `weights_only=True` for any use case where you don't have full control of the loaded file. Please open an issue on GitHub for any issues related to this experimental feature.
  state_dict = torch.load(checkpoint_path, map_location='cpu')
20:46:48 | INFO  | atomic_chec~| [atomic_save] installed crash-safe checkpoint plugin (write to sibling .tmp + fsync + atomic rename)
20:46:48 | INFO  | utils.py    | Created ViT-tiny from scratch with config: {'hidden_size': 192, 'num_hidden_layers': 12, 'num_attention_heads': 3, 'intermediate_size': 768, 'image_size': 224, 'patch_size': 14}
step 0: E_final 20.968 E_first 21.374 td_loss 2.7096 tau 0.100 clr 1.00e-03 alr 3.00e-04
step 500: E_final 6.551 E_first 18.436 td_loss 2.6793 tau 0.095 clr 9.87e-04 alr 2.97e-04
step 1000: E_final 5.995 E_first 21.435 td_loss 2.4325 tau 0.089 clr 9.47e-04 alr 2.90e-04
step 1500: E_final 3.751 E_first 21.609 td_loss 2.3765 tau 0.084 clr 8.83e-04 alr 2.77e-04
step 2000: E_final 6.640 E_first 21.457 td_loss 2.1397 tau 0.078 clr 8.00e-04 alr 2.60e-04
step 2500: E_final 3.315 E_first 20.990 td_loss 2.0081 tau 0.073 clr 7.02e-04 alr 2.40e-04
step 3000: E_final 3.370 E_first 19.386 td_loss 1.9370 tau 0.067 clr 5.94e-04 alr 2.17e-04
step 3500: E_final 2.827 E_first 17.939 td_loss 1.7132 tau 0.062 clr 4.84e-04 alr 1.91e-04
step 4000: E_final 3.448 E_first 21.310 td_loss 1.5809 tau 0.056 clr 3.78e-04 alr 1.65e-04
step 4500: E_final 2.710 E_first 18.212 td_loss 1.3943 tau 0.051 clr 2.82e-04 alr 1.39e-04
step 5000: E_final 1.757 E_first 15.425 td_loss 1.2427 tau 0.045 clr 2.02e-04 alr 1.13e-04
step 5500: E_final 2.444 E_first 15.617 td_loss 1.0923 tau 0.040 clr 1.43e-04 alr 9.00e-05
step 6000: E_final 1.471 E_first 15.187 td_loss 0.9965 tau 0.034 clr 1.09e-04 alr 6.95e-05
step 6400: critic+teacher frozen for the remaining 1600 actor steps
step 6500: E_final 2.137 E_first 14.491 td_loss nan tau 0.030 clr 1.00e-04 alr 5.28e-05
step 7000: E_final 1.285 E_first 13.211 td_loss nan tau 0.030 clr 1.00e-04 alr 4.03e-05
step 7500: E_final 1.989 E_first 15.067 td_loss nan tau 0.030 clr 1.00e-04 alr 3.26e-05
saved teacher value -> /workspace/metrics/lip_ac90b_seed1_value.pt
saved learned planner -> /workspace/actors/lip_ac90b_seed1.pt
