/workspace/snapshot2/stable_worldmodel/envs/__init__.py:215: UserWarning: ale-py not found; ALE/* envs are unavailable. Install with: pip install 'stable-worldmodel[env]' or pip install ale-py.
  from stable_worldmodel.envs import ale  # noqa: F401
[2026-07-12 15:33:27,151][OpenGL.platform.ctypesloader][INFO] - Failed to load library ( 'libOpenGL.so.0' ): libOpenGL.so.0: cannot open shared object file: No such file or directory
[2026-07-12 15:33:27,152][OpenGL.acceleratesupport][INFO] - No OpenGL_accelerate module loaded: No module named 'OpenGL_accelerate'
[2026-07-12 15:33:27,159][OpenGL.platform.ctypesloader][INFO] - Failed to load library ( 'libOpenGL.so.0' ): libOpenGL.so.0: cannot open shared object file: No such file or directory
[2026-07-12 15:33:27,197][absl][INFO] - MUJOCO_GL=egl, attempting to import specified OpenGL backend.
[2026-07-12 15:33:27,198][OpenGL.platform.ctypesloader][INFO] - Failed to load library ( 'libOpenGL.so.0' ): libOpenGL.so.0: cannot open shared object file: No such file or directory
[2026-07-12 15:33:27,226][absl][INFO] - MuJoCo library version is: 3.10.0
/usr/local/lib/python3.11/dist-packages/gymnasium/envs/registration.py:729: UserWarning: [33mWARN: The environment is being initialised with render_mode='rgb_array' that is not in the possible render_modes ([]).[0m
  logger.warn(
/usr/local/lib/python3.11/dist-packages/gymnasium/spaces/box.py:231: UserWarning: [33mWARN: Box low's precision lowered by casting to float32, current low.dtype=float64[0m
  gym.logger.warn(
/usr/local/lib/python3.11/dist-packages/gymnasium/spaces/box.py:297: UserWarning: [33mWARN: Box high's precision lowered by casting to float32, current high.dtype=float64[0m
  gym.logger.warn(
/usr/local/lib/python3.11/dist-packages/gymnasium/spaces/box.py:415: UserWarning: [33mWARN: Casting input x to numpy array.[0m
  gym.logger.warn("Casting input x to numpy array.")
15:33:53 | INFO  | atomic_chec~| [atomic_save] installed crash-safe checkpoint plugin (write to sibling .tmp + fsync + atomic rename)
[2026-07-12 15:33:55,290][root][INFO] - Cached 'action' from '/workspace/datasets/lewm_cube_full/cube_single_expert.h5'
15:33:57 | INFO  | utils.py    | Loading checkpoint from folder /workspace/ckpts/ogbench_cube_single_v2WM...
/workspace/snapshot2/stable_worldmodel/wm/utils.py:80: FutureWarning: You are using `torch.load` with `weights_only=False` (the current default value), which uses the default pickle module implicitly. It is possible to construct malicious pickle data which will execute arbitrary code during unpickling (See https://github.com/pytorch/pytorch/blob/main/SECURITY.md#untrusted-models for more details). In a future release, the default value for `weights_only` will be flipped to `True`. This limits the functions that could be executed during unpickling. Arbitrary objects will no longer be allowed to be loaded via this mode unless they are explicitly allowlisted by the user via `torch.serialization.add_safe_globals`. We recommend you start setting `weights_only=True` for any use case where you don't have full control of the loaded file. Please open an issue on GitHub for any issues related to this experimental feature.
  state_dict = torch.load(checkpoint_path, map_location='cpu')
15:33:58 | INFO  | utils.py    | Created ViT-tiny from scratch with config: {'hidden_size': 192, 'num_hidden_layers': 12, 'num_attention_heads': 3, 'intermediate_size': 768, 'image_size': 224, 'patch_size': 14}
Error executing job with overrides: ['seed=42', 'eval.dataset_name=/workspace/datasets/lewm_cube_full/cube_single_expert.h5', 'eval.goal_offset_steps=200', 'eval.eval_budget=400', '++bf16=true', 'eval.img_size=224', 'policy=/workspace/ckpts/ogbench_cube_single_v2WM', 'solver=mppi_actor', '+metric=', '+cost_mode=replacement', '+solver.actor_path=/workspace/metrics/lip200_md36lr2e4.pt', 'solver.n_steps=0', 'output.filename=ev_h200_lips_md36lr2e4_s42.txt']
Error in call to target 'stable_worldmodel.solver.mppi_actor.MPPIActorSolver':
FileNotFoundError(2, 'No such file or directory')
full_key: solver

Set the environment variable HYDRA_FULL_ERROR=1 for a complete stack trace.
