[0714-23:00:01] === phase anchors
[0714-23:28:49] eval card_lv1ctrl_hard_h25_s42: 100.0
[0714-23:51:37] eval card_lv1ctrl_hard_h50_s42: FAILED (see /workspace/logs/eval_card_lv1ctrl_hard_h50_s42.log)
[0714-23:51:37] eval latent_hard_h50_s42: FAILED (see /workspace/logs/eval_latent_hard_h50_s42.log)
[0714-23:51:38] eval card_lv1ctrl_std_h25_s42: FAILED (see /workspace/logs/eval_card_lv1ctrl_std_h25_s42.log)
[0714-23:51:38] eval latent_std_h50_s42: FAILED (see /workspace/logs/eval_latent_std_h50_s42.log)
[0714-23:52:27] eval card_lv1ctrl_hard_h25_s43: 100.0
[0714-23:52:27] eval card_lv1ctrl_std_h50_s42: 100.0
[0714-23:53:22] === v2 phase 1: 6 screen trainings (GPU) + anchor evals (CPU queue, NWORK=12)
[0714-23:53:22] train base_s0: start gpu0 [--drop-z0 --drop-zg]
[0714-23:53:22] train ng_s0: start gpu1 [--drop-z0 --drop-zg --no-gate]
[0714-23:53:22] train fullin_s0: start gpu1 []
[0714-23:53:22] train sched_s0: start gpu2 [--drop-z0 --drop-zg --critic-lr-final 1e-4 --expectile-final 0.03 --actor-lr-final 3e-5]
[0714-23:53:22] train ax35_s0: start gpu0 [--drop-z0 --drop-zg --amax 3.5]
[0714-23:53:22] train md12_s0: start gpu3 [--drop-z0 --drop-zg --max-delta 12]
[0714-23:53:22] eval card_lv1ctrl_std_h50_s42: cached (100.0)
[0714-23:53:22] eval card_lv1ctrl_hard_h25_s42: cached (100.0)
[0714-23:53:23] eval card_lv1ctrl_hard_h25_s43: cached (100.0)
[0714-23:53:59] eval card_lv1ctrl_std_h25_s42: 100.0
[0714-23:53:59] eval card_lv1ctrl_std_h25_s43: 98.0
[0714-23:54:01] eval card_lv1ctrl_std_h25_s44: 100.0
[0714-23:54:04] eval card_lv1ctrl_hard_h25_s44: 100.0
[0714-23:54:06] eval card_lv1ctrl_hard_h50_s43: 100.0
[0714-23:54:09] eval card_lv1ctrl_hard_h50_s42: 100.0
[0714-23:54:16] eval card_lv1ctrl_hard_h50_s44: 100.0
[0714-23:54:16] eval card_lv1ctrl_std_h50_s43: 100.0
[0714-23:54:19] eval card_lv1ctrl_std_h50_s44: 98.0
[0714-23:56:12] eval latent_std_h50_s42: 62.0
[0714-23:56:17] eval latent_hard_h50_s42: 70.0
[0714-23:56:17] anchor queue drained
[0714-23:56:17] anchor card OK (all >= 98). latent: std_h50 62.0 (ref 68.0), hard_h50 70.0 (ref 56.0)
[0715-01:28:46] train sched_s0: done, E_final 0.816 (indicator only)
[0715-01:32:05] train md12_s0: done, E_final 0.962 (indicator only)
[0715-01:37:26] train ax35_s0: done, E_final 1.339 (indicator only)
[0715-01:37:26] train base_s0: done, E_final 1.289 (indicator only)
[0715-01:38:16] train ng_s0: done, E_final 1.018 (indicator only)
[0715-01:38:21] train fullin_s0: done, E_final 1.087 (indicator only)
[0715-01:38:21] screen trainings all done
[0715-01:38:21] === v2 phase 2: screen evals (18 cells)
[0715-01:38:58] eval m0_ng_hard_h25_s42: 100.0
[0715-01:39:00] eval m0_base_std_h50_s42: 100.0
[0715-01:39:01] eval m0_base_hard_h25_s42: 98.0
[0715-01:39:02] eval m0_sched_hard_h25_s42: 100.0
[0715-01:39:09] eval m0_ng_hard_h50_s42: 100.0
[0715-01:39:09] eval m0_ng_std_h50_s42: 100.0
[0715-01:39:10] eval m0_base_hard_h50_s42: 100.0
[0715-01:39:14] eval m0_sched_hard_h50_s42: 100.0
[0715-01:39:17] eval m0_sched_std_h50_s42: 100.0
[0715-01:39:31] eval m0_md12_hard_h25_s42: 96.0
[0715-01:39:37] eval m0_ax35_hard_h25_s42: 96.0
[0715-01:39:45] eval m0_fullin_hard_h25_s42: 96.0
[0715-01:39:52] eval m0_md12_hard_h50_s42: 100.0
[0715-01:39:54] eval m0_ax35_hard_h50_s42: 90.0
[0715-01:39:55] eval m0_md12_std_h50_s42: 98.0
[0715-01:39:57] eval m0_fullin_hard_h50_s42: 100.0
[0715-01:39:58] eval m0_fullin_std_h50_s42: 100.0
[0715-01:40:02] eval m0_ax35_std_h50_s42: 98.0
[0715-01:40:02] screen queue drained
[0715-01:40:02] === screen results
[0715-01:40:02] screen base: 98.0/100.0/100.0 sum 298
[0715-01:40:02] screen ng: 100.0/100.0/100.0 sum 300
[0715-01:40:02] screen sched: 100.0/100.0/100.0 sum 300
[0715-01:40:02] screen md12: 96.0/100.0/98.0 sum 294
[0715-01:40:02] screen ax35: 96.0/90.0/98.0 sum 284
[0715-01:40:02] screen fullin: 96.0/100.0/100.0 sum 296
[0715-01:40:02] === v2 phase 3: cards for [ ng sched]
[0715-01:40:38] eval card_m0ng-s0_std_h25_s43: 100.0
[0715-01:40:41] eval card_m0ng-s0_std_h25_s42: 100.0
[0715-01:40:46] eval card_m0ng-s0_std_h50_s43: 100.0
[0715-01:40:46] eval card_m0ng-s0_std_h25_s44: 100.0
[0715-01:40:47] eval card_m0ng-s0_hard_h25_s42: 100.0
[0715-01:40:49] eval card_m0ng-s0_std_h50_s42: 100.0
[0715-01:40:52] eval card_m0ng-s0_std_h50_s44: 100.0
[0715-01:40:56] eval card_m0ng-s0_hard_h25_s43: 100.0
[0715-01:40:59] eval card_m0ng-s0_hard_h50_s42: 100.0
[0715-01:41:16] eval card_m0ng-s0_hard_h50_s43: 100.0
[0715-01:41:17] eval card_m0ng-s0_hard_h25_s44: 96.0
[0715-01:41:19] eval card_m0sched-s0_std_h25_s42: 100.0
[0715-01:41:23] eval card_m0sched-s0_std_h25_s43: 100.0
[0715-01:41:25] eval card_m0sched-s0_std_h50_s42: 100.0
[0715-01:41:26] eval card_m0sched-s0_std_h25_s44: 100.0
[0715-01:41:30] eval card_m0sched-s0_std_h50_s43: 100.0
[0715-01:41:31] eval card_m0ng-s0_hard_h50_s44: 100.0
[0715-01:41:34] eval card_m0sched-s0_hard_h25_s42: 100.0
[0715-01:41:38] eval card_m0sched-s0_std_h50_s44: 100.0
[0715-01:41:48] eval card_m0sched-s0_hard_h50_s42: 100.0
[0715-01:41:54] eval card_m0sched-s0_hard_h25_s43: 100.0
[0715-01:41:59] eval card_m0sched-s0_hard_h25_s44: 100.0
[0715-01:42:05] eval card_m0sched-s0_hard_h50_s43: 100.0
[0715-01:42:06] eval card_m0sched-s0_hard_h50_s44: 100.0
[0715-01:42:06] cards queue drained
[0715-01:42:06] card m0ng-s0 sum: 1196
[0715-01:42:06] card m0sched-s0 sum: 1200
[0715-01:42:06] best min0 arm: sched (card sum 1200 / 1200)
[0715-01:42:06] === v2 phase 4: sched seeds 1,2
[0715-01:42:06] train sched_s1: start gpu0 [--drop-z0 --drop-zg --critic-lr-final 1e-4 --expectile-final 0.03 --actor-lr-final 3e-5]
[0715-01:42:06] train sched_s2: start gpu1 [--drop-z0 --drop-zg --critic-lr-final 1e-4 --expectile-final 0.03 --actor-lr-final 3e-5]
[0715-03:19:36] train sched_s2: done, E_final 0.817 (indicator only)
[0715-03:23:02] train sched_s1: done, E_final 0.482 (indicator only)
[0715-03:23:36] eval card_m0sched-s1_std_h25_s43: 100.0
[0715-03:23:37] eval card_m0sched-s1_std_h25_s42: 100.0
[0715-03:23:38] eval card_m0sched-s1_std_h25_s44: 100.0
[0715-03:23:43] eval card_m0sched-s1_hard_h25_s42: 100.0
[0715-03:23:44] eval card_m0sched-s1_std_h50_s44: 100.0
[0715-03:23:45] eval card_m0sched-s1_std_h50_s42: 100.0
[0715-03:23:46] eval card_m0sched-s1_std_h50_s43: 100.0
[0715-03:24:00] eval card_m0sched-s1_hard_h50_s42: 100.0
[0715-03:24:09] eval card_m0sched-s1_hard_h25_s43: 100.0
[0715-03:24:13] eval card_m0sched-s1_hard_h25_s44: 100.0
[0715-03:24:18] eval card_m0sched-s2_std_h25_s42: 100.0
[0715-03:24:19] eval card_m0sched-s1_hard_h50_s43: 100.0
[0715-03:24:19] eval card_m0sched-s2_std_h25_s43: 100.0
[0715-03:24:22] eval card_m0sched-s2_std_h50_s42: 100.0
[0715-03:24:22] eval card_m0sched-s1_hard_h50_s44: 100.0
[0715-03:24:30] eval card_m0sched-s2_std_h50_s43: 100.0
[0715-03:24:35] eval card_m0sched-s2_std_h25_s44: 100.0
[0715-03:24:42] eval card_m0sched-s2_std_h50_s44: 100.0
[0715-03:24:48] eval card_m0sched-s2_hard_h25_s42: 100.0
[0715-03:24:57] eval card_m0sched-s2_hard_h25_s43: 100.0
[0715-03:24:59] eval card_m0sched-s2_hard_h25_s44: 98.0
[0715-03:25:00] eval card_m0sched-s2_hard_h50_s42: 100.0
[0715-03:25:01] eval card_m0sched-s2_hard_h50_s43: 100.0
[0715-03:25:08] eval card_m0sched-s2_hard_h50_s44: 100.0
[0715-03:25:08] seed cards drained
[0715-03:25:09] === FINAL SUMMARY
card_lv1ctrl_hard_h25_s42,100.0
card_lv1ctrl_hard_h25_s43,100.0
card_lv1ctrl_hard_h25_s44,100.0
card_lv1ctrl_hard_h50_s42,100.0
card_lv1ctrl_hard_h50_s43,100.0
card_lv1ctrl_hard_h50_s44,100.0
card_lv1ctrl_std_h25_s42,100.0
card_lv1ctrl_std_h25_s43,98.0
card_lv1ctrl_std_h25_s44,100.0
card_lv1ctrl_std_h50_s42,100.0
card_lv1ctrl_std_h50_s43,100.0
card_lv1ctrl_std_h50_s44,98.0
card_m0ng-s0_hard_h25_s42,100.0
card_m0ng-s0_hard_h25_s43,100.0
card_m0ng-s0_hard_h25_s44,96.0
card_m0ng-s0_hard_h50_s42,100.0
card_m0ng-s0_hard_h50_s43,100.0
card_m0ng-s0_hard_h50_s44,100.0
card_m0ng-s0_std_h25_s42,100.0
card_m0ng-s0_std_h25_s43,100.0
card_m0ng-s0_std_h25_s44,100.0
card_m0ng-s0_std_h50_s42,100.0
card_m0ng-s0_std_h50_s43,100.0
card_m0ng-s0_std_h50_s44,100.0
card_m0sched-s0_hard_h25_s42,100.0
card_m0sched-s0_hard_h25_s43,100.0
card_m0sched-s0_hard_h25_s44,100.0
card_m0sched-s0_hard_h50_s42,100.0
card_m0sched-s0_hard_h50_s43,100.0
card_m0sched-s0_hard_h50_s44,100.0
card_m0sched-s0_std_h25_s42,100.0
card_m0sched-s0_std_h25_s43,100.0
card_m0sched-s0_std_h25_s44,100.0
card_m0sched-s0_std_h50_s42,100.0
card_m0sched-s0_std_h50_s43,100.0
card_m0sched-s0_std_h50_s44,100.0
card_m0sched-s1_hard_h25_s42,100.0
card_m0sched-s1_hard_h25_s43,100.0
card_m0sched-s1_hard_h25_s44,100.0
card_m0sched-s1_hard_h50_s42,100.0
card_m0sched-s1_hard_h50_s43,100.0
card_m0sched-s1_hard_h50_s44,100.0
card_m0sched-s1_std_h25_s42,100.0
card_m0sched-s1_std_h25_s43,100.0
card_m0sched-s1_std_h25_s44,100.0
card_m0sched-s1_std_h50_s42,100.0
card_m0sched-s1_std_h50_s43,100.0
card_m0sched-s1_std_h50_s44,100.0
card_m0sched-s2_hard_h25_s42,100.0
card_m0sched-s2_hard_h25_s43,100.0
card_m0sched-s2_hard_h25_s44,98.0
card_m0sched-s2_hard_h50_s42,100.0
card_m0sched-s2_hard_h50_s43,100.0
card_m0sched-s2_hard_h50_s44,100.0
card_m0sched-s2_std_h25_s42,100.0
card_m0sched-s2_std_h25_s43,100.0
card_m0sched-s2_std_h25_s44,100.0
card_m0sched-s2_std_h50_s42,100.0
card_m0sched-s2_std_h50_s43,100.0
card_m0sched-s2_std_h50_s44,100.0
latent_hard_h50_s42,70.0
latent_std_h50_s42,62.0
m0_ax35_hard_h25_s42,96.0
m0_ax35_hard_h50_s42,90.0
m0_ax35_std_h50_s42,98.0
m0_base_hard_h25_s42,98.0
m0_base_hard_h50_s42,100.0
m0_base_std_h50_s42,100.0
m0_fullin_hard_h25_s42,96.0
m0_fullin_hard_h50_s42,100.0
m0_fullin_std_h50_s42,100.0
m0_md12_hard_h25_s42,96.0
m0_md12_hard_h50_s42,100.0
m0_md12_std_h50_s42,98.0
m0_ng_hard_h25_s42,100.0
m0_ng_hard_h50_s42,100.0
m0_ng_std_h50_s42,100.0
m0_sched_hard_h25_s42,100.0
m0_sched_hard_h50_s42,100.0
m0_sched_std_h50_s42,100.0
[0715-03:25:09] PERFECT CARDS:  m0sched-s0 m0sched-s1 
[0715-03:25:09] ALL DONE
