[0715-05:12:12] === lip4 wave 1: 8 trainings (4 arms s0 + speculative a25/hs seeds 1,2)
[0715-05:12:12] train v4_a25_s0: start gpu1 []
[0715-05:12:12] train v4_a30_s0: start gpu2 [--amax 3.0]
[0715-05:12:12] train v4_hs_s0: start gpu3 [--head-scale 0.01]
[0715-05:12:12] train v4_hs_s1: start gpu2 [--head-scale 0.01]
[0715-05:12:12] train v4_hs_s2: start gpu3 [--head-scale 0.01]
[0715-05:12:12] train v4_a25_s1: start gpu0 []
[0715-05:12:12] train v4_a25_s2: start gpu1 []
[0715-05:12:12] train v4_a20_s0: start gpu0 [--amax 2.0]
[0715-06:56:30] train v4_hs_s0: done, E_final 0.555 (indicator only)
[0715-06:56:31] train v4_a30_s0: done, E_final 0.541 (indicator only)
[0715-06:56:33] train v4_a25_s0: done, E_final 0.524 (indicator only)
[0715-06:56:35] train v4_hs_s2: done, E_final 0.705 (indicator only)
[0715-06:56:37] train v4_hs_s1: done, E_final 0.391 (indicator only)
[0715-06:56:55] train v4_a25_s2: done, E_final 1.024 (indicator only)
[0715-06:57:11] train v4_a25_s1: done, E_final 0.417 (indicator only)
[0715-06:57:12] train v4_a20_s0: done, E_final 0.608 (indicator only)
[0715-06:57:12] wave 1 trainings done
[0715-06:57:12] === lip4 cards
[0715-06:57:43] eval card_v4a20-s0_std_h25_s42: 100.0
[0715-06:57:46] eval card_v4a20-s0_std_h25_s43: 100.0
[0715-06:57:49] eval card_v4a20-s0_std_h25_s44: 100.0
[0715-06:57:52] eval card_v4a20-s0_hard_h25_s42: 100.0
[0715-06:57:52] eval card_v4a20-s0_std_h50_s43: 100.0
[0715-06:57:53] eval card_v4a20-s0_std_h50_s42: 100.0
[0715-06:57:56] eval card_v4a20-s0_std_h50_s44: 100.0
[0715-06:58:02] eval card_v4a20-s0_hard_h50_s42: 100.0
[0715-06:58:19] eval card_v4a20-s0_hard_h25_s43: 100.0
[0715-06:58:20] eval card_v4a25-s0_std_h25_s42: 100.0
[0715-06:58:20] eval card_v4a20-s0_hard_h25_s44: 100.0
[0715-06:58:23] eval card_v4a20-s0_hard_h50_s43: 100.0
[0715-06:58:26] eval card_v4a25-s0_std_h25_s43: 100.0
[0715-06:58:28] eval card_v4a20-s0_hard_h50_s44: 100.0
[0715-06:58:32] eval card_v4a25-s0_std_h50_s42: 100.0
[0715-06:58:36] eval card_v4a25-s0_std_h25_s44: 100.0
[0715-06:58:38] eval card_v4a25-s0_std_h50_s43: 100.0
[0715-06:58:58] eval card_v4a25-s0_hard_h25_s43: 100.0
[0715-06:58:59] eval card_v4a25-s0_hard_h25_s42: 100.0
[0715-06:58:59] eval card_v4a25-s0_std_h50_s44: 100.0
[0715-06:59:02] eval card_v4a25-s0_hard_h25_s44: 98.0
[0715-06:59:04] eval card_v4a25-s0_hard_h50_s43: 100.0
[0715-06:59:04] eval card_v4a25-s0_hard_h50_s42: 100.0
[0715-06:59:06] eval card_v4a25-s1_std_h25_s42: 98.0
[0715-06:59:08] eval card_v4a25-s1_std_h25_s43: 100.0
[0715-06:59:09] eval card_v4a25-s1_std_h50_s42: 100.0
[0715-06:59:10] eval card_v4a25-s0_hard_h50_s44: 100.0
[0715-06:59:30] eval card_v4a25-s1_std_h50_s43: 100.0
[0715-06:59:34] eval card_v4a25-s1_std_h25_s44: 100.0
[0715-06:59:38] eval card_v4a25-s1_hard_h25_s42: 100.0
[0715-06:59:40] eval card_v4a25-s2_std_h25_s42: 100.0
[0715-06:59:42] eval card_v4a25-s1_hard_h25_s43: 100.0
[0715-06:59:46] eval card_v4a25-s1_hard_h25_s44: 96.0
[0715-06:59:47] eval card_v4a25-s1_std_h50_s44: 100.0
[0715-06:59:48] eval card_v4a25-s2_std_h25_s43: 100.0
[0715-06:59:53] eval card_v4a25-s2_std_h50_s42: 100.0
[0715-06:59:56] eval card_v4a25-s1_hard_h50_s42: 100.0
[0715-06:59:56] eval card_v4a25-s1_hard_h50_s44: 100.0
[0715-07:00:00] eval card_v4a25-s1_hard_h50_s43: 100.0
[0715-07:00:09] eval card_v4a25-s2_std_h25_s44: 100.0
[0715-07:00:13] eval card_v4a25-s2_std_h50_s43: 100.0
[0715-07:00:14] eval card_v4a25-s2_hard_h25_s42: 100.0
[0715-07:00:18] eval card_v4a25-s2_std_h50_s44: 100.0
[0715-07:00:22] eval card_v4a25-s2_hard_h25_s43: 100.0
[0715-07:00:24] eval card_v4a25-s2_hard_h25_s44: 100.0
[0715-07:00:26] eval card_v4a25-s2_hard_h50_s43: 100.0
[0715-07:00:29] eval card_v4a25-s2_hard_h50_s42: 100.0
[0715-07:00:30] eval card_v4a30-s0_std_h25_s42: 100.0
[0715-07:00:32] eval card_v4a25-s2_hard_h50_s44: 100.0
[0715-07:00:35] eval card_v4a30-s0_std_h25_s43: 100.0
[0715-07:00:42] eval card_v4a30-s0_std_h50_s42: 100.0
[0715-07:00:51] eval card_v4a30-s0_std_h25_s44: 100.0
[0715-07:00:56] eval card_v4a30-s0_std_h50_s43: 100.0
[0715-07:00:59] eval card_v4a30-s0_hard_h25_s42: 98.0
[0715-07:01:02] eval card_v4a30-s0_std_h50_s44: 100.0
[0715-07:01:03] eval card_v4hs-s0_std_h25_s42: 100.0
[0715-07:01:03] eval card_v4a30-s0_hard_h25_s43: 98.0
[0715-07:01:04] eval card_v4a30-s0_hard_h25_s44: 94.0
[0715-07:01:09] eval card_v4a30-s0_hard_h50_s42: 100.0
[0715-07:01:14] eval card_v4a30-s0_hard_h50_s44: 100.0
[0715-07:01:15] eval card_v4hs-s0_std_h25_s43: 100.0
[0715-07:01:19] eval card_v4a30-s0_hard_h50_s43: 98.0
[0715-07:01:28] eval card_v4hs-s0_std_h50_s42: 94.0
[0715-07:01:30] eval card_v4hs-s0_std_h25_s44: 100.0
[0715-07:01:40] eval card_v4hs-s0_hard_h25_s42: 96.0
[0715-07:01:41] eval card_v4hs-s0_hard_h25_s43: 96.0
[0715-07:01:47] eval card_v4hs-s0_std_h50_s43: 92.0
[0715-07:01:47] eval card_v4hs-s0_hard_h25_s44: 98.0
[0715-07:01:51] eval card_v4hs-s1_std_h25_s42: 98.0
[0715-07:01:54] eval card_v4hs-s0_std_h50_s44: 98.0
[0715-07:01:54] eval card_v4hs-s0_hard_h50_s43: 96.0
[0715-07:02:02] eval card_v4hs-s1_std_h50_s42: 100.0
[0715-07:02:02] eval card_v4hs-s0_hard_h50_s42: 96.0
[0715-07:02:05] eval card_v4hs-s1_std_h25_s43: 100.0
[0715-07:02:05] eval card_v4hs-s0_hard_h50_s44: 88.0
[0715-07:02:17] eval card_v4hs-s1_std_h25_s44: 98.0
[0715-07:02:25] eval card_v4hs-s1_std_h50_s43: 98.0
[0715-07:02:27] eval card_v4hs-s1_std_h50_s44: 100.0
[0715-07:02:28] eval card_v4hs-s1_hard_h25_s42: 98.0
[0715-07:02:29] eval card_v4hs-s1_hard_h25_s43: 100.0
[0715-07:02:34] eval card_v4hs-s1_hard_h25_s44: 98.0
[0715-07:02:38] eval card_v4hs-s2_std_h25_s42: 100.0
[0715-07:02:40] eval card_v4hs-s2_std_h25_s43: 100.0
[0715-07:02:43] eval card_v4hs-s1_hard_h50_s42: 100.0
[0715-07:02:44] eval card_v4hs-s1_hard_h50_s43: 98.0
[0715-07:02:51] eval card_v4hs-s2_std_h50_s42: 100.0
[0715-07:02:53] eval card_v4hs-s1_hard_h50_s44: 100.0
[0715-07:03:02] eval card_v4hs-s2_std_h25_s44: 100.0
[0715-07:03:06] eval card_v4hs-s2_hard_h25_s42: 100.0
[0715-07:03:11] eval card_v4hs-s2_std_h50_s43: 100.0
[0715-07:03:15] eval card_v4hs-s2_hard_h25_s43: 98.0
[0715-07:03:15] eval card_v4hs-s2_std_h50_s44: 100.0
[0715-07:03:17] eval card_v4hs-s2_hard_h50_s42: 100.0
[0715-07:03:20] eval card_v4hs-s2_hard_h25_s44: 98.0
[0715-07:03:25] eval card_v4hs-s2_hard_h50_s43: 100.0
[0715-07:03:32] eval card_v4hs-s2_hard_h50_s44: 100.0
[0715-07:03:32] cards drained
[0715-07:03:32] === lip4 card sums
[0715-07:03:32] card v4a20-s0: 1200
[0715-07:03:32] card v4a25-s0: 1198
[0715-07:03:32] card v4a25-s1: 1194
[0715-07:03:33] card v4a25-s2: 1200
[0715-07:03:33] card v4a30-s0: 1188
[0715-07:03:33] card v4hs-s0: 1154
[0715-07:03:33] card v4hs-s1: 1188
[0715-07:03:33] card v4hs-s2: 1196
[0715-07:03:34] === LIP4 FINAL
[0715-07:03:35] PERFECT CARDS: v4a20-s0 v4a25-s2
[0715-07:03:35] LIP4 ALL DONE
[0715-07:05:14] === lip4 a20 extension: seeds 1,2
[0715-07:05:14] train v4_a20_s2: start gpu1
[0715-07:05:14] train v4_a20_s1: start gpu0
[0715-08:41:41] train v4_a20_s1: done, E_final 0.415 (indicator only)
[0715-08:42:06] train v4_a20_s2: done, E_final 0.643 (indicator only)
[0715-08:42:40] eval card_v4a20-s1_std_h25_s44: 100.0
[0715-08:42:41] eval card_v4a20-s1_std_h25_s43: 100.0
[0715-08:42:42] eval card_v4a20-s1_std_h25_s42: 100.0
[0715-08:42:44] eval card_v4a20-s1_std_h50_s42: 100.0
[0715-08:42:45] eval card_v4a20-s1_std_h50_s43: 100.0
[0715-08:42:45] eval card_v4a20-s1_std_h50_s44: 100.0
[0715-08:42:46] eval card_v4a20-s1_hard_h25_s42: 100.0
[0715-08:42:49] eval card_v4a20-s1_hard_h50_s42: 100.0
[0715-08:42:52] eval card_v4a20-s1_hard_h25_s43: 100.0
[0715-08:43:09] eval card_v4a20-s2_std_h25_s42: 100.0
[0715-08:43:15] eval card_v4a20-s1_hard_h25_s44: 100.0
[0715-08:43:16] eval card_v4a20-s1_hard_h50_s43: 100.0
[0715-08:43:22] eval card_v4a20-s2_std_h25_s43: 100.0
[0715-08:43:22] eval card_v4a20-s2_std_h25_s44: 100.0
[0715-08:43:22] eval card_v4a20-s1_hard_h50_s44: 100.0
[0715-08:43:24] eval card_v4a20-s2_std_h50_s42: 100.0
[0715-08:43:26] eval card_v4a20-s2_std_h50_s43: 100.0
[0715-08:43:26] eval card_v4a20-s2_hard_h25_s42: 100.0
[0715-08:43:34] eval card_v4a20-s2_std_h50_s44: 98.0
[0715-08:43:46] eval card_v4a20-s2_hard_h25_s43: 100.0
[0715-08:43:51] eval card_v4a20-s2_hard_h25_s44: 100.0
[0715-08:44:00] eval card_v4a20-s2_hard_h50_s44: 100.0
[0715-08:44:04] eval card_v4a20-s2_hard_h50_s42: 98.0
[0715-08:44:05] eval card_v4a20-s2_hard_h50_s43: 100.0
[0715-08:44:05] === a20 family sums
[0715-08:44:05] card v4a20-s0: 1200
[0715-08:44:05] card v4a20-s1: 1200
[0715-08:44:05] card v4a20-s2: 1196
[0715-08:44:05] A20 PERFECT CARDS: v4a20-s0 v4a20-s1
[0715-08:44:06] A20 EXT DONE
[0715-17:17:10] === scores round: latent card + random card + v4a20-s2 R8 probes
[0715-17:17:11] eval latent_std_h50_s42: cached (62.0)
[0715-17:17:42] eval random_std_h25_s42: 18.0
[0715-17:17:49] eval random_std_h25_s43: 22.0
[0715-17:17:52] eval random_std_h50_s42: 12.0
[0715-17:18:01] eval latent_std_h25_s43: 84.0
[0715-17:18:01] eval latent_hard_h50_s42: cached (70.0)
[0715-17:18:05] eval random_std_h50_s43: 8.0
[0715-17:18:14] eval latent_std_h25_s42: 88.0
[0715-17:18:17] eval random_std_h25_s44: 22.0
[0715-17:18:19] eval latent_std_h25_s44: 80.0
[0715-17:18:30] eval random_std_h50_s44: 10.0
[0715-17:18:38] eval random_hard_h25_s42: 14.000000000000002
[0715-17:18:45] eval latent_std_h50_s43: 57.99999999999999
[0715-17:18:45] eval random_hard_h50_s42: 4.0
[0715-17:18:48] eval latent_hard_h25_s42: 84.0
[0715-17:18:53] eval random_hard_h25_s43: 16.0
[0715-17:19:06] eval latent_std_h50_s44: 54.0
[0715-17:19:11] eval random_hard_h50_s43: 0.0
[0715-17:19:18] eval random_hard_h25_s44: 10.0
[0715-17:19:18] eval latent_hard_h25_s43: 84.0
[0715-17:19:23] eval latent_hard_h25_s44: 80.0
[0715-17:19:26] eval r8probe_v4a20s2_std_h50_s44: 100.0
[0715-17:19:27] eval random_hard_h50_s44: 2.0
[0715-17:19:30] eval r8probe_v4a20s2_hard_h50_s42: 100.0
[0715-17:19:45] eval latent_hard_h50_s43: 72.0
[0715-17:20:03] eval latent_hard_h50_s44: 62.0
[0715-17:20:03] === scores round results
[0715-17:20:03] latent_std_h25_s42: 88.0 | random: 18.0
[0715-17:20:03] latent_std_h50_s42: 62.0 | random: 12.0
[0715-17:20:03] latent_std_h25_s43: 84.0 | random: 22.0
[0715-17:20:03] latent_std_h50_s43: 57.99999999999999 | random: 8.0
[0715-17:20:03] latent_std_h25_s44: 80.0 | random: 22.0
[0715-17:20:03] latent_std_h50_s44: 54.0 | random: 10.0
[0715-17:20:03] latent_hard_h25_s42: 84.0 | random: 14.000000000000002
[0715-17:20:03] latent_hard_h50_s42: 70.0 | random: 4.0
[0715-17:20:03] latent_hard_h25_s43: 84.0 | random: 16.0
[0715-17:20:03] latent_hard_h50_s43: 72.0 | random: 0.0
[0715-17:20:03] latent_hard_h25_s44: 80.0 | random: 10.0
[0715-17:20:03] latent_hard_h50_s44: 62.0 | random: 2.0
[0715-17:20:03] R8 probes: std_h50_s44 100.0 | hard_h50_s42 100.0
[0715-17:20:03] SCORES ROUND DONE
[0715-17:21:14] === R8 cards for v4a20 s0/s1/s2
[0715-17:21:45] eval card_v4a20r8-s0_std_h25_s42: 100.0
[0715-17:21:50] eval card_v4a20r8-s0_std_h25_s44: 100.0
[0715-17:21:53] eval card_v4a20r8-s0_std_h50_s42: 100.0
[0715-17:21:53] eval card_v4a20r8-s0_std_h25_s43: 100.0
[0715-17:21:54] eval card_v4a20r8-s0_hard_h25_s43: 100.0
[0715-17:21:55] eval card_v4a20r8-s0_hard_h25_s42: 100.0
[0715-17:22:00] eval card_v4a20r8-s0_std_h50_s44: 100.0
[0715-17:22:02] eval card_v4a20r8-s0_std_h50_s43: 98.0
[0715-17:22:02] eval card_v4a20r8-s0_hard_h50_s42: 100.0
[0715-17:22:08] eval card_v4a20r8-s0_hard_h50_s43: 100.0
[0715-17:22:20] eval card_v4a20r8-s1_std_h25_s42: 100.0
[0715-17:22:24] eval card_v4a20r8-s0_hard_h25_s44: 100.0
[0715-17:22:26] eval card_v4a20r8-s0_hard_h50_s44: 100.0
[0715-17:22:27] eval card_v4a20r8-s1_std_h25_s43: 100.0
[0715-17:22:28] eval card_v4a20r8-s1_std_h25_s44: 100.0
[0715-17:22:32] eval card_v4a20r8-s1_std_h50_s43: 100.0
[0715-17:22:35] eval card_v4a20r8-s1_std_h50_s42: 100.0
[0715-17:22:36] eval card_v4a20r8-s1_std_h50_s44: 100.0
[0715-17:22:40] eval card_v4a20r8-s1_hard_h50_s42: 100.0
[0715-17:22:44] eval card_v4a20r8-s1_hard_h25_s42: 100.0
[0715-17:22:45] eval card_v4a20r8-s1_hard_h25_s43: 100.0
[0715-17:22:52] eval card_v4a20r8-s1_hard_h25_s44: 100.0
[0715-17:22:56] eval card_v4a20r8-s2_std_h25_s42: 100.0
[0715-17:22:56] eval card_v4a20r8-s1_hard_h50_s43: 100.0
[0715-17:23:04] eval card_v4a20r8-s1_hard_h50_s44: 100.0
[0715-17:23:05] eval card_v4a20r8-s2_std_h25_s43: 100.0
[0715-17:23:07] eval card_v4a20r8-s2_std_h50_s42: 100.0
[0715-17:23:11] eval card_v4a20r8-s2_std_h25_s44: 100.0
[0715-17:23:15] eval card_v4a20r8-s2_hard_h25_s42: 100.0
[0715-17:23:17] eval card_v4a20r8-s2_std_h50_s44: 100.0
[0715-17:23:19] eval card_v4a20r8-s2_std_h50_s43: 100.0
[0715-17:23:23] eval card_v4a20r8-s2_hard_h50_s42: 100.0
[0715-17:23:25] eval card_v4a20r8-s2_hard_h25_s43: 100.0
[0715-17:23:37] eval card_v4a20r8-s2_hard_h25_s44: 100.0
[0715-17:23:37] eval card_v4a20r8-s2_hard_h50_s44: 100.0
[0715-17:23:39] eval card_v4a20r8-s2_hard_h50_s43: 100.0
[0715-17:23:39] === R8 card sums
[0715-17:23:39] card v4a20r8-s0: 1198 (bad=0)
[0715-17:23:39] card v4a20r8-s1: 1200 (bad=0)
[0715-17:23:39] card v4a20r8-s2: 1200 (bad=0)
[0715-17:23:39] R8 CARDS DONE
[0715-17:26:23] === R8+rm4 cards for v4a20 s0/s1/s2
[0715-17:27:01] eval card_v4a20rm4-s0_std_h25_s42: 100.0
[0715-17:27:03] eval card_v4a20rm4-s0_std_h25_s43: 100.0
[0715-17:27:04] eval card_v4a20rm4-s0_hard_h25_s42: 100.0
[0715-17:27:06] eval card_v4a20rm4-s0_std_h25_s44: 100.0
[0715-17:27:06] eval card_v4a20rm4-s0_std_h50_s42: 100.0
[0715-17:27:07] eval card_v4a20rm4-s0_std_h50_s44: 100.0
[0715-17:27:08] eval card_v4a20rm4-s0_std_h50_s43: 100.0
[0715-17:27:09] eval card_v4a20rm4-s0_hard_h50_s42: 100.0
[0715-17:27:15] eval card_v4a20rm4-s0_hard_h25_s43: 100.0
[0715-17:27:35] eval card_v4a20rm4-s1_std_h25_s42: 100.0
[0715-17:27:39] eval card_v4a20rm4-s0_hard_h50_s43: 100.0
[0715-17:27:39] eval card_v4a20rm4-s0_hard_h25_s44: 100.0
[0715-17:27:41] eval card_v4a20rm4-s1_std_h25_s43: 100.0
[0715-17:27:43] eval card_v4a20rm4-s1_std_h25_s44: 100.0
[0715-17:27:48] eval card_v4a20rm4-s1_std_h50_s44: 100.0
[0715-17:27:49] eval card_v4a20rm4-s1_hard_h25_s42: 100.0
[0715-17:27:52] eval card_v4a20rm4-s1_std_h50_s42: 100.0
[0715-17:27:55] eval card_v4a20rm4-s0_hard_h50_s44: 98.0
[0715-17:27:58] eval card_v4a20rm4-s1_std_h50_s43: 100.0
[0715-17:28:08] eval card_v4a20rm4-s1_hard_h50_s42: 100.0
[0715-17:28:13] eval card_v4a20rm4-s1_hard_h25_s43: 100.0
[0715-17:28:17] eval card_v4a20rm4-s1_hard_h25_s44: 100.0
[0715-17:28:18] eval card_v4a20rm4-s2_std_h25_s42: 100.0
[0715-17:28:22] eval card_v4a20rm4-s1_hard_h50_s43: 100.0
[0715-17:28:25] eval card_v4a20rm4-s1_hard_h50_s44: 100.0
[0715-17:28:27] eval card_v4a20rm4-s2_std_h25_s43: 100.0
[0715-17:28:27] eval card_v4a20rm4-s2_std_h50_s42: 100.0
[0715-17:28:31] eval card_v4a20rm4-s2_std_h25_s44: 100.0
[0715-17:28:35] eval card_v4a20rm4-s2_std_h50_s43: 100.0
[0715-17:28:36] eval card_v4a20rm4-s2_std_h50_s44: 100.0
[0715-17:28:39] eval card_v4a20rm4-s2_hard_h25_s42: 100.0
[0715-17:28:45] eval card_v4a20rm4-s2_hard_h25_s43: 100.0
[0715-17:28:50] eval card_v4a20rm4-s2_hard_h50_s42: 100.0
[0715-17:28:54] eval card_v4a20rm4-s2_hard_h25_s44: 100.0
[0715-17:28:58] eval card_v4a20rm4-s2_hard_h50_s43: 100.0
[0715-17:29:08] eval card_v4a20rm4-s2_hard_h50_s44: 100.0
[0715-17:29:08] === R8+rm4 card sums
[0715-17:29:08] card v4a20r8-s0: 1198 (bad=0)
[0715-17:29:08] card v4a20r8-s1: 1200 (bad=0)
[0715-17:29:08] card v4a20r8-s2: 1200 (bad=0)
[0715-17:29:08] RM4 CARDS DONE
[0715-17:30:35] === R8+rm4 cards for v4a20 s0/s1/s2
[0715-17:31:10] eval card_v4a20n025-s0_std_h25_s42: 100.0
[0715-17:31:17] eval card_v4a20n025-s0_hard_h25_s43: 100.0
[0715-17:31:17] eval card_v4a20n025-s0_std_h25_s43: 100.0
[0715-17:31:18] eval card_v4a20n025-s0_std_h25_s44: 100.0
[0715-17:31:18] eval card_v4a20n025-s0_hard_h25_s42: 100.0
[0715-17:31:23] eval card_v4a20n025-s0_hard_h50_s42: 100.0
[0715-17:31:23] eval card_v4a20n025-s0_std_h50_s42: 100.0
[0715-17:31:25] eval card_v4a20n025-s0_std_h50_s43: 100.0
[0715-17:31:26] eval card_v4a20n025-s0_std_h50_s44: 100.0
[0715-17:31:32] eval card_v4a20n025-s0_hard_h50_s43: 100.0
[0715-17:31:45] eval card_v4a20n025-s0_hard_h25_s44: 100.0
[0715-17:31:48] eval card_v4a20n025-s1_std_h25_s42: 100.0
[0715-17:31:49] eval card_v4a20n025-s0_hard_h50_s44: 100.0
[0715-17:31:55] eval card_v4a20n025-s1_std_h50_s43: 100.0
[0715-17:31:56] eval card_v4a20n025-s1_std_h50_s42: 100.0
[0715-17:31:56] eval card_v4a20n025-s1_std_h25_s43: 100.0
[0715-17:31:58] eval card_v4a20n025-s1_std_h25_s44: 100.0
[0715-17:31:58] eval card_v4a20n025-s1_hard_h25_s42: 100.0
[0715-17:32:01] eval card_v4a20n025-s1_std_h50_s44: 100.0
[0715-17:32:07] eval card_v4a20n025-s1_hard_h50_s42: 100.0
[0715-17:32:08] eval card_v4a20n025-s1_hard_h25_s43: 100.0
[0715-17:32:15] eval card_v4a20n025-s1_hard_h50_s43: 100.0
[0715-17:32:19] eval card_v4a20n025-s2_std_h25_s42: 100.0
[0715-17:32:20] eval card_v4a20n025-s1_hard_h25_s44: 100.0
[0715-17:32:29] eval card_v4a20n025-s1_hard_h50_s44: 100.0
[0715-17:32:30] eval card_v4a20n025-s2_std_h25_s43: 100.0
[0715-17:32:30] eval card_v4a20n025-s2_std_h25_s44: 100.0
[0715-17:32:33] eval card_v4a20n025-s2_hard_h25_s42: 100.0
[0715-17:32:34] eval card_v4a20n025-s2_std_h50_s42: 100.0
[0715-17:32:35] eval card_v4a20n025-s2_std_h50_s43: 100.0
[0715-17:32:39] eval card_v4a20n025-s2_std_h50_s44: 100.0
[0715-17:32:39] eval card_v4a20n025-s2_hard_h25_s43: 100.0
[0715-17:32:49] eval card_v4a20n025-s2_hard_h50_s42: 100.0
[0715-17:32:53] eval card_v4a20n025-s2_hard_h50_s43: 100.0
[0715-17:32:55] eval card_v4a20n025-s2_hard_h25_s44: 100.0
[0715-17:32:57] eval card_v4a20n025-s2_hard_h50_s44: 100.0
[0715-17:32:57] === R8+rm4 card sums
[0715-17:32:57] card v4a20r8-s0: 1200 (bad=0)
[0715-17:32:57] card v4a20r8-s1: 1200 (bad=0)
[0715-17:32:58] card v4a20r8-s2: 1200 (bad=0)
[0715-17:32:58] N025 CARDS DONE
[0715-17:44:33] === lip4 round B: 4 variants x 3 seeds, plain deploy only
[0715-17:44:33] train v4b_mw03_s0: start gpu2 [--amax 2.0 --steps 8000 --mean-weight 0.3]
[0715-17:44:33] train v4b_ax22_s0: start gpu3 [--amax 2.2 --steps 8000]
[0715-17:44:33] train v4b_ax18_s2: start gpu2 [--amax 1.8 --steps 8000]
[0715-17:44:33] train v4b_st6k_s2: start gpu3 [--amax 2.0 --steps 6000]
[0715-17:44:33] train v4b_mw03_s2: start gpu0 [--amax 2.0 --steps 8000 --mean-weight 0.3]
[0715-17:44:33] train v4b_ax18_s1: start gpu1 [--amax 1.8 --steps 8000]
[0715-17:44:33] train v4b_st6k_s0: start gpu1 [--amax 2.0 --steps 6000]
[0715-17:44:33] train v4b_ax18_s0: start gpu0 [--amax 1.8 --steps 8000]
[0715-17:44:33] train v4b_mw03_s1: start gpu3 [--amax 2.0 --steps 8000 --mean-weight 0.3]
[0715-17:44:33] train v4b_ax22_s1: start gpu0 [--amax 2.2 --steps 8000]
[0715-17:44:33] train v4b_ax22_s2: start gpu1 [--amax 2.2 --steps 8000]
[0715-17:44:33] train v4b_st6k_s1: start gpu2 [--amax 2.0 --steps 6000]
[0715-19:38:07] train v4b_st6k_s0: done, E_final 0.752 (indicator only)
[0715-19:40:43] train v4b_st6k_s1: done, E_final 0.568 (indicator only)
[0715-19:41:09] train v4b_st6k_s2: done, E_final 0.503 (indicator only)
[0715-20:05:15] train v4b_ax22_s2: done, E_final 0.609 (indicator only)
[0715-20:05:49] train v4b_ax18_s2: done, E_final 3.131 (indicator only)
[0715-20:06:28] train v4b_ax18_s1: done, E_final 0.612 (indicator only)
[0715-20:06:48] train v4b_mw03_s1: done, E_final 0.446 (indicator only)
[0715-20:06:56] train v4b_ax22_s0: done, E_final 0.501 (indicator only)
[0715-20:07:18] train v4b_mw03_s0: done, E_final 0.567 (indicator only)
[0715-20:17:12] train v4b_ax22_s1: done, E_final 0.805 (indicator only)
[0715-20:17:41] train v4b_mw03_s2: done, E_final 0.653 (indicator only)
[0715-20:18:41] train v4b_ax18_s0: done, E_final 1.537 (indicator only)
[0715-20:18:41] round B trainings done
[0715-20:19:13] eval card_v4bax18-s0_std_h25_s42: 100.0
[0715-20:19:18] eval card_v4bax18-s0_std_h25_s43: 100.0
[0715-20:19:19] eval card_v4bax18-s0_std_h50_s42: 100.0
[0715-20:19:20] eval card_v4bax18-s0_std_h25_s44: 100.0
[0715-20:19:23] eval card_v4bax18-s0_std_h50_s43: 100.0
[0715-20:19:24] eval card_v4bax18-s0_std_h50_s44: 100.0
[0715-20:19:25] eval card_v4bax18-s0_hard_h25_s42: 100.0
[0715-20:19:25] eval card_v4bax18-s0_hard_h50_s42: 100.0
[0715-20:19:32] eval card_v4bax18-s0_hard_h25_s43: 100.0
[0715-20:19:49] eval card_v4bax18-s0_hard_h25_s44: 100.0
[0715-20:19:51] eval card_v4bax18-s0_hard_h50_s43: 100.0
[0715-20:19:52] eval card_v4bax18-s1_std_h25_s44: 100.0
[0715-20:19:55] eval card_v4bax18-s1_std_h25_s43: 100.0
[0715-20:19:56] eval card_v4bax18-s1_std_h25_s42: 98.0
[0715-20:19:56] eval card_v4bax18-s0_hard_h50_s44: 100.0
[0715-20:20:00] eval card_v4bax18-s1_std_h50_s43: 100.0
[0715-20:20:05] eval card_v4bax18-s1_hard_h25_s42: 100.0
[0715-20:20:05] eval card_v4bax18-s1_std_h50_s44: 100.0
[0715-20:20:07] eval card_v4bax18-s1_std_h50_s42: 98.0
[0715-20:20:20] eval card_v4bax18-s1_hard_h25_s43: 100.0
[0715-20:20:23] eval card_v4bax18-s1_hard_h25_s44: 100.0
[0715-20:20:26] eval card_v4bax18-s2_std_h25_s42: 100.0
[0715-20:20:27] eval card_v4bax18-s1_hard_h50_s43: 100.0
[0715-20:20:33] eval card_v4bax18-s2_std_h50_s42: 100.0
[0715-20:20:34] eval card_v4bax18-s2_std_h25_s43: 100.0
[0715-20:20:35] eval card_v4bax18-s1_hard_h50_s42: 98.0
[0715-20:20:36] eval card_v4bax18-s2_std_h25_s44: 100.0
[0715-20:20:43] eval card_v4bax18-s2_std_h50_s43: 100.0
[0715-20:20:45] eval card_v4bax18-s1_hard_h50_s44: 100.0
[0715-20:20:53] eval card_v4bax18-s2_hard_h25_s43: 100.0
[0715-20:20:54] eval card_v4bax18-s2_hard_h25_s42: 100.0
[0715-20:20:56] eval card_v4bax18-s2_std_h50_s44: 98.0
[0715-20:21:02] eval card_v4bax18-s2_hard_h25_s44: 100.0
[0715-20:21:07] eval card_v4bax18-s2_hard_h50_s42: 98.0
[0715-20:21:08] eval card_v4bax22-s0_std_h25_s42: 100.0
[0715-20:21:09] eval card_v4bax18-s2_hard_h50_s43: 100.0
[0715-20:21:10] eval card_v4bax22-s0_std_h25_s43: 100.0
[0715-20:21:13] eval card_v4bax22-s0_std_h50_s42: 100.0
[0715-20:21:14] eval card_v4bax18-s2_hard_h50_s44: 100.0
[0715-20:21:19] eval card_v4bax22-s0_std_h25_s44: 100.0
[0715-20:21:29] eval card_v4bax22-s0_std_h50_s43: 100.0
[0715-20:21:33] eval card_v4bax22-s0_hard_h25_s42: 100.0
[0715-20:21:36] eval card_v4bax22-s0_hard_h25_s43: 100.0
[0715-20:21:37] eval card_v4bax22-s0_std_h50_s44: 100.0
[0715-20:21:42] eval card_v4bax22-s1_std_h25_s42: 100.0
[0715-20:21:43] eval card_v4bax22-s0_hard_h50_s42: 100.0
[0715-20:21:43] eval card_v4bax22-s0_hard_h25_s44: 100.0
[0715-20:21:48] eval card_v4bax22-s0_hard_h50_s43: 100.0
[0715-20:21:49] eval card_v4bax22-s1_std_h25_s43: 100.0
[0715-20:21:54] eval card_v4bax22-s0_hard_h50_s44: 100.0
[0715-20:21:59] eval card_v4bax22-s1_std_h50_s43: 100.0
[0715-20:22:00] eval card_v4bax22-s1_std_h50_s42: 98.0
[0715-20:22:05] eval card_v4bax22-s1_std_h25_s44: 100.0
[0715-20:22:15] eval card_v4bax22-s1_hard_h25_s42: 100.0
[0715-20:22:19] eval card_v4bax22-s1_std_h50_s44: 100.0
[0715-20:22:19] eval card_v4bax22-s2_std_h25_s42: 100.0
[0715-20:22:20] eval card_v4bax22-s1_hard_h25_s43: 100.0
[0715-20:22:24] eval card_v4bax22-s1_hard_h50_s43: 100.0
[0715-20:22:25] eval card_v4bax22-s1_hard_h25_s44: 100.0
[0715-20:22:26] eval card_v4bax22-s1_hard_h50_s42: 100.0
[0715-20:22:29] eval card_v4bax22-s2_std_h50_s42: 100.0
[0715-20:22:31] eval card_v4bax22-s1_hard_h50_s44: 100.0
[0715-20:22:35] eval card_v4bax22-s2_std_h25_s43: 100.0
[0715-20:22:39] eval card_v4bax22-s2_std_h50_s43: 100.0
[0715-20:22:42] eval card_v4bax22-s2_std_h25_s44: 100.0
[0715-20:22:57] eval card_v4bmw03-s0_std_h25_s42: 100.0
[0715-20:22:59] eval card_v4bax22-s2_std_h50_s44: 100.0
[0715-20:22:59] eval card_v4bax22-s2_hard_h25_s43: 100.0
[0715-20:23:00] eval card_v4bax22-s2_hard_h25_s44: 100.0
[0715-20:23:00] eval card_v4bax22-s2_hard_h50_s42: 100.0
[0715-20:23:00] eval card_v4bax22-s2_hard_h25_s42: 100.0
[0715-20:23:09] eval card_v4bmw03-s0_std_h25_s43: 100.0
[0715-20:23:10] eval card_v4bmw03-s0_std_h50_s42: 100.0
[0715-20:23:10] eval card_v4bax22-s2_hard_h50_s43: 100.0
[0715-20:23:14] eval card_v4bax22-s2_hard_h50_s44: 100.0
[0715-20:23:15] eval card_v4bmw03-s0_std_h25_s44: 100.0
[0715-20:23:18] eval card_v4bmw03-s0_std_h50_s43: 100.0
[0715-20:23:39] eval card_v4bmw03-s0_hard_h25_s44: 100.0
[0715-20:23:40] eval card_v4bmw03-s0_hard_h25_s42: 100.0
[0715-20:23:41] eval card_v4bmw03-s0_hard_h50_s43: 100.0
[0715-20:23:41] eval card_v4bmw03-s0_std_h50_s44: 100.0
[0715-20:23:42] eval card_v4bmw03-s0_hard_h25_s43: 98.0
[0715-20:23:44] eval card_v4bmw03-s0_hard_h50_s42: 100.0
[0715-20:23:46] eval card_v4bmw03-s1_std_h25_s42: 98.0
[0715-20:23:47] eval card_v4bmw03-s1_std_h25_s43: 100.0
[0715-20:23:48] eval card_v4bmw03-s0_hard_h50_s44: 100.0
[0715-20:23:49] eval card_v4bmw03-s1_std_h50_s42: 100.0
[0715-20:23:52] eval card_v4bmw03-s1_std_h25_s44: 100.0
[0715-20:23:56] eval card_v4bmw03-s1_std_h50_s43: 100.0
[0715-20:24:18] eval card_v4bmw03-s1_hard_h25_s43: 100.0
[0715-20:24:19] eval card_v4bmw03-s1_hard_h25_s42: 100.0
[0715-20:24:20] eval card_v4bmw03-s2_std_h25_s42: 100.0
[0715-20:24:24] eval card_v4bmw03-s1_std_h50_s44: 100.0
[0715-20:24:24] eval card_v4bmw03-s2_std_h50_s42: 100.0
[0715-20:24:24] eval card_v4bmw03-s1_hard_h25_s44: 98.0
[0715-20:24:24] eval card_v4bmw03-s2_std_h25_s43: 100.0
[0715-20:24:25] eval card_v4bmw03-s1_hard_h50_s43: 100.0
[0715-20:24:27] eval card_v4bmw03-s1_hard_h50_s42: 100.0
[0715-20:24:29] eval card_v4bmw03-s2_std_h25_s44: 100.0
[0715-20:24:31] eval card_v4bmw03-s1_hard_h50_s44: 100.0
[0715-20:24:43] eval card_v4bmw03-s2_std_h50_s43: 98.0
[0715-20:25:04] eval card_v4bst6k-s0_std_h25_s42: 100.0
[0715-20:25:04] eval card_v4bmw03-s2_hard_h25_s42: 98.0
[0715-20:25:04] eval card_v4bmw03-s2_std_h50_s44: 100.0
[0715-20:25:06] eval card_v4bmw03-s2_hard_h25_s43: 100.0
[0715-20:25:08] eval card_v4bst6k-s0_std_h25_s43: 100.0
[0715-20:25:09] eval card_v4bst6k-s0_std_h50_s42: 100.0
[0715-20:25:09] eval card_v4bmw03-s2_hard_h25_s44: 100.0
[0715-20:25:10] eval card_v4bst6k-s0_std_h50_s43: 100.0
[0715-20:25:10] eval card_v4bmw03-s2_hard_h50_s42: 100.0
[0715-20:25:12] eval card_v4bmw03-s2_hard_h50_s44: 100.0
[0715-20:25:16] eval card_v4bmw03-s2_hard_h50_s43: 100.0
[0715-20:25:19] eval card_v4bst6k-s0_std_h25_s44: 100.0
[0715-20:25:46] eval card_v4bst6k-s0_hard_h50_s42: 100.0
[0715-20:25:46] eval card_v4bst6k-s1_std_h25_s43: 100.0
[0715-20:25:48] eval card_v4bst6k-s0_hard_h25_s44: 100.0
[0715-20:25:48] eval card_v4bst6k-s1_std_h25_s42: 100.0
[0715-20:25:48] eval card_v4bst6k-s0_hard_h25_s42: 98.0
[0715-20:25:50] eval card_v4bst6k-s0_hard_h25_s43: 96.0
[0715-20:25:52] eval card_v4bst6k-s0_std_h50_s44: 100.0
[0715-20:25:52] eval card_v4bst6k-s1_std_h50_s42: 100.0
[0715-20:25:53] eval card_v4bst6k-s1_std_h25_s44: 100.0
[0715-20:25:53] eval card_v4bst6k-s0_hard_h50_s43: 100.0
[0715-20:25:54] eval card_v4bst6k-s0_hard_h50_s44: 100.0
[0715-20:25:55] eval card_v4bst6k-s1_std_h50_s43: 100.0
[0715-20:26:23] eval card_v4bst6k-s1_hard_h25_s44: 100.0
[0715-20:26:23] eval card_v4bst6k-s2_std_h25_s42: 100.0
[0715-20:26:24] eval card_v4bst6k-s1_hard_h25_s42: 100.0
[0715-20:26:26] eval card_v4bst6k-s1_hard_h25_s43: 100.0
[0715-20:26:27] eval card_v4bst6k-s1_hard_h50_s43: 100.0
[0715-20:26:30] eval card_v4bst6k-s1_hard_h50_s42: 100.0
[0715-20:26:30] eval card_v4bst6k-s2_std_h25_s44: 100.0
[0715-20:26:30] eval card_v4bst6k-s2_std_h25_s43: 100.0
[0715-20:26:32] eval card_v4bst6k-s1_std_h50_s44: 100.0
[0715-20:26:33] eval card_v4bst6k-s1_hard_h50_s44: 100.0
[0715-20:26:34] eval card_v4bst6k-s2_std_h50_s42: 100.0
[0715-20:26:35] eval card_v4bst6k-s2_std_h50_s43: 100.0
[0715-20:27:05] eval card_v4bst6k-s2_hard_h25_s42: 100.0
[0715-20:27:09] eval card_v4bst6k-s2_hard_h25_s43: 100.0
[0715-20:27:09] eval card_v4bst6k-s2_hard_h25_s44: 100.0
[0715-20:27:09] eval card_v4bst6k-s2_hard_h50_s42: 100.0
[0715-20:27:10] eval card_v4bst6k-s2_std_h50_s44: 100.0
[0715-20:27:11] eval card_v4bst6k-s2_hard_h50_s43: 100.0
[0715-20:27:20] eval card_v4bst6k-s2_hard_h50_s44: 98.0
[0715-20:27:20] === round B card sums
[0715-20:27:20] card v4bax18-s0: 1200
[0715-20:27:20] card v4bax18-s1: 1194
[0715-20:27:20] card v4bax18-s2: 1196
[0715-20:27:20] family v4bax18: 1200 1194 1196
[0715-20:27:20] card v4bax22-s0: 1200
[0715-20:27:20] card v4bax22-s1: 1198
[0715-20:27:21] card v4bax22-s2: 1200
[0715-20:27:21] family v4bax22: 1200 1198 1200
[0715-20:27:21] card v4bmw03-s0: 1198
[0715-20:27:21] card v4bmw03-s1: 1196
[0715-20:27:21] card v4bmw03-s2: 1196
[0715-20:27:21] family v4bmw03: 1198 1196 1196
[0715-20:27:21] card v4bst6k-s0: 1194
[0715-20:27:21] card v4bst6k-s1: 1200
[0715-20:27:21] card v4bst6k-s2: 1198
[0715-20:27:21] family v4bst6k: 1194 1200 1198
[0715-20:27:21] LIP4B DONE
[0715-20:29:51] === lip4 round C: md12/pc05/k12 x s0-2 + ax22 x s3-5 (plain deploy only)
[0715-20:29:51] train v4c_md12_s0: start gpu0 [--iters 8 --max-delta 12]
[0715-20:29:51] train v4c_md12_s1: start gpu1 [--iters 8 --max-delta 12]
[0715-20:29:51] train v4c_k12_s0: start gpu2 [--iters 12]
[0715-20:29:51] train v4c_pc05_s1: start gpu0 [--iters 8 --p-cross 0.5]
[0715-20:29:51] train v4c_ax22_s4: start gpu2 [--iters 8]
[0715-20:29:51] train v4c_md12_s2: start gpu2 [--iters 8 --max-delta 12]
[0715-20:29:51] train v4c_ax22_s5: start gpu3 [--iters 8]
[0715-20:29:51] train v4c_k12_s2: start gpu0 [--iters 12]
[0715-20:29:51] train v4c_pc05_s2: start gpu1 [--iters 8 --p-cross 0.5]
[0715-20:29:51] train v4c_k12_s1: start gpu3 [--iters 12]
[0715-20:29:51] train v4c_pc05_s0: start gpu3 [--iters 8 --p-cross 0.5]
[0715-20:29:51] train v4c_ax22_s3: start gpu1 [--iters 8]
[0715-23:02:34] train v4c_md12_s1: done, E_final 0.639 (indicator only)
[0715-23:03:15] train v4c_pc05_s2: done, E_final 0.772 (indicator only)
[0715-23:03:48] train v4c_ax22_s4: done, E_final 0.436 (indicator only)
[0715-23:04:09] train v4c_ax22_s3: done, E_final 0.479 (indicator only)
[0715-23:05:05] train v4c_md12_s2: done, E_final 0.835 (indicator only)
[0715-23:05:57] train v4c_pc05_s1: done, E_final 1.334 (indicator only)
[0715-23:06:05] train v4c_ax22_s5: done, E_final 0.586 (indicator only)
[0715-23:06:08] train v4c_md12_s0: done, E_final 0.670 (indicator only)
[0715-23:06:10] train v4c_pc05_s0: done, E_final 0.620 (indicator only)
[0715-23:29:52] train v4c_k12_s0: FAILED
[0715-23:29:52] train v4c_k12_s2: FAILED
[0715-23:29:52] train v4c_k12_s1: FAILED
[0715-23:29:52] round C trainings done
[0715-23:30:27] eval card_v4cmd12-s0_std_h25_s42: 100.0
[0715-23:30:34] eval card_v4cmd12-s0_std_h25_s44: 100.0
[0715-23:30:34] eval card_v4cmd12-s0_std_h25_s43: 100.0
[0715-23:30:37] eval card_v4cmd12-s0_std_h50_s42: 100.0
[0715-23:30:39] eval card_v4cmd12-s0_std_h50_s43: 100.0
[0715-23:30:41] eval card_v4cmd12-s0_hard_h25_s42: 100.0
[0715-23:30:44] eval card_v4cmd12-s0_hard_h50_s42: 100.0
[0715-23:30:46] eval card_v4cmd12-s0_hard_h25_s43: 100.0
[0715-23:30:47] eval card_v4cmd12-s0_std_h50_s44: 100.0
[0715-23:31:03] eval card_v4cmd12-s0_hard_h25_s44: 100.0
[0715-23:31:06] eval card_v4cmd12-s1_std_h25_s42: 100.0
[0715-23:31:07] eval card_v4cmd12-s0_hard_h50_s43: 100.0
[0715-23:31:12] eval card_v4cmd12-s1_std_h50_s42: 100.0
[0715-23:31:13] eval card_v4cmd12-s1_std_h25_s43: 100.0
[0715-23:31:19] eval card_v4cmd12-s1_std_h25_s44: 100.0
[0715-23:31:21] eval card_v4cmd12-s0_hard_h50_s44: 100.0
[0715-23:31:25] eval card_v4cmd12-s1_hard_h25_s42: 100.0
[0715-23:31:32] eval card_v4cmd12-s1_std_h50_s43: 100.0
[0715-23:31:32] eval card_v4cmd12-s1_std_h50_s44: 100.0
[0715-23:31:38] eval card_v4cmd12-s1_hard_h25_s43: 100.0
[0715-23:31:39] eval card_v4cmd12-s1_hard_h25_s44: 100.0
[0715-23:31:40] eval card_v4cmd12-s1_hard_h50_s42: 100.0
[0715-23:31:42] eval card_v4cmd12-s2_std_h25_s42: 100.0
[0715-23:31:47] eval card_v4cmd12-s1_hard_h50_s43: 100.0
[0715-23:31:51] eval card_v4cmd12-s1_hard_h50_s44: 100.0
[0715-23:31:59] eval card_v4cmd12-s2_std_h25_s43: 100.0
[0715-23:31:59] eval card_v4cmd12-s2_std_h50_s42: 100.0
[0715-23:32:01] eval card_v4cmd12-s2_std_h25_s44: 100.0
[0715-23:32:02] eval card_v4cmd12-s2_std_h50_s43: 100.0
[0715-23:32:12] eval card_v4cmd12-s2_hard_h25_s42: 100.0
[0715-23:32:17] eval card_v4cmd12-s2_hard_h25_s43: 100.0
[0715-23:32:18] eval card_v4cmd12-s2_std_h50_s44: 100.0
[0715-23:32:21] eval card_v4cmd12-s2_hard_h25_s44: 100.0
[0715-23:32:22] eval card_v4cpc05-s0_std_h25_s42: 100.0
[0715-23:32:28] eval card_v4cmd12-s2_hard_h50_s43: 100.0
[0715-23:32:29] eval card_v4cmd12-s2_hard_h50_s44: 100.0
[0715-23:32:29] eval card_v4cmd12-s2_hard_h50_s42: 100.0
[0715-23:32:34] eval card_v4cpc05-s0_std_h25_s43: 100.0
[0715-23:32:37] eval card_v4cpc05-s0_std_h25_s44: 100.0
[0715-23:32:37] eval card_v4cpc05-s0_std_h50_s42: 100.0
[0715-23:32:39] eval card_v4cpc05-s0_std_h50_s43: 100.0
[0715-23:32:52] eval card_v4cpc05-s0_std_h50_s44: 100.0
[0715-23:32:53] eval card_v4cpc05-s0_hard_h25_s42: 100.0
[0715-23:32:56] eval card_v4cpc05-s0_hard_h25_s43: 100.0
[0715-23:33:04] eval card_v4cpc05-s1_std_h25_s42: 100.0
[0715-23:33:04] eval card_v4cpc05-s0_hard_h50_s42: 100.0
[0715-23:33:05] eval card_v4cpc05-s0_hard_h25_s44: 100.0
[0715-23:33:10] eval card_v4cpc05-s1_std_h50_s42: 100.0
[0715-23:33:11] eval card_v4cpc05-s0_hard_h50_s44: 100.0
[0715-23:33:11] eval card_v4cpc05-s1_std_h25_s44: 100.0
[0715-23:33:12] eval card_v4cpc05-s1_std_h25_s43: 100.0
[0715-23:33:14] eval card_v4cpc05-s0_hard_h50_s43: 100.0
[0715-23:33:26] eval card_v4cpc05-s1_std_h50_s43: 100.0
[0715-23:33:31] eval card_v4cpc05-s1_hard_h25_s42: 100.0
[0715-23:33:39] eval card_v4cpc05-s1_hard_h50_s42: 100.0
[0715-23:33:40] eval card_v4cpc05-s1_std_h50_s44: 100.0
[0715-23:33:42] eval card_v4cpc05-s1_hard_h25_s43: 100.0
[0715-23:33:42] eval card_v4cpc05-s1_hard_h25_s44: 100.0
[0715-23:33:43] eval card_v4cpc05-s2_std_h25_s42: 100.0
[0715-23:33:45] eval card_v4cpc05-s1_hard_h50_s43: 100.0
[0715-23:33:49] eval card_v4cpc05-s2_std_h25_s43: 100.0
[0715-23:33:50] eval card_v4cpc05-s2_std_h50_s42: 100.0
[0715-23:33:52] eval card_v4cpc05-s2_std_h50_s43: 100.0
[0715-23:34:00] eval card_v4cpc05-s2_std_h25_s44: 100.0
[0715-23:34:01] eval card_v4cpc05-s1_hard_h50_s44: 100.0
[0715-23:34:12] eval card_v4cpc05-s2_std_h50_s44: 100.0
[0715-23:34:16] eval card_v4cpc05-s2_hard_h25_s43: 98.0
[0715-23:34:18] eval card_v4cpc05-s2_hard_h25_s42: 100.0
[0715-23:34:21] eval card_v4cpc05-s2_hard_h25_s44: 100.0
[0715-23:34:23] eval card_v4cax22-s3_std_h25_s42: 100.0
[0715-23:34:26] eval card_v4cpc05-s2_hard_h50_s43: 100.0
[0715-23:34:27] eval card_v4cax22-s3_std_h25_s43: 100.0
[0715-23:34:29] eval card_v4cpc05-s2_hard_h50_s42: 100.0
[0715-23:34:29] eval card_v4cpc05-s2_hard_h50_s44: 100.0
[0715-23:34:36] eval card_v4cax22-s3_std_h50_s42: 100.0
[0715-23:34:38] eval card_v4cax22-s3_std_h25_s44: 100.0
[0715-23:34:42] eval card_v4cax22-s3_std_h50_s43: 100.0
[0715-23:34:55] eval card_v4cax22-s3_std_h50_s44: 100.0
[0715-23:34:58] eval card_v4cax22-s3_hard_h25_s42: 100.0
[0715-23:34:59] eval card_v4cax22-s3_hard_h50_s42: 100.0
[0715-23:35:01] eval card_v4cax22-s3_hard_h25_s43: 100.0
[0715-23:35:01] eval card_v4cax22-s3_hard_h25_s44: 100.0
[0715-23:35:06] eval card_v4cax22-s4_std_h25_s42: 100.0
[0715-23:35:07] eval card_v4cax22-s4_std_h50_s42: 100.0
[0715-23:35:09] eval card_v4cax22-s4_std_h25_s43: 100.0
[0715-23:35:10] eval card_v4cax22-s3_hard_h50_s43: 100.0
[0715-23:35:16] eval card_v4cax22-s3_hard_h50_s44: 100.0
[0715-23:35:19] eval card_v4cax22-s4_std_h25_s44: 100.0
[0715-23:35:21] eval card_v4cax22-s4_std_h50_s43: 100.0
[0715-23:35:33] eval card_v4cax22-s4_hard_h25_s42: 98.0
[0715-23:35:35] eval card_v4cax22-s4_std_h50_s44: 100.0
[0715-23:35:37] eval card_v4cax22-s5_std_h25_s42: 100.0
[0715-23:35:40] eval card_v4cax22-s4_hard_h25_s43: 100.0
[0715-23:35:43] eval card_v4cax22-s4_hard_h50_s42: 100.0
[0715-23:35:43] eval card_v4cax22-s4_hard_h25_s44: 100.0
[0715-23:35:44] eval card_v4cax22-s5_std_h25_s43: 100.0
[0715-23:35:46] eval card_v4cax22-s5_std_h50_s42: 100.0
[0715-23:35:49] eval card_v4cax22-s4_hard_h50_s43: 100.0
[0715-23:35:56] eval card_v4cax22-s5_std_h25_s44: 100.0
[0715-23:35:57] eval card_v4cax22-s5_std_h50_s43: 100.0
[0715-23:36:03] eval card_v4cax22-s4_hard_h50_s44: 98.0
[0715-23:36:13] eval card_v4cax22-s5_hard_h25_s43: 100.0
[0715-23:36:13] eval card_v4cax22-s5_std_h50_s44: 100.0
[0715-23:36:14] eval card_v4cax22-s5_hard_h25_s42: 100.0
[0715-23:36:21] eval card_v4cax22-s5_hard_h25_s44: 96.0
[0715-23:36:23] eval card_v4cax22-s5_hard_h50_s42: 100.0
[0715-23:36:24] eval card_v4cax22-s5_hard_h50_s43: 100.0
[0715-23:36:29] eval card_v4cax22-s5_hard_h50_s44: 100.0
[0715-23:36:29] === round C card sums
[0715-23:36:29] card v4cmd12-s0: 1200
[0715-23:36:29] card v4cmd12-s1: 1200
[0715-23:36:30] card v4cmd12-s2: 1200
[0715-23:36:30] family v4cmd12: 1200 1200 1200
[0715-23:36:30] card v4cpc05-s0: 1200
[0715-23:36:30] card v4cpc05-s1: 1200
[0715-23:36:30] card v4cpc05-s2: 1198
[0715-23:36:30] family v4cpc05: 1200 1200 1198
[0715-23:36:30] family v4ck12:
[0715-23:36:30] card v4cax22-s3: 1200
[0715-23:36:30] card v4cax22-s4: 1196
[0715-23:36:30] card v4cax22-s5: 1196
[0715-23:36:30] family v4cax22: 1200 1196 1196
[0715-23:36:30] LIP4C DONE
