CMD: train_lip_ac.py --cache /workspace/caches/tworoom_lewm_fs5.pt --cache-td /workspace/caches/tworoom_lewm_fs1.pt --h5 /workspace/caches/tworoom_play.h5 --wm lewm_tworoom
  --init-value /workspace/metrics/td_e0.1_n50.pt --horizon 5 --iters 8 --n-step 50
  --expectile 0.1 --critic-lr 1e-3 --actor-lr 3e-4
  --critic-lr-final 1e-4 --expectile-final 0.03 --actor-lr-final 3e-5
  --arch v4 --amax 2.0 --steps 8000 --mean-weight 0.3 --seed 1
/workspace/code/stable-worldmodel/stable_worldmodel/envs/__init__.py:215: UserWarning: ale-py not found; ALE/* envs are unavailable. Install with: pip install 'stable-worldmodel[env]' or pip install ale-py.
  from stable_worldmodel.envs import ale  # noqa: F401
2026-07-15 17:44:38.219 | INFO     | stable_worldmodel.wm.utils:_resolve_folder:138 - Loading checkpoint from folder /workspace/swm_home/checkpoints/lewm_tworoom...
/workspace/code/stable-worldmodel/stable_worldmodel/wm/utils.py:81: FutureWarning: You are using `torch.load` with `weights_only=False` (the current default value), which uses the default pickle module implicitly. It is possible to construct malicious pickle data which will execute arbitrary code during unpickling (See https://github.com/pytorch/pytorch/blob/main/SECURITY.md#untrusted-models for more details). In a future release, the default value for `weights_only` will be flipped to `True`. This limits the functions that could be executed during unpickling. Arbitrary objects will no longer be allowed to be loaded via this mode unless they are explicitly allowlisted by the user via `torch.serialization.add_safe_globals`. We recommend you start setting `weights_only=True` for any use case where you don't have full control of the loaded file. Please open an issue on GitHub for any issues related to this experimental feature.
  state_dict = torch.load(checkpoint_path, map_location='cpu')
17:44:42 | INFO  | atomic_chec~| [atomic_save] installed crash-safe checkpoint plugin (write to sibling .tmp + fsync + atomic rename)
17:44:42 | INFO  | utils.py    | Created ViT-tiny from scratch with config: {'hidden_size': 192, 'num_hidden_layers': 12, 'num_attention_heads': 3, 'intermediate_size': 768, 'image_size': 224, 'patch_size': 14}
step 0: E_final 19.270 E_first 18.596 td_loss 1.5163 tau 0.100 clr 1.00e-03 alr 3.00e-04
step 500: E_final 1.201 E_first 7.394 td_loss 1.3692 tau 0.095 clr 9.87e-04 alr 2.97e-04
step 1000: E_final 1.330 E_first 8.885 td_loss 1.2716 tau 0.089 clr 9.47e-04 alr 2.90e-04
step 1500: E_final 0.901 E_first 7.603 td_loss 1.1080 tau 0.084 clr 8.83e-04 alr 2.77e-04
step 2000: E_final 0.985 E_first 7.152 td_loss 1.1175 tau 0.078 clr 8.00e-04 alr 2.60e-04
step 2500: E_final 1.279 E_first 8.495 td_loss 1.0064 tau 0.073 clr 7.02e-04 alr 2.40e-04
step 3000: E_final 0.908 E_first 7.792 td_loss 0.9464 tau 0.067 clr 5.94e-04 alr 2.17e-04
step 3500: E_final 0.825 E_first 7.109 td_loss 0.8618 tau 0.062 clr 4.84e-04 alr 1.91e-04
step 4000: E_final 0.926 E_first 8.489 td_loss 0.7724 tau 0.056 clr 3.78e-04 alr 1.65e-04
step 4500: E_final 0.906 E_first 8.657 td_loss 0.7101 tau 0.051 clr 2.82e-04 alr 1.39e-04
step 5000: E_final 0.673 E_first 6.378 td_loss 0.6452 tau 0.045 clr 2.02e-04 alr 1.13e-04
step 5500: E_final 0.571 E_first 6.603 td_loss 0.5652 tau 0.040 clr 1.43e-04 alr 9.00e-05
step 6000: E_final 0.870 E_first 7.378 td_loss 0.4865 tau 0.034 clr 1.09e-04 alr 6.95e-05
step 6400: critic+teacher frozen for the remaining 1600 actor steps
step 6500: E_final 0.864 E_first 7.228 td_loss nan tau 0.030 clr 1.00e-04 alr 5.28e-05
step 7000: E_final 0.594 E_first 7.322 td_loss nan tau 0.030 clr 1.00e-04 alr 4.03e-05
step 7500: E_final 0.446 E_first 5.905 td_loss nan tau 0.030 clr 1.00e-04 alr 3.26e-05
saved teacher value -> /workspace/metrics/trm_v4b_mw03_s1_value.pt
saved learned planner -> /workspace/actors/trm_v4b_mw03_s1.pt
