CMD: train_lip_ac.py --cache /workspace/caches/tworoom_lewm_fs5.pt --cache-td /workspace/caches/tworoom_lewm_fs1.pt --h5 /workspace/caches/tworoom_play.h5 --wm lewm_tworoom
  --init-value /workspace/metrics/td_e0.1_n50.pt --horizon 5 --iters 8 --steps 8000 --n-step 50
  --expectile 0.1 --critic-lr 1e-3 --actor-lr 3e-4 --drop-z0 --drop-zg --no-gate --seed 0
/workspace/code/stable-worldmodel/stable_worldmodel/envs/__init__.py:215: UserWarning: ale-py not found; ALE/* envs are unavailable. Install with: pip install 'stable-worldmodel[env]' or pip install ale-py.
  from stable_worldmodel.envs import ale  # noqa: F401
2026-07-14 23:53:28.186 | INFO     | stable_worldmodel.wm.utils:_resolve_folder:138 - Loading checkpoint from folder /workspace/swm_home/checkpoints/lewm_tworoom...
/workspace/code/stable-worldmodel/stable_worldmodel/wm/utils.py:81: FutureWarning: You are using `torch.load` with `weights_only=False` (the current default value), which uses the default pickle module implicitly. It is possible to construct malicious pickle data which will execute arbitrary code during unpickling (See https://github.com/pytorch/pytorch/blob/main/SECURITY.md#untrusted-models for more details). In a future release, the default value for `weights_only` will be flipped to `True`. This limits the functions that could be executed during unpickling. Arbitrary objects will no longer be allowed to be loaded via this mode unless they are explicitly allowlisted by the user via `torch.serialization.add_safe_globals`. We recommend you start setting `weights_only=True` for any use case where you don't have full control of the loaded file. Please open an issue on GitHub for any issues related to this experimental feature.
  state_dict = torch.load(checkpoint_path, map_location='cpu')
23:53:32 | INFO  | atomic_chec~| [atomic_save] installed crash-safe checkpoint plugin (write to sibling .tmp + fsync + atomic rename)
23:53:32 | INFO  | utils.py    | Created ViT-tiny from scratch with config: {'hidden_size': 192, 'num_hidden_layers': 12, 'num_attention_heads': 3, 'intermediate_size': 768, 'image_size': 224, 'patch_size': 14}
step 0: E_final 19.776 E_first 16.859 td_loss 1.4048 tau 0.100 clr 1.00e-03 alr 3.00e-04
step 500: E_final 1.451 E_first 7.795 td_loss 1.4995 tau 0.100 clr 1.00e-03 alr 3.00e-04
step 1000: E_final 1.031 E_first 8.224 td_loss 1.3965 tau 0.100 clr 1.00e-03 alr 3.00e-04
step 1500: E_final 0.834 E_first 9.757 td_loss 1.4464 tau 0.100 clr 1.00e-03 alr 3.00e-04
step 2000: E_final 1.257 E_first 8.954 td_loss 1.4547 tau 0.100 clr 1.00e-03 alr 3.00e-04
step 2500: E_final 0.731 E_first 8.197 td_loss 1.4036 tau 0.100 clr 1.00e-03 alr 3.00e-04
step 3000: E_final 0.723 E_first 7.855 td_loss 1.3780 tau 0.100 clr 1.00e-03 alr 3.00e-04
step 3500: E_final 0.911 E_first 7.748 td_loss 1.3958 tau 0.100 clr 1.00e-03 alr 3.00e-04
step 4000: E_final 0.655 E_first 7.154 td_loss 1.3966 tau 0.100 clr 1.00e-03 alr 3.00e-04
step 4500: E_final 0.846 E_first 8.671 td_loss 1.4306 tau 0.100 clr 1.00e-03 alr 3.00e-04
step 5000: E_final 0.864 E_first 7.598 td_loss 1.3907 tau 0.100 clr 1.00e-03 alr 3.00e-04
step 5500: E_final 0.955 E_first 9.817 td_loss 1.3996 tau 0.100 clr 1.00e-03 alr 3.00e-04
step 6000: E_final 0.784 E_first 7.868 td_loss 1.4246 tau 0.100 clr 1.00e-03 alr 3.00e-04
step 6400: critic+teacher frozen for the remaining 1600 actor steps
step 6500: E_final 1.191 E_first 10.740 td_loss nan tau 0.100 clr 1.00e-03 alr 3.00e-04
step 7000: E_final 0.652 E_first 8.670 td_loss nan tau 0.100 clr 1.00e-03 alr 3.00e-04
step 7500: E_final 1.018 E_first 8.986 td_loss nan tau 0.100 clr 1.00e-03 alr 3.00e-04
saved teacher value -> /workspace/metrics/trm_min0_ng_s0_value.pt
saved learned planner -> /workspace/actors/trm_min0_ng_s0.pt
