[22:53:08] phase 0: WM smoke test
/workspace/code/stable-worldmodel/stable_worldmodel/envs/__init__.py:215: UserWarning: ale-py not found; ALE/* envs are unavailable. Install with: pip install 'stable-worldmodel[env]' or pip install ale-py.
  from stable_worldmodel.envs import ale  # noqa: F401
2026-07-14 22:53:12.156 | INFO     | stable_worldmodel.wm.utils:_resolve_folder:138 - Loading checkpoint from folder /workspace/swm_home/checkpoints/lewm_tworoom...
/workspace/code/stable-worldmodel/stable_worldmodel/wm/utils.py:81: FutureWarning: You are using `torch.load` with `weights_only=False` (the current default value), which uses the default pickle module implicitly. It is possible to construct malicious pickle data which will execute arbitrary code during unpickling (See https://github.com/pytorch/pytorch/blob/main/SECURITY.md#untrusted-models for more details). In a future release, the default value for `weights_only` will be flipped to `True`. This limits the functions that could be executed during unpickling. Arbitrary objects will no longer be allowed to be loaded via this mode unless they are explicitly allowlisted by the user via `torch.serialization.add_safe_globals`. We recommend you start setting `weights_only=True` for any use case where you don't have full control of the loaded file. Please open an issue on GitHub for any issues related to this experimental feature.
  state_dict = torch.load(checkpoint_path, map_location='cpu')
22:53:16 | INFO  | atomic_chec~| [atomic_save] installed crash-safe checkpoint plugin (write to sibling .tmp + fsync + atomic rename)
22:53:16 | INFO  | utils.py    | Created ViT-tiny from scratch with config: {'hidden_size': 192, 'num_hidden_layers': 12, 'num_attention_heads': 3, 'intermediate_size': 768, 'image_size': 224, 'patch_size': 14}
smoke: WM encode OK
[22:53:18] smoke OK
[22:53:18] phase 1a: collecting 1000 play episodes (seed 7)
[22:57:10] collected 1000 episodes
[22:57:10] phase 1b: building h5
[22:57:14] h5 built
[22:57:14] phase 1c: fs1 latent cache
[22:58:39] fs1 cache built
[22:58:39] phase 1d: fs5 subsample
[22:58:43] fs5 cache built
/workspace/caches/tworoom_lewm_fs1.pt {'z': (61349, 192), 'episode_idx': (61349,), 'step_idx': (61349,), 'state': (61349, 2), 'meta': {'wm': 'lewm_tworoom', 'dataset': 'tworoom_play.lance', 'device': 'cuda'}}
/workspace/caches/tworoom_lewm_fs5.pt {'z': (12504, 192), 'episode_idx': (12504,), 'step_idx': (12504,), 'state': (12504, 2), 'meta': {'wm': 'lewm_tworoom', 'dataset': 'tworoom_play.lance', 'device': 'cuda', 'frameskip': 5, 'horizon_matched': True}}
[22:58:44] PHASE1 DONE
