[0715-19:25:08] waiting for repo sync...
[0715-19:25:38] waiting for repo sync...
[0715-19:26:08] waiting for repo sync...
[0715-19:26:38] waiting for repo sync...
[0715-19:27:08] waiting for repo sync...
[0715-19:27:38] waiting for repo sync...
[0715-19:28:08] waiting for repo sync...
[0715-19:28:38] waiting for repo sync...
[0715-19:29:08] waiting for repo sync...
[0715-19:29:38] waiting for repo sync...
[0715-19:30:08] waiting for repo sync...
[0715-19:30:38] waiting for repo sync...
[0715-19:31:08] waiting for repo sync...
[0715-19:31:38] waiting for repo sync...
[0715-19:32:08] waiting for repo sync...
[0715-19:32:38] waiting for repo sync...
[0715-19:33:08] waiting for repo sync...
[0715-19:33:38] waiting for repo sync...
[0715-19:34:08] waiting for repo sync...
[0715-19:34:38] waiting for repo sync...
[0715-19:35:08] waiting for repo sync...
[0715-19:35:38] waiting for repo sync...
[0715-19:36:08] waiting for repo sync...
[0715-19:36:38] waiting for repo sync...
[0715-19:37:08] waiting for repo sync...
[0715-19:37:38] waiting for repo sync...
[0715-19:38:08] waiting for repo sync...
[0715-19:38:38] waiting for repo sync...
[0715-19:39:08] waiting for repo sync...
[0715-19:39:38] waiting for repo sync...
[0715-19:40:08] waiting for repo sync...
[0715-19:40:38] waiting for repo sync...
[0715-19:41:08] waiting for repo sync...
[0715-19:41:38] waiting for repo sync...
[0715-19:42:08] waiting for repo sync...
[0715-19:42:38] waiting for repo sync...
[0715-19:43:08] waiting for repo sync...
[0715-19:43:38] waiting for repo sync...
[0715-19:44:08] waiting for repo sync...
[0715-19:44:38] waiting for repo sync...
[0715-19:45:08] waiting for repo sync...
[0715-19:45:38] waiting for repo sync...
[0715-19:46:08] waiting for repo sync...
[0715-19:46:38] waiting for repo sync...
[0715-19:47:08] waiting for repo sync...
[0715-19:47:38] waiting for repo sync...
[0715-19:48:08] waiting for repo sync...
[0715-19:48:38] waiting for repo sync...
[0715-19:49:08] waiting for repo sync...
[0715-19:49:38] waiting for repo sync...
[0715-19:50:08] waiting for repo sync...
[0715-19:50:38] waiting for repo sync...
[0715-19:51:08] waiting for repo sync...
[0715-19:51:38] waiting for repo sync...
[0715-19:52:08] waiting for repo sync...
[0715-19:52:38] waiting for repo sync...
[0715-19:53:08] waiting for repo sync...
[0715-19:53:38] waiting for repo sync...
[0715-19:54:08] waiting for repo sync...
[0715-19:54:38] waiting for repo sync...
[0715-19:55:08] waiting for repo sync...
[0715-19:55:38] waiting for repo sync...
[0715-19:56:08] waiting for repo sync...
[0715-19:56:38] waiting for repo sync...
[0715-19:57:08] waiting for repo sync...
[0715-19:57:38] waiting for repo sync...
[0715-19:58:08] waiting for repo sync...
[0715-19:58:38] waiting for repo sync...
[0715-19:59:08] waiting for repo sync...
[0715-19:59:38] waiting for repo sync...
[0715-20:00:08] waiting for repo sync...
[0715-20:00:38] waiting for repo sync...
[0715-20:01:08] waiting for repo sync...
[0715-20:01:38] waiting for repo sync...
[0715-20:02:08] waiting for repo sync...
[0715-20:02:38] waiting for repo sync...
[0715-20:03:08] waiting for repo sync...
[0715-20:03:38] waiting for repo sync...
[0715-20:04:08] waiting for repo sync...
[0715-20:04:38] waiting for repo sync...
[0715-20:05:08] waiting for repo sync...
[0715-20:05:38] waiting for repo sync...
[0715-20:06:09] waiting for repo sync...
[0715-20:06:39] waiting for repo sync...
[0715-20:07:09] waiting for repo sync...
[0715-20:07:39] waiting for repo sync...
[0715-20:08:09] waiting for repo sync...
[0715-20:08:39] waiting for repo sync...
[0715-20:09:09] waiting for repo sync...
[0715-20:09:39] waiting for repo sync...
[0715-20:10:09] waiting for repo sync...
[0715-20:10:39] waiting for repo sync...
[0715-20:11:09] waiting for repo sync...
[0715-20:11:39] waiting for repo sync...
[0715-20:12:09] waiting for repo sync...
[0715-20:12:39] waiting for repo sync...
[0715-20:13:09] waiting for repo sync...
[0715-20:13:39] waiting for repo sync...
[0715-20:14:09] waiting for repo sync...
[0715-20:14:39] waiting for repo sync...
[0715-20:15:09] waiting for repo sync...
[0715-20:15:39] waiting for repo sync...
[0715-20:16:09] waiting for repo sync...
[0715-20:16:39] waiting for repo sync...
[0715-20:17:09] waiting for repo sync...
[0715-20:17:39] waiting for repo sync...
[0715-20:18:09] waiting for repo sync...
[0715-20:18:39] waiting for repo sync...
[0715-20:19:09] waiting for repo sync...
[0715-20:19:39] waiting for repo sync...
[0715-20:20:09] waiting for repo sync...
[0715-20:20:39] waiting for repo sync...
[0715-20:21:09] waiting for repo sync...
[0715-20:21:39] waiting for repo sync...
[0715-20:22:09] waiting for repo sync...
[0715-20:22:39] waiting for repo sync...
[0715-20:23:09] waiting for repo sync...
[0715-20:23:39] waiting for repo sync...
[0715-20:24:09] waiting for repo sync...
[0715-20:24:39] waiting for repo sync...
[0715-20:25:09] waiting for repo sync...
[0715-20:25:39] waiting for repo sync...
[0715-20:26:09] waiting for repo sync...
[0715-20:26:39] waiting for repo sync...
[0715-20:27:09] waiting for repo sync...
[0715-20:27:39] waiting for repo sync...
[0715-20:28:09] waiting for repo sync...
[0715-20:28:39] waiting for repo sync...
[0715-20:29:09] waiting for repo sync...
[0715-20:29:39] waiting for repo sync...
[0715-20:30:09] waiting for repo sync...
[0715-20:30:39] waiting for repo sync...
[0715-20:31:09] waiting for repo sync...
[0715-20:31:39] waiting for repo sync...
[0715-20:32:09] waiting for repo sync...
[0715-20:32:39] waiting for repo sync...
[0715-20:33:09] waiting for repo sync...
[0715-20:33:39] waiting for repo sync...
[0715-20:34:09] waiting for repo sync...
[0715-20:34:39] waiting for repo sync...
[0715-20:35:09] waiting for repo sync...
[0715-20:35:39] waiting for repo sync...
[0715-20:36:09] waiting for repo sync...
[0715-20:36:39] waiting for repo sync...
[0715-20:37:09] waiting for repo sync...
[0715-20:37:39] waiting for repo sync...
[0715-20:38:09] waiting for repo sync...
[0715-20:38:39] waiting for repo sync...
[0715-20:39:09] waiting for repo sync...
[0715-20:39:39] waiting for repo sync...
[0715-20:40:09] waiting for repo sync...
[0715-20:40:39] waiting for repo sync...
[0715-20:41:09] waiting for repo sync...
[0715-20:41:39] waiting for repo sync...
[0715-20:42:09] waiting for repo sync...
[0715-20:42:39] waiting for repo sync...
[0715-20:43:09] waiting for repo sync...
[0715-20:43:39] waiting for repo sync...
[0715-20:44:09] waiting for repo sync...
[0715-20:44:39] waiting for repo sync...
[0715-20:45:09] waiting for repo sync...
[0715-20:45:39] waiting for repo sync...
[0715-20:46:09] waiting for repo sync...
[0715-20:46:39] waiting for repo sync...
[0715-20:47:09] waiting for repo sync...
[0715-20:47:39] waiting for repo sync...
[0715-20:48:09] waiting for repo sync...
[0715-20:48:39] waiting for repo sync...
[0715-20:49:09] waiting for repo sync...
[0715-20:49:39] waiting for repo sync...
[0715-20:50:09] waiting for repo sync...
[0715-20:50:39] waiting for repo sync...
[0715-20:51:09] waiting for repo sync...
[0715-20:51:39] waiting for repo sync...
[0715-20:52:09] waiting for repo sync...
[0715-20:52:39] waiting for repo sync...
[0715-20:53:09] waiting for repo sync...
[0715-20:53:39] waiting for repo sync...
[0715-20:54:09] waiting for repo sync...
[0715-20:54:39] waiting for repo sync...
[0715-20:55:09] waiting for repo sync...
[0715-20:55:39] waiting for repo sync...
[0715-20:56:09] waiting for repo sync...
[0715-20:56:39] phase 0: anchors (champion s43 expect 96.0 exact; TD+CEM s42 expect 82) + TD recipe validation
[0715-21:01:55] anchors: champion s43 = 96.0 (ref 96.0) | tdcem s42 = 82.0 (ref 82) | tdval: keys_equal True max|dW| 0.465256 behav_corr 0.97904 mean mine/ref 38.62/39.31
[0715-21:01:55] phase 1: prep (wait h5 -> ft shards -> merge -> ft TD -> neg merges)
[0715-21:01:55] h5 verified complete
[0715-21:06:55] ft caches built: fs1 2010000 rows -> /workspace/caches/cube_ftm_fs1.pt; fs5 410000 rows -> /workspace/caches/cube_ftm_fs5.pt
[0715-21:06:55] training ft TD warm-start (t003 n50)
[0715-21:09:13] waiting for negative caches from pod a...
[0715-21:10:13] waiting for negative caches from pod a...
[0715-21:11:13] waiting for negative caches from pod a...
[0715-21:12:13] waiting for negative caches from pod a...
[0715-21:13:13] waiting for negative caches from pod a...
[0715-21:14:13] waiting for negative caches from pod a...
[0715-21:15:13] waiting for negative caches from pod a...
[0715-21:16:13] waiting for negative caches from pod a...
[0715-21:17:13] waiting for negative caches from pod a...
[0715-21:18:13] waiting for negative caches from pod a...
[0715-21:19:13] waiting for negative caches from pod a...
[0715-21:20:13] waiting for negative caches from pod a...
[0715-21:21:13] waiting for negative caches from pod a...
[0715-21:22:13] waiting for negative caches from pod a...
[0715-21:23:13] waiting for negative caches from pod a...
[0715-21:24:13] waiting for negative caches from pod a...
[0715-21:25:13] waiting for negative caches from pod a...
[0715-21:26:13] waiting for negative caches from pod a...
[0715-21:27:13] waiting for negative caches from pod a...
[0715-21:28:13] waiting for negative caches from pod a...
[0715-21:29:13] waiting for negative caches from pod a...
[0715-21:30:13] waiting for negative caches from pod a...
[0715-21:31:13] waiting for negative caches from pod a...
[0715-21:32:13] waiting for negative caches from pod a...
[0715-21:33:13] waiting for negative caches from pod a...
[0715-21:34:13] waiting for negative caches from pod a...
[0715-21:35:13] waiting for negative caches from pod a...
[0715-21:36:13] waiting for negative caches from pod a...
[0715-21:37:13] waiting for negative caches from pod a...
[0715-21:38:13] waiting for negative caches from pod a...
[0715-21:39:13] waiting for negative caches from pod a...
[0715-21:40:13] waiting for negative caches from pod a...
[0715-21:41:13] waiting for negative caches from pod a...
[0715-21:42:13] waiting for negative caches from pod a...
[0715-21:43:13] waiting for negative caches from pod a...
[0715-21:44:13] waiting for negative caches from pod a...
[0715-21:45:13] waiting for negative caches from pod a...
[0715-21:46:13] waiting for negative caches from pod a...
[0715-21:47:13] waiting for negative caches from pod a...
[0715-21:48:13] waiting for negative caches from pod a...
[0715-21:49:13] waiting for negative caches from pod a...
[0715-21:50:13] waiting for negative caches from pod a...
[0715-21:51:13] waiting for negative caches from pod a...
[0715-21:52:13] waiting for negative caches from pod a...
[0715-21:53:13] waiting for negative caches from pod a...
[0715-21:54:13] waiting for negative caches from pod a...
[0715-21:55:13] waiting for negative caches from pod a...
[0715-21:56:13] waiting for negative caches from pod a...
[0715-21:57:13] waiting for negative caches from pod a...
[0715-21:58:13] waiting for negative caches from pod a...
[0715-21:59:13] waiting for negative caches from pod a...
[0715-22:00:13] waiting for negative caches from pod a...
[0715-22:01:13] waiting for negative caches from pod a...
[0715-22:02:13] waiting for negative caches from pod a...
[0715-22:03:13] waiting for negative caches from pod a...
[0715-22:04:13] waiting for negative caches from pod a...
[0715-22:05:56] neg merges: 4/4 done
[0715-22:05:56] phase 2: screen 10 arms seed 0 (3-draw each) + CEM-on-ftWM diagnostic
[0715-22:05:57] train ftnegx10_s0: start gpu0 [--arch v4 | ctd=cube_ftm_fs1_negx10.pt]
[0715-22:05:56] train ftneg0_s0: start gpu2 [--arch v4 | ctd=cube_ftm_fs1.pt]
[0715-22:05:57] train v2neg0_s0: start gpu1 [--arch v4 | ctd=cube_full_fs1.pt]
[0715-22:05:57] train v2negx10_s0: start gpu3 [--arch v4 | ctd=cube_v2_fs1_negx10.pt]
[0715-22:13:34] cem-diag s42: 74.0 (v2 refs: 82/90/66)
[0715-22:18:20] cem-diag s43: 88.0 (v2 refs: 82/90/66)
[0715-22:24:12] cem-diag s44: 66.0 (v2 refs: 82/90/66)
[0715-23:40:40] train v2negx10_s0: done, E_final 4.903 (indicator only)
[0715-23:45:34] eval lipft_v2negx10_s0_h25_s42: 88.0
[0715-23:48:12] train ftnegx10_s0: done, E_final 7.629 (indicator only)
[0715-23:49:16] train ftneg0_s0: done, E_final 8.023 (indicator only)
[0715-23:49:50] eval lipft_v2negx10_s0_h25_s43: 90.0
[0715-23:52:07] train v2neg0_s0: done, E_final 2.921 (indicator only)
[0715-23:53:28] eval lipft_ftnegx10_s0_h25_s42: 64.0
[0715-23:54:26] eval lipft_ftneg0_s0_h25_s42: 62.0
[0715-23:54:31] eval lipft_v2negx10_s0_h25_s44: 70.0
[0715-23:54:31] train ftnx10ax25_s0: start gpu3 [--arch v4 --amax 2.5 | ctd=cube_ftm_fs1_negx10.pt]
[0715-23:56:54] eval lipft_v2neg0_s0_h25_s42: 86.0
[0715-23:58:01] eval lipft_ftnegx10_s0_h25_s43: 82.0
[0715-23:59:08] eval lipft_ftneg0_s0_h25_s43: 76.0
[0716-00:00:39] eval lipft_v2neg0_s0_h25_s43: 96.0
[0716-00:03:27] eval lipft_ftnegx10_s0_h25_s44: 60.0
[0716-00:03:27] train v2negx30_s0: start gpu0 [--arch v4 | ctd=cube_v2_fs1_negx30.pt]
[0716-00:04:29] eval lipft_ftneg0_s0_h25_s44: 62.0
[0716-00:04:29] train ftnx10ax30_s0: start gpu2 [--arch v4 --amax 3.0 | ctd=cube_ftm_fs1_negx10.pt]
[0716-00:05:14] eval lipft_v2neg0_s0_h25_s44: 78.0
[0716-00:05:14] train ftnegx30_s0: start gpu1 [--arch v4 | ctd=cube_ftm_fs1_negx30.pt]
[0716-00:17:18] latent-cem-ft s42: 76.0
[0716-00:21:48] latent-cem-ft s43: 86.0
[0716-00:27:40] latent-cem-ft s44: 64.0
[0716-00:27:40] latent-cem-ft diagnostic complete
[0716-01:26:42] train ftnx10ax25_s0: done, E_final 8.471 (indicator only)
[0716-01:31:59] eval lipft_ftnx10ax25_s0_h25_s42: 66.0
[0716-01:36:32] eval lipft_ftnx10ax25_s0_h25_s43: 78.0
[0716-01:40:41] train ftnegx30_s0: done, E_final 7.979 (indicator only)
[0716-01:41:47] eval lipft_ftnx10ax25_s0_h25_s44: 60.0
[0716-01:41:47] gpu3 screen queue done
[0716-01:44:33] train ftnx10ax30_s0: done, E_final 7.893 (indicator only)
[0716-01:45:56] eval lipft_ftnegx30_s0_h25_s42: 64.0
[0716-01:46:34] train v2negx30_s0: done, E_final 4.638 (indicator only)
[0716-01:49:43] eval lipft_ftnx10ax30_s0_h25_s42: 64.0
[0716-01:50:36] eval lipft_ftnegx30_s0_h25_s43: 78.0
[0716-01:51:23] eval lipft_v2negx30_s0_h25_s42: 82.0
[0716-01:54:11] eval lipft_ftnx10ax30_s0_h25_s43: 78.0
[0716-01:55:38] eval lipft_v2negx30_s0_h25_s43: 94.0
[0716-01:56:13] eval lipft_ftnegx30_s0_h25_s44: 56.00000000000001
[0716-01:56:13] train ftnx108k_s0: start gpu1 [--arch v4 --steps 8000 | ctd=cube_ftm_fs1_negx10.pt]
[0716-01:59:40] eval lipft_ftnx10ax30_s0_h25_s44: 56.00000000000001
[0716-01:59:40] gpu2 screen queue done
[0716-02:00:26] eval lipft_v2negx30_s0_h25_s44: 76.0
[0716-02:00:26] train ftnx10gate_s0: start gpu0 [--arch mlp --drop-z0 --drop-zg | ctd=cube_ftm_fs1_negx10.pt]
[0716-03:36:09] train ftnx10gate_s0: done, E_final 5.829 (indicator only)
[0716-03:40:55] eval lipft_ftnx10gate_s0_h25_s42: 76.0
[0716-03:45:10] eval lipft_ftnx10gate_s0_h25_s43: 86.0
[0716-03:50:07] eval lipft_ftnx10gate_s0_h25_s44: 62.0
[0716-03:50:07] gpu0 screen queue done
[0716-04:03:54] train ftnx108k_s0: done, E_final 8.151 (indicator only)
[0716-04:08:42] eval lipft_ftnx108k_s0_h25_s42: 66.0
[0716-04:13:05] eval lipft_ftnx108k_s0_h25_s43: 80.0
[0716-04:18:09] eval lipft_ftnx108k_s0_h25_s44: 62.0
[0716-04:18:09] gpu1 screen queue done
[0716-04:18:09] === screen ranking (3-draw mean, seed 0; refs: min0 87.8 / champion 88.0 / ceiling-with-core-unfixed 90.7) ===
[0716-04:18:09]   v2neg0: 86.7
[0716-04:18:09]   v2negx10: 82.7
[0716-04:18:09]   v2negx30: 84.0
[0716-04:18:09]   ftneg0: 66.7
[0716-04:18:09]   ftnegx10: 68.7
[0716-04:18:09]   ftnegx30: 66.0
[0716-04:18:09]   ftnx10ax30: 66.0
[0716-04:18:09]   ftnx10ax25: 68.0
[0716-04:18:09]   ftnx10gate: 74.7
[0716-04:18:09]   ftnx108k: 69.3
[0716-04:18:09] auto-confirm: ranking top3 = v2neg0 v2negx30 v2negx10  (best 86.7)
[0716-04:18:09] train v2negx10_s1: start gpu2 [--arch v4 | ctd=cube_v2_fs1_negx10.pt]
[0716-04:18:09] train v2negx30_s1: start gpu1 [--arch v4 | ctd=cube_v2_fs1_negx30.pt]
[0716-04:18:09] train v2neg0_s1: start gpu0 [--arch v4 | ctd=cube_full_fs1.pt]
[0716-05:15:54] ft2 phase A: smoke + caches + TD + negatives
[0716-05:22:50] ft2 caches: fs1 2010000 rows -> /workspace/caches/cube_ft2_fs1.pt; fs5 410000 rows -> /workspace/caches/cube_ft2_fs5.pt
[0716-05:22:50] ft2 TD warm-start training
[0716-05:25:17] ft2 negatives encode
[0716-05:25:39] ft2 prep done
[0716-05:25:39] train ft2neg0_s0: start gpu1 [--arch v4 | ctd=cube_ft2_fs1.pt]
[0716-05:25:39] train ft2nx10gate_s0: start gpu3 [--arch mlp --drop-z0 --drop-zg | ctd=cube_ft2_fs1_negx10.pt]
[0716-05:25:39] train ft2negx10_s0: start gpu2 [--arch v4 | ctd=cube_ft2_fs1_negx10.pt]
[0716-05:30:12] ft2 latent-cem s42: 78.0 (ft1: 76/86/64, v2ref ~80/84/62)
[0716-05:31:08] ft2 td-cem s42: 82.0 (ft1: 74/88/66, v2: 82/90/66)
[0716-05:34:51] ft2 latent-cem s43: 88.0 (ft1: 76/86/64, v2ref ~80/84/62)
[0716-05:36:15] ft2 td-cem s43: 86.0 (ft1: 74/88/66, v2: 82/90/66)
[0716-05:39:51] ft2 latent-cem s44: 64.0 (ft1: 76/86/64, v2ref ~80/84/62)
[0716-05:41:10] ft2 td-cem s44: FAIL (ft1: 74/88/66, v2: 82/90/66)
[0716-05:47:12] train v2negx10_s1: done, E_final 3.229 (indicator only)
[0716-05:51:03] train v2neg0_s1: done, E_final 3.090 (indicator only)
[0716-05:51:59] eval lipft_v2negx10_s1_h25_s42: 82.0
[0716-05:55:43] eval lipft_v2neg0_s1_h25_s42: 88.0
[0716-05:55:48] eval lipft_v2negx10_s1_h25_s43: 90.0
[0716-05:58:15] train v2negx30_s1: done, E_final 4.091 (indicator only)
[0716-05:59:37] eval lipft_v2neg0_s1_h25_s43: 96.0
[0716-06:00:24] eval lipft_v2negx10_s1_h25_s44: 72.0
[0716-06:02:28] eval lipft_v2negx30_s1_h25_s42: 78.0
[0716-06:03:59] eval lipft_v2neg0_s1_h25_s44: 80.0
[0716-06:06:47] eval lipft_v2negx30_s1_h25_s43: 88.0
[0716-06:12:12] eval lipft_v2negx30_s1_h25_s44: 64.0
[0716-06:12:12] train v2neg0_s2: start gpu0 [--arch v4 | ctd=cube_full_fs1.pt]
[0716-06:12:12] train v2negx10_s2: start gpu2 [--arch v4 | ctd=cube_v2_fs1_negx10.pt]
[0716-06:12:12] train v2negx30_s2: start gpu1 [--arch v4 | ctd=cube_v2_fs1_negx30.pt]
[0716-07:03:12] train ft2neg0_s0: done, E_final 7.186 (indicator only)
[0716-07:05:57] train ft2nx10gate_s0: done, E_final 4.388 (indicator only)
[0716-07:08:03] eval lipft_ft2neg0_s0_h25_s42: 74.0
[0716-07:09:48] train ft2negx10_s0: done, E_final 6.726 (indicator only)
[0716-07:10:43] eval lipft_ft2nx10gate_s0_h25_s42: 86.0
[0716-07:12:49] eval lipft_ft2neg0_s0_h25_s43: 82.0
[0716-07:15:05] eval lipft_ft2nx10gate_s0_h25_s43: 94.0
[0716-07:15:20] eval lipft_ft2negx10_s0_h25_s42: 64.0
[0716-07:17:43] eval lipft_ft2neg0_s0_h25_s44: 66.0
[0716-07:19:14] eval lipft_ft2nx10gate_s0_h25_s44: 86.0
[0716-07:19:49] eval lipft_ft2negx10_s0_h25_s43: 82.0
[0716-07:25:05] eval lipft_ft2negx10_s0_h25_s44: 64.0
[0716-07:25:05] === ft2 line results (ft1 refs: neg0 66.7 / negx10 68.7 / nx10gate 74.7; v2neg0 86.7) ===
[0716-07:25:05]   ft2neg0: 74.0/82.0/66.0 = 74.0
[0716-07:25:05]   ft2negx10: 64.0/82.0/64.0 = 70.0
[0716-07:25:05]   ft2nx10gate: 86.0/94.0/86.0 = 88.7
=== ft2 per-episode core-task analysis (vs v2neg0 control) ===
s42 ft2neg0     fails(13) core_FIXED=[27] core_still=[11, 14, 17, 38] new_vs_v2neg0=[0, 1, 6, 9, 24, 29, 31, 32, 46]
s42 ft2negx10   fails(18) core_FIXED=[] core_still=[11, 14, 17, 27, 38] new_vs_v2neg0=[0, 1, 5, 6, 7, 24, 25, 26, 29, 31, 32, 46]
s42 ft2nx10gate fails( 7) core_FIXED=[] core_still=[11, 14, 17, 27, 38] new_vs_v2neg0=[31]
s42 cemft2      fails( 9) core_FIXED=[27] core_still=[11, 14, 17, 38] new_vs_v2neg0=[1, 18, 31]
s42 latft2      fails(11) core_FIXED=[] core_still=[11, 14, 17, 27, 38] new_vs_v2neg0=[1, 6, 7, 9, 31]
s43 ft2neg0     fails( 9) core_FIXED=[] core_still=[8, 25] new_vs_v2neg0=[4, 12, 19, 20, 27, 29, 44]
s43 ft2negx10   fails( 9) core_FIXED=[] core_still=[8, 25] new_vs_v2neg0=[4, 19, 20, 27, 29, 43, 44]
s43 ft2nx10gate fails( 3) core_FIXED=[] core_still=[8, 25] new_vs_v2neg0=[34]
s43 cemft2      fails( 7) core_FIXED=[] core_still=[8, 25] new_vs_v2neg0=[9, 10, 29, 30, 39]
s43 latft2      fails( 6) core_FIXED=[] core_still=[8, 25] new_vs_v2neg0=[4, 12, 20, 44]
s44 ft2neg0     fails(17) core_FIXED=[23] core_still=[12, 13, 24, 29, 31, 46] new_vs_v2neg0=[1, 7, 11, 17, 27, 28, 33, 44]
s44 ft2negx10   fails(18) core_FIXED=[] core_still=[12, 13, 23, 24, 29, 31, 46] new_vs_v2neg0=[1, 7, 16, 17, 28, 33, 34, 44]
s44 ft2nx10gate fails( 7) core_FIXED=[29, 31] core_still=[12, 13, 23, 24, 46] new_vs_v2neg0=[7, 14]
s44 latft2      fails(18) core_FIXED=[] core_still=[12, 13, 23, 24, 29, 31, 46] new_vs_v2neg0=[7, 14, 15, 21, 27, 28, 33, 44]
[0716-07:25:05] FT2_LINE_DONE
[0716-07:41:50] train v2negx10_s2: done, E_final 2.713 (indicator only)
[0716-07:41:55] train v2negx30_s2: done, E_final 3.191 (indicator only)
[0716-07:42:43] train v2neg0_s2: done, E_final 2.592 (indicator only)
[0716-07:46:42] eval lipft_v2negx10_s2_h25_s42: 84.0
[0716-07:46:43] eval lipft_v2negx30_s2_h25_s42: 80.0
[0716-07:47:30] eval lipft_v2neg0_s2_h25_s42: 90.0
[0716-07:51:14] eval lipft_v2negx30_s2_h25_s43: 96.0
[0716-07:51:21] eval lipft_v2negx10_s2_h25_s43: 94.0
[0716-07:51:57] eval lipft_v2neg0_s2_h25_s43: 96.0
[0716-07:56:20] eval lipft_v2negx30_s2_h25_s44: 74.0
[0716-07:56:31] eval lipft_v2negx10_s2_h25_s44: 74.0
[0716-07:56:50] eval lipft_v2neg0_s2_h25_s44: 78.0
[0716-07:56:50] confirmed v2neg0: s0=86.7 s1=88.0 s2=88.0
[0716-07:56:51] confirmed v2negx30: s0=84.0 s1=76.7 s2=83.3
[0716-07:56:51] confirmed v2negx10: s0=82.7 s1=81.3 s2=84.0
[0716-07:56:51] CAMPAIGN_DONE
[0716-08:48:48] train ft2nx10gate_s1: start gpu0 [gate confirm]
[0716-08:48:48] train v2nx10gate_s1: start gpu3 [gate confirm]
[0716-08:48:48] train ft2nx10gate_s2: start gpu1 [gate confirm]
[0716-08:48:48] train v2nx10gate_s0: start gpu2 [gate confirm]
[0716-08:54:09] ft2 td-cem s44: 80.0 (ft1: 74/88/66, v2: 82/90/66)
[0716-08:54:09] === ft2 line results (ft1 refs: neg0 66.7 / negx10 68.7 / nx10gate 74.7; v2neg0 86.7) ===
[0716-08:54:09]   ft2neg0: 74.0/82.0/66.0 = 74.0
[0716-08:54:09]   ft2negx10: 64.0/82.0/64.0 = 70.0
[0716-08:54:09]   ft2nx10gate: 86.0/94.0/86.0 = 88.7
=== ft2 per-episode core-task analysis (vs v2neg0 control) ===
s42 ft2neg0     fails(13) core_FIXED=[27] core_still=[11, 14, 17, 38] new_vs_v2neg0=[0, 1, 6, 9, 24, 29, 31, 32, 46]
s42 ft2negx10   fails(18) core_FIXED=[] core_still=[11, 14, 17, 27, 38] new_vs_v2neg0=[0, 1, 5, 6, 7, 24, 25, 26, 29, 31, 32, 46]
s42 ft2nx10gate fails( 7) core_FIXED=[] core_still=[11, 14, 17, 27, 38] new_vs_v2neg0=[31]
s42 cemft2      fails( 9) core_FIXED=[27] core_still=[11, 14, 17, 38] new_vs_v2neg0=[1, 18, 31]
s42 latft2      fails(11) core_FIXED=[] core_still=[11, 14, 17, 27, 38] new_vs_v2neg0=[1, 6, 7, 9, 31]
s43 ft2neg0     fails( 9) core_FIXED=[] core_still=[8, 25] new_vs_v2neg0=[4, 12, 19, 20, 27, 29, 44]
s43 ft2negx10   fails( 9) core_FIXED=[] core_still=[8, 25] new_vs_v2neg0=[4, 19, 20, 27, 29, 43, 44]
s43 ft2nx10gate fails( 3) core_FIXED=[] core_still=[8, 25] new_vs_v2neg0=[34]
s43 cemft2      fails( 7) core_FIXED=[] core_still=[8, 25] new_vs_v2neg0=[9, 10, 29, 30, 39]
s43 latft2      fails( 6) core_FIXED=[] core_still=[8, 25] new_vs_v2neg0=[4, 12, 20, 44]
s44 ft2neg0     fails(17) core_FIXED=[23] core_still=[12, 13, 24, 29, 31, 46] new_vs_v2neg0=[1, 7, 11, 17, 27, 28, 33, 44]
s44 ft2negx10   fails(18) core_FIXED=[] core_still=[12, 13, 23, 24, 29, 31, 46] new_vs_v2neg0=[1, 7, 16, 17, 28, 33, 34, 44]
s44 ft2nx10gate fails( 7) core_FIXED=[29, 31] core_still=[12, 13, 23, 24, 46] new_vs_v2neg0=[7, 14]
s44 cemft2      fails(10) core_FIXED=[13] core_still=[12, 23, 24, 29, 31, 46] new_vs_v2neg0=[21]
s44 latft2      fails(18) core_FIXED=[] core_still=[12, 13, 23, 24, 29, 31, 46] new_vs_v2neg0=[7, 14, 15, 21, 27, 28, 33, 44]
[0716-08:54:10] FT2_LINE_DONE
[0716-10:21:15] train ft2nx10gate_s1: done
[0716-10:25:58] eval lipft_ft2nx10gate_s1_h25_s42: 90.0
[0716-10:29:09] train v2nx10gate_s0: done
[0716-10:29:39] eval lipft_ft2nx10gate_s1_h25_s43: 100.0
[0716-10:29:49] train v2nx10gate_s1: done
[0716-10:30:29] train ft2nx10gate_s2: done
[0716-10:33:58] eval lipft_v2nx10gate_s0_h25_s42: 86.0
[0716-10:34:38] eval lipft_ft2nx10gate_s1_h25_s44: 92.0
[0716-10:35:00] eval lipft_v2nx10gate_s1_h25_s42: 86.0
[0716-10:35:36] eval lipft_ft2nx10gate_s2_h25_s42: 80.0
[0716-10:38:03] eval lipft_v2nx10gate_s0_h25_s43: 94.0
[0716-10:39:15] eval lipft_v2nx10gate_s1_h25_s43: 88.0
[0716-10:39:46] eval lipft_ft2nx10gate_s2_h25_s43: 90.0
[0716-10:43:16] eval lipft_v2nx10gate_s0_h25_s44: 78.0
[0716-10:44:16] eval lipft_ft2nx10gate_s2_h25_s44: 86.0
[0716-10:44:18] eval lipft_v2nx10gate_s1_h25_s44: 80.0
[0716-10:44:18] gateconfirm ft2nx10gate_s0: 86.0/94.0/86.0 = 88.7
[0716-10:44:18] gateconfirm ft2nx10gate_s1: 90.0/100.0/92.0 = 94.0
[0716-10:44:18] gateconfirm ft2nx10gate_s2: 80.0/90.0/86.0 = 85.3
[0716-10:44:18] gateconfirm v2nx10gate_s0: 86.0/94.0/78.0 = 86.0
[0716-10:44:18] gateconfirm v2nx10gate_s1: 86.0/88.0/80.0 = 84.7
[0716-10:44:18] GATE_CONFIRM_DONE
